Archive member included to satisfy reference by file (symbol)

/Applications/ArmGNUToolchain/15.2.rel1/arm-none-eabi/bin/../lib/gcc/arm-none-eabi/15.2.1/thumb/v6-m/nofp/libgcc.a(_dvmd_tls.o)
                              CMakeFiles/02_control.dir/Users/milanatroanova/Repositories/pico/pico-sdk/src/rp2_common/pico_divider/divider_hardware.S.o (__aeabi_idiv0)
/Applications/ArmGNUToolchain/15.2.rel1/arm-none-eabi/bin/../lib/gcc/arm-none-eabi/15.2.1/../../../../arm-none-eabi/lib/thumb/v6-m/nofp/libg.a(libc_a-calloc.o)
                              CMakeFiles/02_control.dir/Users/milanatroanova/Repositories/pico/pico-sdk/src/rp2_common/pico_malloc/malloc.c.o (calloc)
/Applications/ArmGNUToolchain/15.2.rel1/arm-none-eabi/bin/../lib/gcc/arm-none-eabi/15.2.1/../../../../arm-none-eabi/lib/thumb/v6-m/nofp/libg.a(libc_a-callocr.o)
                              /Applications/ArmGNUToolchain/15.2.rel1/arm-none-eabi/bin/../lib/gcc/arm-none-eabi/15.2.1/../../../../arm-none-eabi/lib/thumb/v6-m/nofp/libg.a(libc_a-calloc.o) (_calloc_r)
/Applications/ArmGNUToolchain/15.2.rel1/arm-none-eabi/bin/../lib/gcc/arm-none-eabi/15.2.1/../../../../arm-none-eabi/lib/thumb/v6-m/nofp/libg.a(libc_a-malloc.o)
                              CMakeFiles/02_control.dir/Users/milanatroanova/Repositories/pico/pico-sdk/src/rp2_common/pico_malloc/malloc.c.o (malloc)
/Applications/ArmGNUToolchain/15.2.rel1/arm-none-eabi/bin/../lib/gcc/arm-none-eabi/15.2.1/../../../../arm-none-eabi/lib/thumb/v6-m/nofp/libg.a(libc_a-mallocr.o)
                              /Applications/ArmGNUToolchain/15.2.rel1/arm-none-eabi/bin/../lib/gcc/arm-none-eabi/15.2.1/../../../../arm-none-eabi/lib/thumb/v6-m/nofp/libg.a(libc_a-callocr.o) (_malloc_r)
/Applications/ArmGNUToolchain/15.2.rel1/arm-none-eabi/bin/../lib/gcc/arm-none-eabi/15.2.1/../../../../arm-none-eabi/lib/thumb/v6-m/nofp/libg.a(libc_a-mlock.o)
                              /Applications/ArmGNUToolchain/15.2.rel1/arm-none-eabi/bin/../lib/gcc/arm-none-eabi/15.2.1/../../../../arm-none-eabi/lib/thumb/v6-m/nofp/libg.a(libc_a-mallocr.o) (__malloc_lock)
/Applications/ArmGNUToolchain/15.2.rel1/arm-none-eabi/bin/../lib/gcc/arm-none-eabi/15.2.1/../../../../arm-none-eabi/lib/thumb/v6-m/nofp/libg.a(libc_a-realloc.o)
                              CMakeFiles/02_control.dir/Users/milanatroanova/Repositories/pico/pico-sdk/src/rp2_common/pico_malloc/malloc.c.o (realloc)
/Applications/ArmGNUToolchain/15.2.rel1/arm-none-eabi/bin/../lib/gcc/arm-none-eabi/15.2.1/../../../../arm-none-eabi/lib/thumb/v6-m/nofp/libg.a(libc_a-reallocr.o)
                              /Applications/ArmGNUToolchain/15.2.rel1/arm-none-eabi/bin/../lib/gcc/arm-none-eabi/15.2.1/../../../../arm-none-eabi/lib/thumb/v6-m/nofp/libg.a(libc_a-realloc.o) (_realloc_r)
/Applications/ArmGNUToolchain/15.2.rel1/arm-none-eabi/bin/../lib/gcc/arm-none-eabi/15.2.1/../../../../arm-none-eabi/lib/thumb/v6-m/nofp/libg.a(libc_a-fflush.o)
                              CMakeFiles/02_control.dir/main.c.o (fflush)
/Applications/ArmGNUToolchain/15.2.rel1/arm-none-eabi/bin/../lib/gcc/arm-none-eabi/15.2.1/../../../../arm-none-eabi/lib/thumb/v6-m/nofp/libg.a(libc_a-sscanf.o)
                              CMakeFiles/02_control.dir/main.c.o (sscanf)
/Applications/ArmGNUToolchain/15.2.rel1/arm-none-eabi/bin/../lib/gcc/arm-none-eabi/15.2.1/../../../../arm-none-eabi/lib/thumb/v6-m/nofp/libg.a(libc_a-stdio.o)
                              /Applications/ArmGNUToolchain/15.2.rel1/arm-none-eabi/bin/../lib/gcc/arm-none-eabi/15.2.1/../../../../arm-none-eabi/lib/thumb/v6-m/nofp/libg.a(libc_a-sscanf.o) (__seofread)
/Applications/ArmGNUToolchain/15.2.rel1/arm-none-eabi/bin/../lib/gcc/arm-none-eabi/15.2.1/../../../../arm-none-eabi/lib/thumb/v6-m/nofp/libg.a(libc_a-findfp.o)
                              /Applications/ArmGNUToolchain/15.2.rel1/arm-none-eabi/bin/../lib/gcc/arm-none-eabi/15.2.1/../../../../arm-none-eabi/lib/thumb/v6-m/nofp/libg.a(libc_a-fflush.o) (__sglue)
/Applications/ArmGNUToolchain/15.2.rel1/arm-none-eabi/bin/../lib/gcc/arm-none-eabi/15.2.1/../../../../arm-none-eabi/lib/thumb/v6-m/nofp/libg.a(libc_a-memcmp.o)
                              CMakeFiles/02_control.dir/Users/milanatroanova/Repositories/pico/pico-sdk/src/rp2_common/pico_atomic/atomic.c.o (memcmp)
/Applications/ArmGNUToolchain/15.2.rel1/arm-none-eabi/bin/../lib/gcc/arm-none-eabi/15.2.1/../../../../arm-none-eabi/lib/thumb/v6-m/nofp/libg.a(libc_a-memmove.o)
                              /Applications/ArmGNUToolchain/15.2.rel1/arm-none-eabi/bin/../lib/gcc/arm-none-eabi/15.2.1/../../../../arm-none-eabi/lib/thumb/v6-m/nofp/libg.a(libc_a-reallocr.o) (memmove)
/Applications/ArmGNUToolchain/15.2.rel1/arm-none-eabi/bin/../lib/gcc/arm-none-eabi/15.2.1/../../../../arm-none-eabi/lib/thumb/v6-m/nofp/libg.a(libc_a-strchr.o)
                              CMakeFiles/02_control.dir/protocol-task/protocol-task.c.o (strchr)
[...]
Memory Configuration

Name             Origin             Length             Attributes
FLASH            0x10000000         0x00200000         xr
RAM              0x20000000         0x00040000         xrw
SCRATCH_X        0x20040000         0x00001000         xrw
SCRATCH_Y        0x20041000         0x00001000         xrw
*default*        0x00000000         0xffffffff

Linker script and memory map

LOAD /Applications/ArmGNUToolchain/15.2.rel1/arm-none-eabi/bin/../lib/gcc/arm-none-eabi/15.2.1/thumb/v6-m/nofp/crti.o
LOAD /Applications/ArmGNUToolchain/15.2.rel1/arm-none-eabi/bin/../lib/gcc/arm-none-eabi/15.2.1/thumb/v6-m/nofp/crtbegin.o
LOAD /Applications/ArmGNUToolchain/15.2.rel1/arm-none-eabi/bin/../lib/gcc/arm-none-eabi/15.2.1/../../../../arm-none-eabi/lib/thumb/v6-m/nofp/crt0.o

.flash_begin    0x10000000        0x0
                0x10000000                        __flash_binary_start = .

.boot2          0x10000000      0x100
                0x10000000                        __boot2_start__ = .
 *(.boot2)
 .boot2         0x10000000      0x100 pico-sdk/src/rp2040/boot_stage2/CMakeFiles/bs2_default_library.dir/bs2_default_padded_checksummed.S.o
                0x10000100                        __boot2_end__ = .
                0x00000001                        ASSERT (((__boot2_end__ - __boot2_start__) == 0x100), ERROR: Pico second stage bootloader must be 256 bytes in size)

.text           0x10000100     0xd314
                0x10000100                        __logical_binary_start = .
 *(.vectors)
 .vectors       0x10000100       0xd4 CMakeFiles/02_control.dir/Users/milanatroanova/Repositories/pico/pico-sdk/src/rp2_common/pico_crt0/crt0.S.o
                0x10000100                __VECTOR_TABLE
                0x10000100                __vectors
                0x100001c0                isr_irq13
                0x100001c0                isr_irq27
                0x100001c0                isr_irq31
                0x100001c0                isr_irq5
                0x100001c0                isr_irq11
                0x100001c0                isr_irq23
                0x100001c0                isr_irq18
                0x100001c0                isr_irq9
                0x100001c0                __unhandled_user_irq
                0x100001c0                isr_irq25
                0x100001c0                isr_irq4
                0x100001c0                isr_irq16
                0x100001c0                isr_irq29
                0x100001c0                isr_irq26
                0x100001c0                isr_irq3
                0x100001c0                isr_irq12
                0x100001c0                isr_irq30
                0x100001c0                isr_irq28
                0x100001c0                isr_irq19
                0x100001c0                isr_irq0
                0x100001c0                isr_irq6
                0x100001c0                isr_irq22
                0x100001c0                isr_irq17
                0x100001c0                isr_irq14
                0x100001c0                __vectors_end
                0x100001c0                __default_isrs_start
                0x100001c0                isr_irq2
                0x100001c0                isr_irq10
                0x100001c0                isr_irq8
                0x100001c0                isr_irq24
                0x100001c0                isr_irq1
                0x100001c0                isr_irq7
                0x100001c0                isr_irq21
                0x100001c0                isr_irq20
                0x100001c0                isr_irq15
                0x100001c6                unhandled_user_irq_num_in_r0
                0x100001c8                isr_invalid
                0x100001ca                isr_nmi
                0x100001cc                isr_hardfault
                0x100001ce                isr_svcall
                0x100001d0                isr_pendsv
                0x100001d2                isr_systick
                0x100001d4                __default_isrs_end
 *(.binary_info_header)
 .binary_info_header
                0x100001d4       0x14 CMakeFiles/02_control.dir/Users/milanatroanova/Repositories/pico/pico-sdk/src/rp2_common/pico_crt0/crt0.S.o
                0x100001e8                        __binary_info_header_end = .
 *(.embedded_block)
                0x100001e8                        __embedded_block_end = .
 *(.reset)
 .reset         0x100001e8       0x9c CMakeFiles/02_control.dir/Users/milanatroanova/Repositories/pico/pico-sdk/src/rp2_common/pico_crt0/crt0.S.o
                0x100001e8                _entry_point
 *(.init)
 .init          0x10000284        0x4 /Applications/ArmGNUToolchain/15.2.rel1/arm-none-eabi/bin/../lib/gcc/arm-none-eabi/15.2.1/thumb/v6-m/nofp/crti.o
                0x10000284                _init
 *(EXCLUDE_FILE(*libm.a: *libc.a:*lib_a-mem*.o *libgcc.a:) .text*)
 .text.register_tm_clones
                0x10000288       0x28 /Applications/ArmGNUToolchain/15.2.rel1/arm-none-eabi/bin/../lib/gcc/arm-none-eabi/15.2.1/thumb/v6-m/nofp/crtbegin.o
 .text.frame_dummy
                0x100002b0       0x24 /Applications/ArmGNUToolchain/15.2.rel1/arm-none-eabi/bin/../lib/gcc/arm-none-eabi/15.2.1/thumb/v6-m/nofp/crtbegin.o
 .text.version_callback
                0x100002d4       0x1c CMakeFiles/02_control.dir/main.c.o
                0x100002d4                version_callback
 .text.mem_callback
                0x100002f0       0x5c CMakeFiles/02_control.dir/main.c.o
                0x100002f0                mem_callback
 .text.wmem_callback
                0x1000034c       0x68 CMakeFiles/02_control.dir/main.c.o
                0x1000034c                wmem_callback
 .text.led_set_period_callback
                0x100003b4       0x74 CMakeFiles/02_control.dir/main.c.o
                0x100003b4                led_set_period_callback
 .text.led_on_callback
                0x10000428       0x14 CMakeFiles/02_control.dir/main.c.o
                0x10000428                led_on_callback
 .text.led_off_callback
                0x1000043c       0x14 CMakeFiles/02_control.dir/main.c.o
                0x1000043c                led_off_callback
 .text.led_blink_callback
                0x10000450       0x78 CMakeFiles/02_control.dir/main.c.o
                0x10000450                led_blink_callback
 .text.led_status_callback
                0x100004c8       0x74 CMakeFiles/02_control.dir/main.c.o
                0x100004c8                led_status_callback
 .text.help_callback
                0x1000053c       0xac CMakeFiles/02_control.dir/main.c.o
                0x1000053c                help_callback
 .text.startup.main
                0x100005e8       0x88 CMakeFiles/02_control.dir/main.c.o
                0x100005e8                main
 .text.protocol_task_init
                0x10000670       0x38 CMakeFiles/02_control.dir/protocol-task/protocol-task.c.o
                0x10000670                protocol_task_init
 .text.protocol_task_handle
                0x100006a8       0x88 CMakeFiles/02_control.dir/protocol-task/protocol-task.c.o
                0x100006a8                protocol_task_handle
 .text.stdio_task_init
                0x10000730        0xc CMakeFiles/02_control.dir/stdio-task/stdio-task.c.o
                0x10000730                stdio_task_init
 .text.stdio_task_handle
                0x1000073c       0x54 CMakeFiles/02_control.dir/stdio-task/stdio-task.c.o
                0x1000073c                stdio_task_handle
 .text.led_task_init
                0x10000790       0x20 CMakeFiles/02_control.dir/led-task/led-task.c.o
                0x10000790                led_task_init
 .text.led_task_state_set
                0x100007b0       0x50 CMakeFiles/02_control.dir/led-task/led-task.c.o
                0x100007b0                led_task_state_set
 .text.led_task_state_get
                0x10000800        0xc CMakeFiles/02_control.dir/led-task/led-task.c.o
                0x10000800                led_task_state_get
 .text.led_task_set_blink_period
                0x1000080c       0x2c CMakeFiles/02_control.dir/led-task/led-task.c.o
                0x1000080c                led_task_set_blink_period
 .text.led_task_get_blink_period
                0x10000838        0xc CMakeFiles/02_control.dir/led-task/led-task.c.o
                0x10000838                led_task_get_blink_period
 .text.led_task_handle
                0x10000844       0x9c CMakeFiles/02_control.dir/led-task/led-task.c.o
                0x10000844                led_task_handle
 .text.gpio_init
                0x100008e0       0x3c CMakeFiles/02_control.dir/Users/milanatroanova/Repositories/pico/pico-sdk/src/rp2_common/hardware_gpio/gpio.c.o
                0x100008e0                gpio_init
 .text.rp2040_chip_version
                0x1000091c        0xc CMakeFiles/02_control.dir/Users/milanatroanova/Repositories/pico/pico-sdk/src/rp2040/pico_platform/platform.c.o
                0x1000091c                rp2040_chip_version
 .text.panic    0x10000928       0x30 CMakeFiles/02_control.dir/Users/milanatroanova/Repositories/pico/pico-sdk/src/rp2_common/pico_platform_panic/panic.c.o
                0x10000928                panic
 .text.hw_claim_or_assert
                0x10000958       0x50 CMakeFiles/02_control.dir/Users/milanatroanova/Repositories/pico/pico-sdk/src/common/hardware_claim/claim.c.o
                0x10000958                hw_claim_or_assert
 .text.hw_claim_unused_from_range
                0x100009a8       0x88 CMakeFiles/02_control.dir/Users/milanatroanova/Repositories/pico/pico-sdk/src/common/hardware_claim/claim.c.o
                0x100009a8                hw_claim_unused_from_range
 .text.next_striped_spin_lock_num
                0x10000a30       0x18 CMakeFiles/02_control.dir/Users/milanatroanova/Repositories/pico/pico-sdk/src/rp2_common/hardware_sync/sync.c.o
                0x10000a30                next_striped_spin_lock_num
 .text.spin_lock_claim_unused
                0x10000a48       0x20 CMakeFiles/02_control.dir/Users/milanatroanova/Repositories/pico/pico-sdk/src/rp2_common/hardware_sync/sync.c.o
                0x10000a48                spin_lock_claim_unused
 .text.spin_locks_reset
                0x10000a68       0x1c CMakeFiles/02_control.dir/Users/milanatroanova/Repositories/pico/pico-sdk/src/rp2_common/hardware_sync_spin_lock/sync_spin_lock.c.o
                0x10000a68                spin_locks_reset
 .text.runtime_init_per_core_irq_priorities
                0x10000a84       0x48 CMakeFiles/02_control.dir/Users/milanatroanova/Repositories/pico/pico-sdk/src/rp2_common/hardware_irq/irq.c.o
                0x10000a84                runtime_init_per_core_irq_priorities
 .text.irq_set_enabled
                0x10000acc       0x24 CMakeFiles/02_control.dir/Users/milanatroanova/Repositories/pico/pico-sdk/src/rp2_common/hardware_irq/irq.c.o
                0x10000acc                irq_set_enabled
 .text.irq_is_enabled
                0x10000af0       0x18 CMakeFiles/02_control.dir/Users/milanatroanova/Repositories/pico/pico-sdk/src/rp2_common/hardware_irq/irq.c.o
                0x10000af0                irq_is_enabled
 .text.irq_set_pending
                0x10000b08       0x10 CMakeFiles/02_control.dir/Users/milanatroanova/Repositories/pico/pico-sdk/src/rp2_common/hardware_irq/irq.c.o
                0x10000b08                irq_set_pending
 .text.irq_has_shared_handler
                0x10000b18       0x20 CMakeFiles/02_control.dir/Users/milanatroanova/Repositories/pico/pico-sdk/src/rp2_common/hardware_irq/irq.c.o
                0x10000b18                irq_has_shared_handler
 .text.irq_set_exclusive_handler
                0x10000b38       0x54 CMakeFiles/02_control.dir/Users/milanatroanova/Repositories/pico/pico-sdk/src/rp2_common/hardware_irq/irq.c.o
                0x10000b38                irq_set_exclusive_handler
 .text.irq_add_shared_handler
                0x10000b8c      0x1cc CMakeFiles/02_control.dir/Users/milanatroanova/Repositories/pico/pico-sdk/src/rp2_common/hardware_irq/irq.c.o
                0x10000b8c                irq_add_shared_handler
 .text.irq_add_tail_to_free_list
                0x10000d58       0xb4 CMakeFiles/02_control.dir/Users/milanatroanova/Repositories/pico/pico-sdk/src/rp2_common/hardware_irq/irq.c.o
                0x10000d58                irq_add_tail_to_free_list
 .text.user_irq_claim_unused
                0x10000e0c       0x28 CMakeFiles/02_control.dir/Users/milanatroanova/Repositories/pico/pico-sdk/src/rp2_common/hardware_irq/irq.c.o
                0x10000e0c                user_irq_claim_unused
 .text.lock_init
                0x10000e34       0x10 CMakeFiles/02_control.dir/Users/milanatroanova/Repositories/pico/pico-sdk/src/common/pico_sync/lock_core.c.o
                0x10000e34                lock_init
 .text.runtime_init_mutex
                0x10000e44       0x50 CMakeFiles/02_control.dir/Users/milanatroanova/Repositories/pico/pico-sdk/src/common/pico_sync/mutex.c.o
                0x10000e44                runtime_init_mutex
 .text.mutex_init
                0x10000e94       0x1c CMakeFiles/02_control.dir/Users/milanatroanova/Repositories/pico/pico-sdk/src/common/pico_sync/mutex.c.o
                0x10000e94                mutex_init
 .text.critical_section_init
                0x10000eb0       0x1c CMakeFiles/02_control.dir/Users/milanatroanova/Repositories/pico/pico-sdk/src/common/pico_sync/critical_section.c.o
                0x10000eb0                critical_section_init
 .text.critical_section_init_with_lock_num
                0x10000ecc       0x14 CMakeFiles/02_control.dir/Users/milanatroanova/Repositories/pico/pico-sdk/src/common/pico_sync/critical_section.c.o
                0x10000ecc                critical_section_init_with_lock_num
 .text.sleep_until_callback
                0x10000ee0       0x30 CMakeFiles/02_control.dir/Users/milanatroanova/Repositories/pico/pico-sdk/src/common/pico_time/time.c.o
 .text.alarm_pool_irq_handler
                0x10000f10      0x2f4 CMakeFiles/02_control.dir/Users/milanatroanova/Repositories/pico/pico-sdk/src/common/pico_time/time.c.o
 .text.runtime_init_default_alarm_pool
                0x10001204       0xd8 CMakeFiles/02_control.dir/Users/milanatroanova/Repositories/pico/pico-sdk/src/common/pico_time/time.c.o
                0x10001204                runtime_init_default_alarm_pool
 .text.alarm_pool_get_default
                0x100012dc        0x8 CMakeFiles/02_control.dir/Users/milanatroanova/Repositories/pico/pico-sdk/src/common/pico_time/time.c.o
                0x100012dc                alarm_pool_get_default
 .text.alarm_pool_add_alarm_at
                0x100012e4       0xcc CMakeFiles/02_control.dir/Users/milanatroanova/Repositories/pico/pico-sdk/src/common/pico_time/time.c.o
                0x100012e4                alarm_pool_add_alarm_at
 .text.alarm_pool_add_alarm_at_force_in_context
                0x100013b0       0xbc CMakeFiles/02_control.dir/Users/milanatroanova/Repositories/pico/pico-sdk/src/common/pico_time/time.c.o
                0x100013b0                alarm_pool_add_alarm_at_force_in_context
 .text.alarm_pool_cancel_alarm
                0x1000146c       0x74 CMakeFiles/02_control.dir/Users/milanatroanova/Repositories/pico/pico-sdk/src/common/pico_time/time.c.o
                0x1000146c                alarm_pool_cancel_alarm
 .text.alarm_pool_core_num
                0x100014e0        0x4 CMakeFiles/02_control.dir/Users/milanatroanova/Repositories/pico/pico-sdk/src/common/pico_time/time.c.o
                0x100014e0                alarm_pool_core_num
 .text.sleep_ms
                0x100014e4       0xfc CMakeFiles/02_control.dir/Users/milanatroanova/Repositories/pico/pico-sdk/src/common/pico_time/time.c.o
                0x100014e4                sleep_ms
 .text.best_effort_wfe_or_timeout
                0x100015e0      0x100 CMakeFiles/02_control.dir/Users/milanatroanova/Repositories/pico/pico-sdk/src/common/pico_time/time.c.o
                0x100015e0                best_effort_wfe_or_timeout
 .text.timer_hardware_alarm_claim
                0x100016e0       0x14 CMakeFiles/02_control.dir/Users/milanatroanova/Repositories/pico/pico-sdk/src/rp2_common/hardware_timer/timer.c.o
                0x100016e0                timer_hardware_alarm_claim
 .text.timer_time_us_64
                0x100016f4       0x10 CMakeFiles/02_control.dir/Users/milanatroanova/Repositories/pico/pico-sdk/src/rp2_common/hardware_timer/timer.c.o
                0x100016f4                timer_time_us_64
 .text.time_us_64
                0x10001704       0x14 CMakeFiles/02_control.dir/Users/milanatroanova/Repositories/pico/pico-sdk/src/rp2_common/hardware_timer/timer.c.o
                0x10001704                time_us_64
 .text.busy_wait_us
                0x10001718       0x6c CMakeFiles/02_control.dir/Users/milanatroanova/Repositories/pico/pico-sdk/src/rp2_common/hardware_timer/timer.c.o
                0x10001718                busy_wait_us
 .text.busy_wait_until
                0x10001784       0x20 CMakeFiles/02_control.dir/Users/milanatroanova/Repositories/pico/pico-sdk/src/rp2_common/hardware_timer/timer.c.o
                0x10001784                busy_wait_until
 .text.clock_configure_int_divider
                0x100017a4       0xec CMakeFiles/02_control.dir/Users/milanatroanova/Repositories/pico/pico-sdk/src/rp2_common/hardware_clocks/clocks.c.o
                0x100017a4                clock_configure_int_divider
 .text.clock_configure_undivided
                0x10001890       0xe0 CMakeFiles/02_control.dir/Users/milanatroanova/Repositories/pico/pico-sdk/src/rp2_common/hardware_clocks/clocks.c.o
                0x10001890                clock_configure_undivided
 .text.clock_get_hz
                0x10001970        0xc CMakeFiles/02_control.dir/Users/milanatroanova/Repositories/pico/pico-sdk/src/rp2_common/hardware_clocks/clocks.c.o
                0x10001970                clock_get_hz
 .text.pll_init
                0x1000197c       0xb0 CMakeFiles/02_control.dir/Users/milanatroanova/Repositories/pico/pico-sdk/src/rp2_common/hardware_pll/pll.c.o
                0x1000197c                pll_init
 .text.watchdog_reboot
                0x10001a2c       0x9c CMakeFiles/02_control.dir/Users/milanatroanova/Repositories/pico/pico-sdk/src/rp2_common/hardware_watchdog/watchdog.c.o
                0x10001a2c                watchdog_reboot
 .text.tick_start
                0x10001ac8       0x10 CMakeFiles/02_control.dir/Users/milanatroanova/Repositories/pico/pico-sdk/src/rp2_common/hardware_ticks/ticks.c.o
                0x10001ac8                tick_start
 .text.rom_func_lookup
                0x10001ad8       0x10 CMakeFiles/02_control.dir/Users/milanatroanova/Repositories/pico/pico-sdk/src/rp2_common/pico_bootrom/bootrom.c.o
                0x10001ad8                rom_func_lookup
 .text.rom_data_lookup
                0x10001ae8       0x10 CMakeFiles/02_control.dir/Users/milanatroanova/Repositories/pico/pico-sdk/src/rp2_common/pico_bootrom/bootrom.c.o
                0x10001ae8                rom_data_lookup
 .text.rom_funcs_lookup
                0x10001af8       0x44 CMakeFiles/02_control.dir/Users/milanatroanova/Repositories/pico/pico-sdk/src/rp2_common/pico_bootrom/bootrom.c.o
                0x10001af8                rom_funcs_lookup
 .text.rom_reset_usb_boot_extra
                0x10001b3c       0x24 CMakeFiles/02_control.dir/Users/milanatroanova/Repositories/pico/pico-sdk/src/rp2_common/pico_bootrom/bootrom.c.o
                0x10001b3c                rom_reset_usb_boot_extra
 .text.xosc_init
                0x10001b60       0x28 CMakeFiles/02_control.dir/Users/milanatroanova/Repositories/pico/pico-sdk/src/rp2_common/hardware_xosc/xosc.c.o
                0x10001b60                xosc_init
 .text.first_per_core_initializer
                0x10001b88        0x4 CMakeFiles/02_control.dir/Users/milanatroanova/Repositories/pico/pico-sdk/src/rp2_common/pico_runtime/runtime.c.o
 .text.hard_assertion_failure
                0x10001b8c        0xc CMakeFiles/02_control.dir/Users/milanatroanova/Repositories/pico/pico-sdk/src/rp2_common/pico_runtime/runtime.c.o
                0x10001b8c                hard_assertion_failure
 .text.runtime_run_initializers
                0x10001b98       0x28 CMakeFiles/02_control.dir/Users/milanatroanova/Repositories/pico/pico-sdk/src/rp2_common/pico_runtime/runtime.c.o
                0x10001b98                runtime_run_initializers
 .text.runtime_init_early_resets
                0x10001bc0       0x2c CMakeFiles/02_control.dir/Users/milanatroanova/Repositories/pico/pico-sdk/src/rp2_common/pico_runtime_init/runtime_init.c.o
                0x10001bc0                runtime_init_early_resets
 .text.runtime_init_usb_power_down
                0x10001bec       0x1c CMakeFiles/02_control.dir/Users/milanatroanova/Repositories/pico/pico-sdk/src/rp2_common/pico_runtime_init/runtime_init.c.o
                0x10001bec                runtime_init_usb_power_down
 .text.runtime_init_post_clock_resets
                0x10001c08       0x20 CMakeFiles/02_control.dir/Users/milanatroanova/Repositories/pico/pico-sdk/src/rp2_common/pico_runtime_init/runtime_init.c.o
                0x10001c08                runtime_init_post_clock_resets
 .text.runtime_init_rp2040_gpio_ie_disable
                0x10001c28       0x14 CMakeFiles/02_control.dir/Users/milanatroanova/Repositories/pico/pico-sdk/src/rp2_common/pico_runtime_init/runtime_init.c.o
                0x10001c28                runtime_init_rp2040_gpio_ie_disable
 .text.runtime_init_spin_locks_reset
                0x10001c3c        0x8 CMakeFiles/02_control.dir/Users/milanatroanova/Repositories/pico/pico-sdk/src/rp2_common/pico_runtime_init/runtime_init.c.o
                0x10001c3c                runtime_init_spin_locks_reset
 .text.runtime_init_install_ram_vector_table
                0x10001c44       0xb8 CMakeFiles/02_control.dir/Users/milanatroanova/Repositories/pico/pico-sdk/src/rp2_common/pico_runtime_init/runtime_init.c.o
                0x10001c44                runtime_init_install_ram_vector_table
 .text.runtime_init_clocks
                0x10001cfc       0xd8 CMakeFiles/02_control.dir/Users/milanatroanova/Repositories/pico/pico-sdk/src/rp2_common/pico_runtime_init/runtime_init_clocks.c.o
                0x10001cfc                runtime_init_clocks
 .text          0x10001dd4       0x10 CMakeFiles/02_control.dir/Users/milanatroanova/Repositories/pico/pico-sdk/src/rp2_common/pico_bit_ops/bit_ops_aeabi.S.o
 .text.__wrap___aeabi_idiv
                0x10001de4       0x50 CMakeFiles/02_control.dir/Users/milanatroanova/Repositories/pico/pico-sdk/src/rp2_common/pico_divider/divider_hardware.S.o
                0x10001de4                __wrap___aeabi_idivmod
                0x10001de4                divmod_s32s32
                0x10001de4                div_s32s32
                0x10001de4                __wrap___aeabi_idiv
                0x10001dec                divmod_s32s32_unsafe
                0x10001e18                divmod_s32s32_savestate
 .text.__wrap___aeabi_uidiv
                0x10001e34       0x4c CMakeFiles/02_control.dir/Users/milanatroanova/Repositories/pico/pico-sdk/src/rp2_common/pico_divider/divider_hardware.S.o
                0x10001e34                __wrap___aeabi_uidiv
                0x10001e34                __wrap___aeabi_uidivmod
                0x10001e34                div_u32u32
                0x10001e34                divmod_u32u32
                0x10001e3c                divmod_u32u32_unsafe
                0x10001e64                divmod_u32u32_savestate
 .text.__wrap___aeabi_ldiv
                0x10001e80      0x424 CMakeFiles/02_control.dir/Users/milanatroanova/Repositories/pico/pico-sdk/src/rp2_common/pico_divider/divider_hardware.S.o
                0x10001e80                __wrap___aeabi_ldivmod
                0x10001e80                div_s64s64
                0x10001e80                divmod_s64s64
                0x10001eb0                divmod_u64u64
                0x10001eb0                div_u64u64
                0x10001eb0                __wrap___aeabi_uldivmod
                0x10001ec0                divmod_u64u64_savestate
                0x10001ee0                divmod_s64s64_unsafe
                0x10001f68                divmod_u64u64_unsafe
 .text.__wrap___aeabi_darithmetic
                0x100022a4       0x80 CMakeFiles/02_control.dir/Users/milanatroanova/Repositories/pico/pico-sdk/src/rp2_common/pico_double/double_aeabi_rp2040.S.o
                0x100022a4                __wrap___aeabi_drsub
                0x100022aa                __wrap___aeabi_dsub
                0x100022bc                __wrap___aeabi_dadd
                0x100022ce                __wrap___aeabi_ddiv
                0x1000230a                __wrap___aeabi_dmul
 .text.__wrap___aeabi_cdcmple
                0x10002324       0x6c CMakeFiles/02_control.dir/Users/milanatroanova/Repositories/pico/pico-sdk/src/rp2_common/pico_double/double_aeabi_rp2040.S.o
                0x10002324                __wrap___aeabi_cdrcmple
                0x10002334                __wrap___aeabi_cdcmple
                0x10002334                __wrap___aeabi_cdcmpeq
 .text.__wrap___aeabi_dcmpeq
                0x10002390       0x10 CMakeFiles/02_control.dir/Users/milanatroanova/Repositories/pico/pico-sdk/src/rp2_common/pico_double/double_aeabi_rp2040.S.o
                0x10002390                __wrap___aeabi_dcmpeq
 .text.__wrap___aeabi_dcmplt
                0x100023a0        0xc CMakeFiles/02_control.dir/Users/milanatroanova/Repositories/pico/pico-sdk/src/rp2_common/pico_double/double_aeabi_rp2040.S.o
                0x100023a0                __wrap___aeabi_dcmplt
 .text.__wrap___aeabi_dcmple
                0x100023ac       0x10 CMakeFiles/02_control.dir/Users/milanatroanova/Repositories/pico/pico-sdk/src/rp2_common/pico_double/double_aeabi_rp2040.S.o
                0x100023ac                __wrap___aeabi_dcmple
 .text.__wrap___aeabi_dcmpge
                0x100023bc       0x10 CMakeFiles/02_control.dir/Users/milanatroanova/Repositories/pico/pico-sdk/src/rp2_common/pico_double/double_aeabi_rp2040.S.o
                0x100023bc                __wrap___aeabi_dcmpge
 .text.__wrap___aeabi_dcmpgt
                0x100023cc        0xa CMakeFiles/02_control.dir/Users/milanatroanova/Repositories/pico/pico-sdk/src/rp2_common/pico_double/double_aeabi_rp2040.S.o
                0x100023cc                __wrap___aeabi_dcmpgt
 .text.__wrap___aeabi_dcmpun
                0x100023d6       0x18 CMakeFiles/02_control.dir/Users/milanatroanova/Repositories/pico/pico-sdk/src/rp2_common/pico_double/double_aeabi_rp2040.S.o
                0x100023d6                __wrap___aeabi_dcmpun
 *fill*         0x100023ee        0x2 
 .text.__wrap___aeabi_i2d
                0x100023f0       0x38 CMakeFiles/02_control.dir/Users/milanatroanova/Repositories/pico/pico-sdk/src/rp2_common/pico_double/double_aeabi_rp2040.S.o
                0x100023f0                __wrap___aeabi_ui2d
                0x100023f0                uint2double
                0x100023f8                __wrap___aeabi_i2d
                0x100023f8                int2double
 .text.__wrap___aeabi_d2iz
                0x10002428       0x48 CMakeFiles/02_control.dir/Users/milanatroanova/Repositories/pico/pico-sdk/src/rp2_common/pico_double/double_aeabi_rp2040.S.o
                0x10002428                __wrap___aeabi_d2iz
                0x10002428                double2int_z
 .text.__wrap___aeabi_d2uiz
                0x10002470       0x18 CMakeFiles/02_control.dir/Users/milanatroanova/Repositories/pico/pico-sdk/src/rp2_common/pico_double/double_aeabi_rp2040.S.o
                0x10002470                double2uint_z
                0x10002470                double2uint
                0x10002470                __wrap___aeabi_d2uiz
 .text.__wrap___aeabi_l2d
                0x10002488       0x18 CMakeFiles/02_control.dir/Users/milanatroanova/Repositories/pico/pico-sdk/src/rp2_common/pico_double/double_aeabi_rp2040.S.o
                0x10002488                __wrap___aeabi_l2d
                0x10002488                int642double
 .text.__wrap___aeabi_d2lz
                0x100024a0       0x26 CMakeFiles/02_control.dir/Users/milanatroanova/Repositories/pico/pico-sdk/src/rp2_common/pico_double/double_aeabi_rp2040.S.o
                0x100024a0                __wrap___aeabi_d2lz
                0x100024a0                double2int64_z
 *fill*         0x100024c6        0x2 
 .text.double2int64
                0x100024c8       0x18 CMakeFiles/02_control.dir/Users/milanatroanova/Repositories/pico/pico-sdk/src/rp2_common/pico_double/double_aeabi_rp2040.S.o
                0x100024c8                double2int64
 .text.double2ufix64
                0x100024e0       0x18 CMakeFiles/02_control.dir/Users/milanatroanova/Repositories/pico/pico-sdk/src/rp2_common/pico_double/double_aeabi_rp2040.S.o
                0x100024e0                double2ufix64
                0x100024e0                double2ufix64_z
 .text.__wrap___aeabi_d2f
                0x100024f8       0x18 CMakeFiles/02_control.dir/Users/milanatroanova/Repositories/pico/pico-sdk/src/rp2_common/pico_double/double_aeabi_rp2040.S.o
                0x100024f8                __wrap___aeabi_d2f
 .text.__aeabi_double_init
                0x10002510       0xa4 CMakeFiles/02_control.dir/Users/milanatroanova/Repositories/pico/pico-sdk/src/rp2_common/pico_double/double_init_rom_rp2040.c.o
                0x10002510                __aeabi_double_init
 .text.double_table_shim_on_use_helper
                0x100025b4       0x2c CMakeFiles/02_control.dir/Users/milanatroanova/Repositories/pico/pico-sdk/src/rp2_common/pico_double/double_v1_rom_shim_rp2040.S.o
                0x100025b4                double_table_shim_on_use_helper
 .text.__wrap___aeabi_dsub
                0x100025e0       0x10 CMakeFiles/02_control.dir/Users/milanatroanova/Repositories/pico/pico-sdk/src/rp2_common/pico_double/double_v1_rom_shim_rp2040.S.o
                0x100025e0                drsub_shim
                0x100025e6                dsub_shim
 .text.dadd_shim
                0x100025f0      0x15c CMakeFiles/02_control.dir/Users/milanatroanova/Repositories/pico/pico-sdk/src/rp2_common/pico_double/double_v1_rom_shim_rp2040.S.o
                0x100025f0                dadd_shim
 .text.dmul_shim
                0x1000274c      0x15c CMakeFiles/02_control.dir/Users/milanatroanova/Repositories/pico/pico-sdk/src/rp2_common/pico_double/double_v1_rom_shim_rp2040.S.o
                0x1000274c                dmul_shim
 .text.ddiv_shim
                0x100028a8      0x1b0 CMakeFiles/02_control.dir/Users/milanatroanova/Repositories/pico/pico-sdk/src/rp2_common/pico_double/double_v1_rom_shim_rp2040.S.o
                0x100028a8                ddiv_shim
 .text.double2uint_shim
                0x10002a58        0xe CMakeFiles/02_control.dir/Users/milanatroanova/Repositories/pico/pico-sdk/src/rp2_common/pico_double/double_v1_rom_shim_rp2040.S.o
                0x10002a58                double2uint_shim
                0x10002a5a                double2ufix_shim
 .text.double2int64_shim
                0x10002a66       0x1a CMakeFiles/02_control.dir/Users/milanatroanova/Repositories/pico/pico-sdk/src/rp2_common/pico_double/double_v1_rom_shim_rp2040.S.o
                0x10002a66                double2int64_shim
                0x10002a68                double2fix64_shim
 .text.double2uint64_shim
                0x10002a80       0x70 CMakeFiles/02_control.dir/Users/milanatroanova/Repositories/pico/pico-sdk/src/rp2_common/pico_double/double_v1_rom_shim_rp2040.S.o
                0x10002a80                double2uint64_shim
                0x10002a82                double2ufix64_shim
                0x10002aa2                d2fix_a
 .text.double2float_shim
                0x10002af0       0x5c CMakeFiles/02_control.dir/Users/milanatroanova/Repositories/pico/pico-sdk/src/rp2_common/pico_double/double_v1_rom_shim_rp2040.S.o
                0x10002af0                double2float_shim
 .text.x2double_shims
                0x10002b4c       0x90 CMakeFiles/02_control.dir/Users/milanatroanova/Repositories/pico/pico-sdk/src/rp2_common/pico_double/double_v1_rom_shim_rp2040.S.o
                0x10002b4c                uint2double_shim
                0x10002b4e                ufix2double_shim
                0x10002b54                int2double_shim
                0x10002b56                fix2double_shim
                0x10002b5c                uint642double_shim
                0x10002b5e                ufix642double_shim
                0x10002b64                int642double_shim
                0x10002b66                fix642double_shim
 .text.dunpacks
                0x10002bdc       0x3c CMakeFiles/02_control.dir/Users/milanatroanova/Repositories/pico/pico-sdk/src/rp2_common/pico_double/double_v1_rom_shim_rp2040.S.o
                0x10002bdc                dunpacks
 .text.__aeabi_lmul
                0x10002c18       0x32 CMakeFiles/02_control.dir/Users/milanatroanova/Repositories/pico/pico-sdk/src/rp2_common/pico_int64_ops/pico_int64_ops_aeabi.S.o
                0x10002c18                __wrap___aeabi_lmul
 *fill*         0x10002c4a        0x2 
 .text.__aeabi_float_init
                0x10002c4c       0x68 CMakeFiles/02_control.dir/Users/milanatroanova/Repositories/pico/pico-sdk/src/rp2_common/pico_float/float_init_rom_rp2040.c.o
                0x10002c4c                __aeabi_float_init
 .text.float_table_shim_on_use_helper
                0x10002cb4       0x2c CMakeFiles/02_control.dir/Users/milanatroanova/Repositories/pico/pico-sdk/src/rp2_common/pico_float/float_v1_rom_shim_rp2040.S.o
                0x10002cb4                float_table_shim_on_use_helper
 .text.__wrap_malloc
                0x10002ce0       0x24 CMakeFiles/02_control.dir/Users/milanatroanova/Repositories/pico/pico-sdk/src/rp2_common/pico_malloc/malloc.c.o
                0x10002ce0                __wrap_malloc
 .text.__wrap_realloc
                0x10002d04       0x24 CMakeFiles/02_control.dir/Users/milanatroanova/Repositories/pico/pico-sdk/src/rp2_common/pico_malloc/malloc.c.o
                0x10002d04                __wrap_realloc
 .text.__wrap_free
                0x10002d28        0x8 CMakeFiles/02_control.dir/Users/milanatroanova/Repositories/pico/pico-sdk/src/rp2_common/pico_malloc/malloc.c.o
                0x10002d28                __wrap_free
 .text          0x10002d30       0x10 CMakeFiles/02_control.dir/Users/milanatroanova/Repositories/pico/pico-sdk/src/rp2_common/pico_mem_ops/mem_ops_aeabi.S.o
                0x10002d30                __aeabi_mem_init
 .text.memset   0x10002d40        0xc CMakeFiles/02_control.dir/Users/milanatroanova/Repositories/pico/pico-sdk/src/rp2_common/pico_mem_ops/mem_ops_aeabi.S.o
                0x10002d40                __wrap_memset
 .text.memcpy   0x10002d4c        0xc CMakeFiles/02_control.dir/Users/milanatroanova/Repositories/pico/pico-sdk/src/rp2_common/pico_mem_ops/mem_ops_aeabi.S.o
                0x10002d4c                __wrap___aeabi_memcpy
                0x10002d4c                __wrap_memcpy
 .text._out_buffer
                0x10002d58        0x8 CMakeFiles/02_control.dir/Users/milanatroanova/Repositories/pico/pico-sdk/src/rp2_common/pico_printf/printf.c.o
 .text._out_null
                0x10002d60        0x4 CMakeFiles/02_control.dir/Users/milanatroanova/Repositories/pico/pico-sdk/src/rp2_common/pico_printf/printf.c.o
 .text._out_rev
                0x10002d64       0xa8 CMakeFiles/02_control.dir/Users/milanatroanova/Repositories/pico/pico-sdk/src/rp2_common/pico_printf/printf.c.o
 .text._ntoa_format
                0x10002e0c      0x1d8 CMakeFiles/02_control.dir/Users/milanatroanova/Repositories/pico/pico-sdk/src/rp2_common/pico_printf/printf.c.o
 .text._out_char
                0x10002fe4       0x10 CMakeFiles/02_control.dir/Users/milanatroanova/Repositories/pico/pico-sdk/src/rp2_common/pico_printf/printf.c.o
 .text._out_fct
                0x10002ff4       0x10 CMakeFiles/02_control.dir/Users/milanatroanova/Repositories/pico/pico-sdk/src/rp2_common/pico_printf/printf.c.o
 .text._ftoa    0x10003004      0x474 CMakeFiles/02_control.dir/Users/milanatroanova/Repositories/pico/pico-sdk/src/rp2_common/pico_printf/printf.c.o
 .text._etoa    0x10003478      0x560 CMakeFiles/02_control.dir/Users/milanatroanova/Repositories/pico/pico-sdk/src/rp2_common/pico_printf/printf.c.o
 .text._vsnprintf
                0x100039d8      0xab8 CMakeFiles/02_control.dir/Users/milanatroanova/Repositories/pico/pico-sdk/src/rp2_common/pico_printf/printf.c.o
 .text.__wrap_sprintf
                0x10004490       0x28 CMakeFiles/02_control.dir/Users/milanatroanova/Repositories/pico/pico-sdk/src/rp2_common/pico_printf/printf.c.o
                0x10004490                __wrap_sprintf
 .text.vfctprintf
                0x100044b8       0x20 CMakeFiles/02_control.dir/Users/milanatroanova/Repositories/pico/pico-sdk/src/rp2_common/pico_printf/printf.c.o
                0x100044b8                vfctprintf
 .text.weak_raw_printf
                0x100044d8       0x40 CMakeFiles/02_control.dir/Users/milanatroanova/Repositories/pico/pico-sdk/src/rp2_common/pico_printf/printf.c.o
                0x100044d8                weak_raw_printf
 .text.weak_raw_vprintf
                0x10004518       0x30 CMakeFiles/02_control.dir/Users/milanatroanova/Repositories/pico/pico-sdk/src/rp2_common/pico_printf/printf.c.o
                0x10004518                weak_raw_vprintf
 .text._exit    0x10004548        0x4 CMakeFiles/02_control.dir/Users/milanatroanova/Repositories/pico/pico-sdk/src/rp2_common/pico_clib_interface/newlib_interface.c.o
                0x10004548                _exit
 .text._sbrk    0x1000454c       0x34 CMakeFiles/02_control.dir/Users/milanatroanova/Repositories/pico/pico-sdk/src/rp2_common/pico_clib_interface/newlib_interface.c.o
                0x1000454c                _sbrk
 .text._read    0x10004580       0x20 CMakeFiles/02_control.dir/Users/milanatroanova/Repositories/pico/pico-sdk/src/rp2_common/pico_clib_interface/newlib_interface.c.o
                0x10004580                _read
 .text._write   0x100045a0       0x20 CMakeFiles/02_control.dir/Users/milanatroanova/Repositories/pico/pico-sdk/src/rp2_common/pico_clib_interface/newlib_interface.c.o
                0x100045a0                _write
 .text._close   0x100045c0        0x8 CMakeFiles/02_control.dir/Users/milanatroanova/Repositories/pico/pico-sdk/src/rp2_common/pico_clib_interface/newlib_interface.c.o
                0x100045c0                _close
 .text._lseek   0x100045c8        0x8 CMakeFiles/02_control.dir/Users/milanatroanova/Repositories/pico/pico-sdk/src/rp2_common/pico_clib_interface/newlib_interface.c.o
                0x100045c8                _lseek
 .text.exit     0x100045d0        0x8 CMakeFiles/02_control.dir/Users/milanatroanova/Repositories/pico/pico-sdk/src/rp2_common/pico_clib_interface/newlib_interface.c.o
                0x100045d0                exit
 .text.__assert_func
                0x100045d8       0x38 CMakeFiles/02_control.dir/Users/milanatroanova/Repositories/pico/pico-sdk/src/rp2_common/pico_clib_interface/newlib_interface.c.o
                0x100045d8                __assert_func
 .text.runtime_init
                0x10004610       0x2c CMakeFiles/02_control.dir/Users/milanatroanova/Repositories/pico/pico-sdk/src/rp2_common/pico_clib_interface/newlib_interface.c.o
                0x10004610                runtime_init
 .text.stdio_out_chars_no_crlf
                0x1000463c       0x10 CMakeFiles/02_control.dir/Users/milanatroanova/Repositories/pico/pico-sdk/src/rp2_common/pico_stdio/stdio.c.o
 .text.stdio_out_chars_crlf
                0x1000464c       0x90 CMakeFiles/02_control.dir/Users/milanatroanova/Repositories/pico/pico-sdk/src/rp2_common/pico_stdio/stdio.c.o
 .text.stdio_buffered_printer
                0x100046dc       0x64 CMakeFiles/02_control.dir/Users/milanatroanova/Repositories/pico/pico-sdk/src/rp2_common/pico_stdio/stdio.c.o
 .text.stdio_put_string
                0x10004740       0xf4 CMakeFiles/02_control.dir/Users/milanatroanova/Repositories/pico/pico-sdk/src/rp2_common/pico_stdio/stdio.c.o
                0x10004740                stdio_put_string
 .text.stdio_get_until
                0x10004834       0x7c CMakeFiles/02_control.dir/Users/milanatroanova/Repositories/pico/pico-sdk/src/rp2_common/pico_stdio/stdio.c.o
                0x10004834                stdio_get_until
 .text.stdio_set_driver_enabled
                0x100048b0       0x30 CMakeFiles/02_control.dir/Users/milanatroanova/Repositories/pico/pico-sdk/src/rp2_common/pico_stdio/stdio.c.o
                0x100048b0                stdio_set_driver_enabled
 .text.stdio_init_all
                0x100048e0        0x8 CMakeFiles/02_control.dir/Users/milanatroanova/Repositories/pico/pico-sdk/src/rp2_common/pico_stdio/stdio.c.o
                0x100048e0                stdio_init_all
 .text.stdio_getchar_timeout_us
                0x100048e8       0x98 CMakeFiles/02_control.dir/Users/milanatroanova/Repositories/pico/pico-sdk/src/rp2_common/pico_stdio/stdio.c.o
                0x100048e8                stdio_getchar_timeout_us
 .text.__wrap_putchar
                0x10004980       0x94 CMakeFiles/02_control.dir/Users/milanatroanova/Repositories/pico/pico-sdk/src/rp2_common/pico_stdio/stdio.c.o
                0x10004980                stdio_putchar
                0x10004980                __wrap_putchar
 .text.__wrap_puts
                0x10004a14       0x3c CMakeFiles/02_control.dir/Users/milanatroanova/Repositories/pico/pico-sdk/src/rp2_common/pico_stdio/stdio.c.o
                0x10004a14                __wrap_puts
                0x10004a14                stdio_puts
 .text.__wrap_vprintf
                0x10004a50       0xc8 CMakeFiles/02_control.dir/Users/milanatroanova/Repositories/pico/pico-sdk/src/rp2_common/pico_stdio/stdio.c.o
                0x10004a50                __wrap_vprintf
                0x10004a50                stdio_vprintf
 .text.__wrap_printf
                0x10004b18       0x18 CMakeFiles/02_control.dir/Users/milanatroanova/Repositories/pico/pico-sdk/src/rp2_common/pico_stdio/stdio.c.o
                0x10004b18                stdio_printf
                0x10004b18                __wrap_printf
 .text.resetd_init
                0x10004b30        0x4 CMakeFiles/02_control.dir/Users/milanatroanova/Repositories/pico/pico-sdk/src/rp2_common/pico_stdio_usb/reset_interface.c.o
 .text.resetd_reset
                0x10004b34        0xc CMakeFiles/02_control.dir/Users/milanatroanova/Repositories/pico/pico-sdk/src/rp2_common/pico_stdio_usb/reset_interface.c.o
 .text.resetd_open
                0x10004b40       0x28 CMakeFiles/02_control.dir/Users/milanatroanova/Repositories/pico/pico-sdk/src/rp2_common/pico_stdio_usb/reset_interface.c.o
 .text.resetd_xfer_cb
                0x10004b68        0x4 CMakeFiles/02_control.dir/Users/milanatroanova/Repositories/pico/pico-sdk/src/rp2_common/pico_stdio_usb/reset_interface.c.o
 .text.resetd_control_xfer_cb
                0x10004b6c       0x54 CMakeFiles/02_control.dir/Users/milanatroanova/Repositories/pico/pico-sdk/src/rp2_common/pico_stdio_usb/reset_interface.c.o
 .text.tud_descriptor_bos_cb
                0x10004bc0        0x8 CMakeFiles/02_control.dir/Users/milanatroanova/Repositories/pico/pico-sdk/src/rp2_common/pico_stdio_usb/reset_interface.c.o
                0x10004bc0                tud_descriptor_bos_cb
 .text.tud_vendor_control_xfer_cb
                0x10004bc8       0x38 CMakeFiles/02_control.dir/Users/milanatroanova/Repositories/pico/pico-sdk/src/rp2_common/pico_stdio_usb/reset_interface.c.o
                0x10004bc8                tud_vendor_control_xfer_cb
 .text.usbd_app_driver_get_cb
                0x10004c00        0xc CMakeFiles/02_control.dir/Users/milanatroanova/Repositories/pico/pico-sdk/src/rp2_common/pico_stdio_usb/reset_interface.c.o
                0x10004c00                usbd_app_driver_get_cb
 .text.tud_cdc_line_coding_cb
                0x10004c0c       0x2c CMakeFiles/02_control.dir/Users/milanatroanova/Repositories/pico/pico-sdk/src/rp2_common/pico_stdio_usb/reset_interface.c.o
                0x10004c0c                tud_cdc_line_coding_cb
 .text.stdio_usb_set_chars_available_callback
                0x10004c38       0x14 CMakeFiles/02_control.dir/Users/milanatroanova/Repositories/pico/pico-sdk/src/rp2_common/pico_stdio_usb/stdio_usb.c.o
                0x10004c38                stdio_usb_set_chars_available_callback
 .text.usb_irq  0x10004c4c       0x10 CMakeFiles/02_control.dir/Users/milanatroanova/Repositories/pico/pico-sdk/src/rp2_common/pico_stdio_usb/stdio_usb.c.o
 .text.timer_task
                0x10004c5c       0x64 CMakeFiles/02_control.dir/Users/milanatroanova/Repositories/pico/pico-sdk/src/rp2_common/pico_stdio_usb/stdio_usb.c.o
 .text.stdio_usb_in_chars
                0x10004cc0       0x8c CMakeFiles/02_control.dir/Users/milanatroanova/Repositories/pico/pico-sdk/src/rp2_common/pico_stdio_usb/stdio_usb.c.o
                0x10004cc0                stdio_usb_in_chars
 .text.stdio_usb_out_flush
                0x10004d4c       0x4c CMakeFiles/02_control.dir/Users/milanatroanova/Repositories/pico/pico-sdk/src/rp2_common/pico_stdio_usb/stdio_usb.c.o
 .text.stdio_usb_out_chars
                0x10004d98       0xf8 CMakeFiles/02_control.dir/Users/milanatroanova/Repositories/pico/pico-sdk/src/rp2_common/pico_stdio_usb/stdio_usb.c.o
 .text.low_priority_worker_irq
                0x10004e90       0xc4 CMakeFiles/02_control.dir/Users/milanatroanova/Repositories/pico/pico-sdk/src/rp2_common/pico_stdio_usb/stdio_usb.c.o
 .text.stdio_usb_init
                0x10004f54       0xe4 CMakeFiles/02_control.dir/Users/milanatroanova/Repositories/pico/pico-sdk/src/rp2_common/pico_stdio_usb/stdio_usb.c.o
                0x10004f54                stdio_usb_init
 .text.tud_descriptor_device_cb
                0x10005038        0x8 CMakeFiles/02_control.dir/Users/milanatroanova/Repositories/pico/pico-sdk/src/rp2_common/pico_stdio_usb/stdio_usb_descriptors.c.o
                0x10005038                tud_descriptor_device_cb
 .text.tud_descriptor_configuration_cb
                0x10005040        0x8 CMakeFiles/02_control.dir/Users/milanatroanova/Repositories/pico/pico-sdk/src/rp2_common/pico_stdio_usb/stdio_usb_descriptors.c.o
                0x10005040                tud_descriptor_configuration_cb
 .text.tud_descriptor_string_cb
                0x10005048       0x70 CMakeFiles/02_control.dir/Users/milanatroanova/Repositories/pico/pico-sdk/src/rp2_common/pico_stdio_usb/stdio_usb_descriptors.c.o
                0x10005048                tud_descriptor_string_cb
 .text.startup._retrieve_unique_id_on_boot
                0x100050b8       0x10 CMakeFiles/02_control.dir/Users/milanatroanova/Repositories/pico/pico-sdk/src/rp2_common/pico_unique_id/unique_id.c.o
 .text.pico_get_unique_board_id_string
                0x100050c8      0x1e0 CMakeFiles/02_control.dir/Users/milanatroanova/Repositories/pico/pico-sdk/src/rp2_common/pico_unique_id/unique_id.c.o
                0x100050c8                pico_get_unique_board_id_string
 .text.flash_get_unique_id
                0x100052a8       0x3c CMakeFiles/02_control.dir/Users/milanatroanova/Repositories/pico/pico-sdk/src/rp2_common/hardware_flash/flash.c.o
                0x100052a8                flash_get_unique_id
 .text.dcd_init
                0x100052e4       0x90 CMakeFiles/02_control.dir/Users/milanatroanova/Repositories/pico/pico-sdk/lib/tinyusb/src/portable/raspberrypi/rp2040/dcd_rp2040.c.o
                0x100052e4                dcd_init
 .text.dcd_int_enable
                0x10005374        0xc CMakeFiles/02_control.dir/Users/milanatroanova/Repositories/pico/pico-sdk/lib/tinyusb/src/portable/raspberrypi/rp2040/dcd_rp2040.c.o
                0x10005374                dcd_int_enable
 .text.dcd_set_address
                0x10005380       0x14 CMakeFiles/02_control.dir/Users/milanatroanova/Repositories/pico/pico-sdk/lib/tinyusb/src/portable/raspberrypi/rp2040/dcd_rp2040.c.o
                0x10005380                dcd_set_address
 .text.dcd_sof_enable
                0x10005394       0x1c CMakeFiles/02_control.dir/Users/milanatroanova/Repositories/pico/pico-sdk/lib/tinyusb/src/portable/raspberrypi/rp2040/dcd_rp2040.c.o
                0x10005394                dcd_sof_enable
 .text.dcd_edpt0_status_complete
                0x100053b0       0x1c CMakeFiles/02_control.dir/Users/milanatroanova/Repositories/pico/pico-sdk/lib/tinyusb/src/portable/raspberrypi/rp2040/dcd_rp2040.c.o
                0x100053b0                dcd_edpt0_status_complete
 .text.dcd_edpt_open
                0x100053cc      0x114 CMakeFiles/02_control.dir/Users/milanatroanova/Repositories/pico/pico-sdk/lib/tinyusb/src/portable/raspberrypi/rp2040/dcd_rp2040.c.o
                0x100053cc                dcd_edpt_open
 .text.dcd_edpt_close_all
                0x100054e0        0x8 CMakeFiles/02_control.dir/Users/milanatroanova/Repositories/pico/pico-sdk/lib/tinyusb/src/portable/raspberrypi/rp2040/dcd_rp2040.c.o
                0x100054e0                dcd_edpt_close_all
 .text.dcd_edpt_xfer
                0x100054e8       0x24 CMakeFiles/02_control.dir/Users/milanatroanova/Repositories/pico/pico-sdk/lib/tinyusb/src/portable/raspberrypi/rp2040/dcd_rp2040.c.o
                0x100054e8                dcd_edpt_xfer
 .text.dcd_edpt_stall
                0x1000550c       0x3c CMakeFiles/02_control.dir/Users/milanatroanova/Repositories/pico/pico-sdk/lib/tinyusb/src/portable/raspberrypi/rp2040/dcd_rp2040.c.o
                0x1000550c                dcd_edpt_stall
 .text.dcd_edpt_clear_stall
                0x10005548       0x30 CMakeFiles/02_control.dir/Users/milanatroanova/Repositories/pico/pico-sdk/lib/tinyusb/src/portable/raspberrypi/rp2040/dcd_rp2040.c.o
                0x10005548                dcd_edpt_clear_stall
 .text.rp2040_usb_init
                0x10005578       0x40 CMakeFiles/02_control.dir/Users/milanatroanova/Repositories/pico/pico-sdk/lib/tinyusb/src/portable/raspberrypi/rp2040/rp2040_usb.c.o
                0x10005578                rp2040_usb_init
 .text.hw_endpoint_xfer_start
                0x100055b8       0x40 CMakeFiles/02_control.dir/Users/milanatroanova/Repositories/pico/pico-sdk/lib/tinyusb/src/portable/raspberrypi/rp2040/rp2040_usb.c.o
                0x100055b8                hw_endpoint_xfer_start
 .text.tud_event_hook_cb
                0x100055f8        0x4 CMakeFiles/02_control.dir/Users/milanatroanova/Repositories/pico/pico-sdk/lib/tinyusb/src/device/usbd.c.o
                0x100055f8                tud_event_hook_cb
 .text.tud_sof_cb
                0x100055fc        0x4 CMakeFiles/02_control.dir/Users/milanatroanova/Repositories/pico/pico-sdk/lib/tinyusb/src/device/usbd.c.o
                0x100055fc                tud_sof_cb
 .text.tud_descriptor_device_qualifier_cb
                0x10005600        0x4 CMakeFiles/02_control.dir/Users/milanatroanova/Repositories/pico/pico-sdk/lib/tinyusb/src/device/usbd.c.o
                0x10005600                tud_descriptor_device_qualifier_cb
 .text.tud_descriptor_other_speed_configuration_cb
                0x10005604        0x4 CMakeFiles/02_control.dir/Users/milanatroanova/Repositories/pico/pico-sdk/lib/tinyusb/src/device/usbd.c.o
                0x10005604                tud_descriptor_other_speed_configuration_cb
 .text.tud_mount_cb
                0x10005608        0x4 CMakeFiles/02_control.dir/Users/milanatroanova/Repositories/pico/pico-sdk/lib/tinyusb/src/device/usbd.c.o
                0x10005608                tud_mount_cb
 .text.tud_umount_cb
                0x1000560c        0x4 CMakeFiles/02_control.dir/Users/milanatroanova/Repositories/pico/pico-sdk/lib/tinyusb/src/device/usbd.c.o
                0x1000560c                tud_umount_cb
 .text.tud_suspend_cb
                0x10005610        0x4 CMakeFiles/02_control.dir/Users/milanatroanova/Repositories/pico/pico-sdk/lib/tinyusb/src/device/usbd.c.o
                0x10005610                tud_suspend_cb
 .text.tud_resume_cb
                0x10005614        0x4 CMakeFiles/02_control.dir/Users/milanatroanova/Repositories/pico/pico-sdk/lib/tinyusb/src/device/usbd.c.o
                0x10005614                tud_resume_cb
 .text.tud_mounted
                0x10005618       0x10 CMakeFiles/02_control.dir/Users/milanatroanova/Repositories/pico/pico-sdk/lib/tinyusb/src/device/usbd.c.o
                0x10005618                tud_mounted
 .text.tud_suspended
                0x10005628       0x10 CMakeFiles/02_control.dir/Users/milanatroanova/Repositories/pico/pico-sdk/lib/tinyusb/src/device/usbd.c.o
                0x10005628                tud_suspended
 .text.tud_rhport_init
                0x10005638       0xf0 CMakeFiles/02_control.dir/Users/milanatroanova/Repositories/pico/pico-sdk/lib/tinyusb/src/device/usbd.c.o
                0x10005638                tud_rhport_init
 .text.tud_task_ext
                0x10005728      0x7fc CMakeFiles/02_control.dir/Users/milanatroanova/Repositories/pico/pico-sdk/lib/tinyusb/src/device/usbd.c.o
                0x10005728                tud_task_ext
 .text.usbd_open_edpt_pair
                0x10005f24       0x98 CMakeFiles/02_control.dir/Users/milanatroanova/Repositories/pico/pico-sdk/lib/tinyusb/src/device/usbd.c.o
                0x10005f24                usbd_open_edpt_pair
 .text.usbd_edpt_open
                0x10005fbc       0x34 CMakeFiles/02_control.dir/Users/milanatroanova/Repositories/pico/pico-sdk/lib/tinyusb/src/device/usbd.c.o
                0x10005fbc                usbd_edpt_open
 .text.usbd_edpt_claim
                0x10005ff0       0x28 CMakeFiles/02_control.dir/Users/milanatroanova/Repositories/pico/pico-sdk/lib/tinyusb/src/device/usbd.c.o
                0x10005ff0                usbd_edpt_claim
 .text.usbd_edpt_release
                0x10006018       0x28 CMakeFiles/02_control.dir/Users/milanatroanova/Repositories/pico/pico-sdk/lib/tinyusb/src/device/usbd.c.o
                0x10006018                usbd_edpt_release
 .text.usbd_edpt_xfer
                0x10006040       0x50 CMakeFiles/02_control.dir/Users/milanatroanova/Repositories/pico/pico-sdk/lib/tinyusb/src/device/usbd.c.o
                0x10006040                usbd_edpt_xfer
 .text.tud_control_status
                0x10006090       0x2c CMakeFiles/02_control.dir/Users/milanatroanova/Repositories/pico/pico-sdk/lib/tinyusb/src/device/usbd_control.c.o
                0x10006090                tud_control_status
 .text.tud_control_xfer
                0x100060bc       0xa0 CMakeFiles/02_control.dir/Users/milanatroanova/Repositories/pico/pico-sdk/lib/tinyusb/src/device/usbd_control.c.o
                0x100060bc                tud_control_xfer
 .text.usbd_control_reset
                0x1000615c       0x14 CMakeFiles/02_control.dir/Users/milanatroanova/Repositories/pico/pico-sdk/lib/tinyusb/src/device/usbd_control.c.o
                0x1000615c                usbd_control_reset
 .text.usbd_control_set_complete_callback
                0x10006170        0xc CMakeFiles/02_control.dir/Users/milanatroanova/Repositories/pico/pico-sdk/lib/tinyusb/src/device/usbd_control.c.o
                0x10006170                usbd_control_set_complete_callback
 .text.usbd_control_set_request
                0x1000617c       0x1c CMakeFiles/02_control.dir/Users/milanatroanova/Repositories/pico/pico-sdk/lib/tinyusb/src/device/usbd_control.c.o
                0x1000617c                usbd_control_set_request
 .text.usbd_control_xfer_cb
                0x10006198       0xe8 CMakeFiles/02_control.dir/Users/milanatroanova/Repositories/pico/pico-sdk/lib/tinyusb/src/device/usbd_control.c.o
                0x10006198                usbd_control_xfer_cb
 .text._prep_out_transaction.isra.0
                0x10006280       0x6c CMakeFiles/02_control.dir/Users/milanatroanova/Repositories/pico/pico-sdk/lib/tinyusb/src/class/cdc/cdc_device.c.o
 .text.tud_cdc_n_connected
                0x100062ec       0x2c CMakeFiles/02_control.dir/Users/milanatroanova/Repositories/pico/pico-sdk/lib/tinyusb/src/class/cdc/cdc_device.c.o
                0x100062ec                tud_cdc_n_connected
 .text.tud_cdc_n_available
                0x10006318       0x14 CMakeFiles/02_control.dir/Users/milanatroanova/Repositories/pico/pico-sdk/lib/tinyusb/src/class/cdc/cdc_device.c.o
                0x10006318                tud_cdc_n_available
 .text.tud_cdc_n_read
                0x1000632c       0x88 CMakeFiles/02_control.dir/Users/milanatroanova/Repositories/pico/pico-sdk/lib/tinyusb/src/class/cdc/cdc_device.c.o
                0x1000632c                tud_cdc_n_read
 .text.tud_cdc_n_write_flush
                0x100063b4       0x78 CMakeFiles/02_control.dir/Users/milanatroanova/Repositories/pico/pico-sdk/lib/tinyusb/src/class/cdc/cdc_device.c.o
                0x100063b4                tud_cdc_n_write_flush
 .text.tud_cdc_n_write
                0x1000642c       0x40 CMakeFiles/02_control.dir/Users/milanatroanova/Repositories/pico/pico-sdk/lib/tinyusb/src/class/cdc/cdc_device.c.o
                0x1000642c                tud_cdc_n_write
 .text.tud_cdc_n_write_available
                0x1000646c       0x14 CMakeFiles/02_control.dir/Users/milanatroanova/Repositories/pico/pico-sdk/lib/tinyusb/src/class/cdc/cdc_device.c.o
                0x1000646c                tud_cdc_n_write_available
 .text.cdcd_init
                0x10006480       0x70 CMakeFiles/02_control.dir/Users/milanatroanova/Repositories/pico/pico-sdk/lib/tinyusb/src/class/cdc/cdc_device.c.o
                0x10006480                cdcd_init
 .text.cdcd_deinit
                0x100064f0       0x30 CMakeFiles/02_control.dir/Users/milanatroanova/Repositories/pico/pico-sdk/lib/tinyusb/src/class/cdc/cdc_device.c.o
                0x100064f0                cdcd_deinit
 .text.cdcd_reset
                0x10006520       0x48 CMakeFiles/02_control.dir/Users/milanatroanova/Repositories/pico/pico-sdk/lib/tinyusb/src/class/cdc/cdc_device.c.o
                0x10006520                cdcd_reset
 .text.cdcd_open
                0x10006568       0xa8 CMakeFiles/02_control.dir/Users/milanatroanova/Repositories/pico/pico-sdk/lib/tinyusb/src/class/cdc/cdc_device.c.o
                0x10006568                cdcd_open
 .text.cdcd_control_xfer_cb
                0x10006610       0xf0 CMakeFiles/02_control.dir/Users/milanatroanova/Repositories/pico/pico-sdk/lib/tinyusb/src/class/cdc/cdc_device.c.o
                0x10006610                cdcd_control_xfer_cb
 .text.cdcd_xfer_cb
                0x10006700       0xf8 CMakeFiles/02_control.dir/Users/milanatroanova/Repositories/pico/pico-sdk/lib/tinyusb/src/class/cdc/cdc_device.c.o
                0x10006700                cdcd_xfer_cb
 .text.vendord_init
                0x100067f8       0x5c CMakeFiles/02_control.dir/Users/milanatroanova/Repositories/pico/pico-sdk/lib/tinyusb/src/class/vendor/vendor_device.c.o
                0x100067f8                vendord_init
 .text.vendord_deinit
                0x10006854       0x1c CMakeFiles/02_control.dir/Users/milanatroanova/Repositories/pico/pico-sdk/lib/tinyusb/src/class/vendor/vendor_device.c.o
                0x10006854                vendord_deinit
 .text.vendord_reset
                0x10006870       0x28 CMakeFiles/02_control.dir/Users/milanatroanova/Repositories/pico/pico-sdk/lib/tinyusb/src/class/vendor/vendor_device.c.o
                0x10006870                vendord_reset
 .text.vendord_open
                0x10006898      0x104 CMakeFiles/02_control.dir/Users/milanatroanova/Repositories/pico/pico-sdk/lib/tinyusb/src/class/vendor/vendor_device.c.o
                0x10006898                vendord_open
 .text.vendord_xfer_cb
                0x1000699c       0xa0 CMakeFiles/02_control.dir/Users/milanatroanova/Repositories/pico/pico-sdk/lib/tinyusb/src/class/vendor/vendor_device.c.o
                0x1000699c                vendord_xfer_cb
 .text.tusb_rhport_init
                0x10006a3c       0x4c CMakeFiles/02_control.dir/Users/milanatroanova/Repositories/pico/pico-sdk/lib/tinyusb/src/tusb.c.o
                0x10006a3c                tusb_rhport_init
 .text.tu_edpt_claim
                0x10006a88       0x50 CMakeFiles/02_control.dir/Users/milanatroanova/Repositories/pico/pico-sdk/lib/tinyusb/src/tusb.c.o
                0x10006a88                tu_edpt_claim
 .text.tu_edpt_release
                0x10006ad8       0x38 CMakeFiles/02_control.dir/Users/milanatroanova/Repositories/pico/pico-sdk/lib/tinyusb/src/tusb.c.o
                0x10006ad8                tu_edpt_release
 .text.tu_edpt_validate
                0x10006b10       0x74 CMakeFiles/02_control.dir/Users/milanatroanova/Repositories/pico/pico-sdk/lib/tinyusb/src/tusb.c.o
                0x10006b10                tu_edpt_validate
 .text.tu_edpt_bind_driver
                0x10006b84       0x34 CMakeFiles/02_control.dir/Users/milanatroanova/Repositories/pico/pico-sdk/lib/tinyusb/src/tusb.c.o
                0x10006b84                tu_edpt_bind_driver
 .text.tu_edpt_stream_init
                0x10006bb8       0x68 CMakeFiles/02_control.dir/Users/milanatroanova/Repositories/pico/pico-sdk/lib/tinyusb/src/tusb.c.o
                0x10006bb8                tu_edpt_stream_init
 .text.tu_edpt_stream_deinit
                0x10006c20        0x4 CMakeFiles/02_control.dir/Users/milanatroanova/Repositories/pico/pico-sdk/lib/tinyusb/src/tusb.c.o
                0x10006c20                tu_edpt_stream_deinit
 .text.tu_edpt_stream_write_zlp_if_needed
                0x10006c24       0x64 CMakeFiles/02_control.dir/Users/milanatroanova/Repositories/pico/pico-sdk/lib/tinyusb/src/tusb.c.o
                0x10006c24                tu_edpt_stream_write_zlp_if_needed
 .text.tu_edpt_stream_write_xfer
                0x10006c88       0x6c CMakeFiles/02_control.dir/Users/milanatroanova/Repositories/pico/pico-sdk/lib/tinyusb/src/tusb.c.o
                0x10006c88                tu_edpt_stream_write_xfer
 .text.tu_edpt_stream_read_xfer
                0x10006cf4       0xd8 CMakeFiles/02_control.dir/Users/milanatroanova/Repositories/pico/pico-sdk/lib/tinyusb/src/tusb.c.o
                0x10006cf4                tu_edpt_stream_read_xfer
 .text.tu_fifo_config
                0x10006dcc       0x6c CMakeFiles/02_control.dir/Users/milanatroanova/Repositories/pico/pico-sdk/lib/tinyusb/src/common/tusb_fifo.c.o
                0x10006dcc                tu_fifo_config
 .text.tu_fifo_count
                0x10006e38       0x2c CMakeFiles/02_control.dir/Users/milanatroanova/Repositories/pico/pico-sdk/lib/tinyusb/src/common/tusb_fifo.c.o
                0x10006e38                tu_fifo_count
 .text.tu_fifo_empty
                0x10006e64       0x10 CMakeFiles/02_control.dir/Users/milanatroanova/Repositories/pico/pico-sdk/lib/tinyusb/src/common/tusb_fifo.c.o
                0x10006e64                tu_fifo_empty
 .text.tu_fifo_remaining
                0x10006e74       0x2c CMakeFiles/02_control.dir/Users/milanatroanova/Repositories/pico/pico-sdk/lib/tinyusb/src/common/tusb_fifo.c.o
                0x10006e74                tu_fifo_remaining
 .text.tu_fifo_read
                0x10006ea0       0x9c CMakeFiles/02_control.dir/Users/milanatroanova/Repositories/pico/pico-sdk/lib/tinyusb/src/common/tusb_fifo.c.o
                0x10006ea0                tu_fifo_read
 .text.tu_fifo_read_n
                0x10006f3c       0xec CMakeFiles/02_control.dir/Users/milanatroanova/Repositories/pico/pico-sdk/lib/tinyusb/src/common/tusb_fifo.c.o
                0x10006f3c                tu_fifo_read_n
 .text.tu_fifo_write
                0x10007028       0xa4 CMakeFiles/02_control.dir/Users/milanatroanova/Repositories/pico/pico-sdk/lib/tinyusb/src/common/tusb_fifo.c.o
                0x10007028                tu_fifo_write
 .text.tu_fifo_write_n
                0x100070cc      0x168 CMakeFiles/02_control.dir/Users/milanatroanova/Repositories/pico/pico-sdk/lib/tinyusb/src/common/tusb_fifo.c.o
                0x100070cc                tu_fifo_write_n
 .text.tu_fifo_clear
                0x10007234       0x40 CMakeFiles/02_control.dir/Users/milanatroanova/Repositories/pico/pico-sdk/lib/tinyusb/src/common/tusb_fifo.c.o
                0x10007234                tu_fifo_clear
 .text.tu_fifo_set_overwritable
                0x10007274       0x48 CMakeFiles/02_control.dir/Users/milanatroanova/Repositories/pico/pico-sdk/lib/tinyusb/src/common/tusb_fifo.c.o
                0x10007274                tu_fifo_set_overwritable
 .text._calloc_r
                0x100072bc       0xb8 /Applications/ArmGNUToolchain/15.2.rel1/arm-none-eabi/bin/../lib/gcc/arm-none-eabi/15.2.1/../../../../arm-none-eabi/lib/thumb/v6-m/nofp/libg.a(libc_a-callocr.o)
                0x100072bc                _calloc_r
 .text.malloc   0x10007374       0x14 /Applications/ArmGNUToolchain/15.2.rel1/arm-none-eabi/bin/../lib/gcc/arm-none-eabi/15.2.1/../../../../arm-none-eabi/lib/thumb/v6-m/nofp/libg.a(libc_a-malloc.o)
                0x10007374                malloc
 .text.free     0x10007388       0x14 /Applications/ArmGNUToolchain/15.2.rel1/arm-none-eabi/bin/../lib/gcc/arm-none-eabi/15.2.1/../../../../arm-none-eabi/lib/thumb/v6-m/nofp/libg.a(libc_a-malloc.o)
                0x10007388                free
 .text._malloc_r
                0x1000739c      0x564 /Applications/ArmGNUToolchain/15.2.rel1/arm-none-eabi/bin/../lib/gcc/arm-none-eabi/15.2.1/../../../../arm-none-eabi/lib/thumb/v6-m/nofp/libg.a(libc_a-mallocr.o)
                0x1000739c                _malloc_r
 .text.__malloc_lock
                0x10007900       0x10 /Applications/ArmGNUToolchain/15.2.rel1/arm-none-eabi/bin/../lib/gcc/arm-none-eabi/15.2.1/../../../../arm-none-eabi/lib/thumb/v6-m/nofp/libg.a(libc_a-mlock.o)
                0x10007900                __malloc_lock
 .text.__malloc_unlock
                0x10007910       0x10 /Applications/ArmGNUToolchain/15.2.rel1/arm-none-eabi/bin/../lib/gcc/arm-none-eabi/15.2.1/../../../../arm-none-eabi/lib/thumb/v6-m/nofp/libg.a(libc_a-mlock.o)
                0x10007910                __malloc_unlock
 .text.realloc  0x10007920       0x14 /Applications/ArmGNUToolchain/15.2.rel1/arm-none-eabi/bin/../lib/gcc/arm-none-eabi/15.2.1/../../../../arm-none-eabi/lib/thumb/v6-m/nofp/libg.a(libc_a-realloc.o)
                0x10007920                realloc
 .text._realloc_r
                0x10007934      0x328 /Applications/ArmGNUToolchain/15.2.rel1/arm-none-eabi/bin/../lib/gcc/arm-none-eabi/15.2.1/../../../../arm-none-eabi/lib/thumb/v6-m/nofp/libg.a(libc_a-reallocr.o)
                0x10007934                _realloc_r
 .text.__sflush_r
                0x10007c5c      0x148 /Applications/ArmGNUToolchain/15.2.rel1/arm-none-eabi/bin/../lib/gcc/arm-none-eabi/15.2.1/../../../../arm-none-eabi/lib/thumb/v6-m/nofp/libg.a(libc_a-fflush.o)
                0x10007c5c                __sflush_r
 .text._fflush_r
                0x10007da4       0x68 /Applications/ArmGNUToolchain/15.2.rel1/arm-none-eabi/bin/../lib/gcc/arm-none-eabi/15.2.1/../../../../arm-none-eabi/lib/thumb/v6-m/nofp/libg.a(libc_a-fflush.o)
                0x10007da4                _fflush_r
 .text.fflush   0x10007e0c       0x7c /Applications/ArmGNUToolchain/15.2.rel1/arm-none-eabi/bin/../lib/gcc/arm-none-eabi/15.2.1/../../../../arm-none-eabi/lib/thumb/v6-m/nofp/libg.a(libc_a-fflush.o)
                0x10007e0c                fflush
 .text.sscanf   0x10007e88       0x54 /Applications/ArmGNUToolchain/15.2.rel1/arm-none-eabi/bin/../lib/gcc/arm-none-eabi/15.2.1/../../../../arm-none-eabi/lib/thumb/v6-m/nofp/libg.a(libc_a-sscanf.o)
                0x10007e88                sscanf
 .text.__sread  0x10007edc       0x28 /Applications/ArmGNUToolchain/15.2.rel1/arm-none-eabi/bin/../lib/gcc/arm-none-eabi/15.2.1/../../../../arm-none-eabi/lib/thumb/v6-m/nofp/libg.a(libc_a-stdio.o)
                0x10007edc                __sread
 .text.__seofread
                0x10007f04        0x4 /Applications/ArmGNUToolchain/15.2.rel1/arm-none-eabi/bin/../lib/gcc/arm-none-eabi/15.2.1/../../../../arm-none-eabi/lib/thumb/v6-m/nofp/libg.a(libc_a-stdio.o)
                0x10007f04                __seofread
 .text.__swrite
                0x10007f08       0x40 /Applications/ArmGNUToolchain/15.2.rel1/arm-none-eabi/bin/../lib/gcc/arm-none-eabi/15.2.1/../../../../arm-none-eabi/lib/thumb/v6-m/nofp/libg.a(libc_a-stdio.o)
                0x10007f08                __swrite
 .text.__sseek  0x10007f48       0x2c /Applications/ArmGNUToolchain/15.2.rel1/arm-none-eabi/bin/../lib/gcc/arm-none-eabi/15.2.1/../../../../arm-none-eabi/lib/thumb/v6-m/nofp/libg.a(libc_a-stdio.o)
                0x10007f48                __sseek
 .text.__sclose
                0x10007f74        0xc /Applications/ArmGNUToolchain/15.2.rel1/arm-none-eabi/bin/../lib/gcc/arm-none-eabi/15.2.1/../../../../arm-none-eabi/lib/thumb/v6-m/nofp/libg.a(libc_a-stdio.o)
                0x10007f74                __sclose
 .text.stdio_exit_handler
                0x10007f80       0x1c /Applications/ArmGNUToolchain/15.2.rel1/arm-none-eabi/bin/../lib/gcc/arm-none-eabi/15.2.1/../../../../arm-none-eabi/lib/thumb/v6-m/nofp/libg.a(libc_a-findfp.o)
 .text.cleanup_stdio
                0x10007f9c       0x3c /Applications/ArmGNUToolchain/15.2.rel1/arm-none-eabi/bin/../lib/gcc/arm-none-eabi/15.2.1/../../../../arm-none-eabi/lib/thumb/v6-m/nofp/libg.a(libc_a-findfp.o)
 .text.global_stdio_init.part.0
                0x10007fd8      0x110 /Applications/ArmGNUToolchain/15.2.rel1/arm-none-eabi/bin/../lib/gcc/arm-none-eabi/15.2.1/../../../../arm-none-eabi/lib/thumb/v6-m/nofp/libg.a(libc_a-findfp.o)
 .text.__sinit  0x100080e8       0x38 /Applications/ArmGNUToolchain/15.2.rel1/arm-none-eabi/bin/../lib/gcc/arm-none-eabi/15.2.1/../../../../arm-none-eabi/lib/thumb/v6-m/nofp/libg.a(libc_a-findfp.o)
                0x100080e8                __sinit
 .text.__sfp_lock_acquire
                0x10008120       0x10 /Applications/ArmGNUToolchain/15.2.rel1/arm-none-eabi/bin/../lib/gcc/arm-none-eabi/15.2.1/../../../../arm-none-eabi/lib/thumb/v6-m/nofp/libg.a(libc_a-findfp.o)
                0x10008120                __sfp_lock_acquire
 .text.__sfp_lock_release
                0x10008130       0x10 /Applications/ArmGNUToolchain/15.2.rel1/arm-none-eabi/bin/../lib/gcc/arm-none-eabi/15.2.1/../../../../arm-none-eabi/lib/thumb/v6-m/nofp/libg.a(libc_a-findfp.o)
                0x10008130                __sfp_lock_release
 .text.memmove  0x10008140      0x104 /Applications/ArmGNUToolchain/15.2.rel1/arm-none-eabi/bin/../lib/gcc/arm-none-eabi/15.2.1/../../../../arm-none-eabi/lib/thumb/v6-m/nofp/libg.a(libc_a-memmove.o)
                0x10008140                memmove
 .text.strchr   0x10008244       0xb4 /Applications/ArmGNUToolchain/15.2.rel1/arm-none-eabi/bin/../lib/gcc/arm-none-eabi/15.2.1/../../../../arm-none-eabi/lib/thumb/v6-m/nofp/libg.a(libc_a-strchr.o)
                0x10008244                strchr
 .text._close_r
                0x100082f8       0x24 /Applications/ArmGNUToolchain/15.2.rel1/arm-none-eabi/bin/../lib/gcc/arm-none-eabi/15.2.1/../../../../arm-none-eabi/lib/thumb/v6-m/nofp/libg.a(libc_a-closer.o)
                0x100082f8                _close_r
 .text._lseek_r
                0x1000831c       0x28 /Applications/ArmGNUToolchain/15.2.rel1/arm-none-eabi/bin/../lib/gcc/arm-none-eabi/15.2.1/../../../../arm-none-eabi/lib/thumb/v6-m/nofp/libg.a(libc_a-lseekr.o)
                0x1000831c                _lseek_r
 .text._read_r  0x10008344       0x28 /Applications/ArmGNUToolchain/15.2.rel1/arm-none-eabi/bin/../lib/gcc/arm-none-eabi/15.2.1/../../../../arm-none-eabi/lib/thumb/v6-m/nofp/libg.a(libc_a-readr.o)
                0x10008344                _read_r
 .text._sbrk_r  0x1000836c       0x24 /Applications/ArmGNUToolchain/15.2.rel1/arm-none-eabi/bin/../lib/gcc/arm-none-eabi/15.2.1/../../../../arm-none-eabi/lib/thumb/v6-m/nofp/libg.a(libc_a-sbrkr.o)
                0x1000836c                _sbrk_r
 .text._write_r
                0x10008390       0x28 /Applications/ArmGNUToolchain/15.2.rel1/arm-none-eabi/bin/../lib/gcc/arm-none-eabi/15.2.1/../../../../arm-none-eabi/lib/thumb/v6-m/nofp/libg.a(libc_a-writer.o)
                0x10008390                _write_r
 .text.__errno  0x100083b8        0xc /Applications/ArmGNUToolchain/15.2.rel1/arm-none-eabi/bin/../lib/gcc/arm-none-eabi/15.2.1/../../../../arm-none-eabi/lib/thumb/v6-m/nofp/libg.a(libc_a-errno.o)
                0x100083b8                __errno
 .text.sysconf  0x100083c4       0x1c /Applications/ArmGNUToolchain/15.2.rel1/arm-none-eabi/bin/../lib/gcc/arm-none-eabi/15.2.1/../../../../arm-none-eabi/lib/thumb/v6-m/nofp/libg.a(libc_a-sysconf.o)
                0x100083c4                sysconf
 .text          0x100083e0       0x88 /Applications/ArmGNUToolchain/15.2.rel1/arm-none-eabi/bin/../lib/gcc/arm-none-eabi/15.2.1/../../../../arm-none-eabi/lib/thumb/v6-m/nofp/libg.a(libc_a-strcmp.o)
                0x100083e0                strcmp
 .text.__retarget_lock_init_recursive
                0x10008468        0x4 /Applications/ArmGNUToolchain/15.2.rel1/arm-none-eabi/bin/../lib/gcc/arm-none-eabi/15.2.1/../../../../arm-none-eabi/lib/thumb/v6-m/nofp/libg.a(libc_a-lock.o)
                0x10008468                __retarget_lock_init_recursive
 .text.__retarget_lock_close_recursive
                0x1000846c        0x4 /Applications/ArmGNUToolchain/15.2.rel1/arm-none-eabi/bin/../lib/gcc/arm-none-eabi/15.2.1/../../../../arm-none-eabi/lib/thumb/v6-m/nofp/libg.a(libc_a-lock.o)
                0x1000846c                __retarget_lock_close_recursive
 .text.__retarget_lock_acquire_recursive
                0x10008470        0x4 /Applications/ArmGNUToolchain/15.2.rel1/arm-none-eabi/bin/../lib/gcc/arm-none-eabi/15.2.1/../../../../arm-none-eabi/lib/thumb/v6-m/nofp/libg.a(libc_a-lock.o)
                0x10008470                __retarget_lock_acquire_recursive
 .text.__retarget_lock_release_recursive
                0x10008474        0x4 /Applications/ArmGNUToolchain/15.2.rel1/arm-none-eabi/bin/../lib/gcc/arm-none-eabi/15.2.1/../../../../arm-none-eabi/lib/thumb/v6-m/nofp/libg.a(libc_a-lock.o)
                0x10008474                __retarget_lock_release_recursive
 .text.strlen   0x10008478       0x60 /Applications/ArmGNUToolchain/15.2.rel1/arm-none-eabi/bin/../lib/gcc/arm-none-eabi/15.2.1/../../../../arm-none-eabi/lib/thumb/v6-m/nofp/libg.a(libc_a-strlen-stub.o)
                0x10008478                strlen
 .text._malloc_trim_r
                0x100084d8       0xb0 /Applications/ArmGNUToolchain/15.2.rel1/arm-none-eabi/bin/../lib/gcc/arm-none-eabi/15.2.1/../../../../arm-none-eabi/lib/thumb/v6-m/nofp/libg.a(libc_a-freer.o)
                0x100084d8                _malloc_trim_r
 .text._free_r  0x10008588      0x1d4 /Applications/ArmGNUToolchain/15.2.rel1/arm-none-eabi/bin/../lib/gcc/arm-none-eabi/15.2.1/../../../../arm-none-eabi/lib/thumb/v6-m/nofp/libg.a(libc_a-freer.o)
                0x10008588                _free_r
 .text._sungetc_r
                0x1000875c       0x84 /Applications/ArmGNUToolchain/15.2.rel1/arm-none-eabi/bin/../lib/gcc/arm-none-eabi/15.2.1/../../../../arm-none-eabi/lib/thumb/v6-m/nofp/libg.a(libc_a-svfiscanf.o)
                0x1000875c                _sungetc_r
 .text.__ssrefill_r
                0x100087e0       0x40 /Applications/ArmGNUToolchain/15.2.rel1/arm-none-eabi/bin/../lib/gcc/arm-none-eabi/15.2.1/../../../../arm-none-eabi/lib/thumb/v6-m/nofp/libg.a(libc_a-svfiscanf.o)
                0x100087e0                __ssrefill_r
 .text._sfread_r
                0x10008820       0xb8 /Applications/ArmGNUToolchain/15.2.rel1/arm-none-eabi/bin/../lib/gcc/arm-none-eabi/15.2.1/../../../../arm-none-eabi/lib/thumb/v6-m/nofp/libg.a(libc_a-svfiscanf.o)
                0x10008820                _sfread_r
 .text.__ssvfscanf_r
                0x100088d8     0x1a44 /Applications/ArmGNUToolchain/15.2.rel1/arm-none-eabi/bin/../lib/gcc/arm-none-eabi/15.2.1/../../../../arm-none-eabi/lib/thumb/v6-m/nofp/libg.a(libc_a-svfscanf.o)
                0x100088d8                __ssvfscanf_r
 .text._fwalk_sglue
                0x1000a31c       0x44 /Applications/ArmGNUToolchain/15.2.rel1/arm-none-eabi/bin/../lib/gcc/arm-none-eabi/15.2.1/../../../../arm-none-eabi/lib/thumb/v6-m/nofp/libg.a(libc_a-fwalk.o)
                0x1000a31c                _fwalk_sglue
 .text.sulp     0x1000a360       0x30 /Applications/ArmGNUToolchain/15.2.rel1/arm-none-eabi/bin/../lib/gcc/arm-none-eabi/15.2.1/../../../../arm-none-eabi/lib/thumb/v6-m/nofp/libg.a(libc_a-strtod.o)
 .text._strtod_l
                0x1000a390      0xf98 /Applications/ArmGNUToolchain/15.2.rel1/arm-none-eabi/bin/../lib/gcc/arm-none-eabi/15.2.1/../../../../arm-none-eabi/lib/thumb/v6-m/nofp/libg.a(libc_a-strtod.o)
                0x1000a390                _strtod_l
 .text._strtod_r
                0x1000b328       0x10 /Applications/ArmGNUToolchain/15.2.rel1/arm-none-eabi/bin/../lib/gcc/arm-none-eabi/15.2.1/../../../../arm-none-eabi/lib/thumb/v6-m/nofp/libg.a(libc_a-strtod.o)
                0x1000b328                _strtod_r
 .text._strtol_l.isra.0
                0x1000b338      0x154 /Applications/ArmGNUToolchain/15.2.rel1/arm-none-eabi/bin/../lib/gcc/arm-none-eabi/15.2.1/../../../../arm-none-eabi/lib/thumb/v6-m/nofp/libg.a(libc_a-strtol.o)
 .text._strtol_r
                0x1000b48c        0x8 /Applications/ArmGNUToolchain/15.2.rel1/arm-none-eabi/bin/../lib/gcc/arm-none-eabi/15.2.1/../../../../arm-none-eabi/lib/thumb/v6-m/nofp/libg.a(libc_a-strtol.o)
                0x1000b48c                _strtol_r
 .text._strtoul_l.isra.0
                0x1000b494      0x144 /Applications/ArmGNUToolchain/15.2.rel1/arm-none-eabi/bin/../lib/gcc/arm-none-eabi/15.2.1/../../../../arm-none-eabi/lib/thumb/v6-m/nofp/libg.a(libc_a-strtoul.o)
 .text._strtoul_r
                0x1000b5d8        0x8 /Applications/ArmGNUToolchain/15.2.rel1/arm-none-eabi/bin/../lib/gcc/arm-none-eabi/15.2.1/../../../../arm-none-eabi/lib/thumb/v6-m/nofp/libg.a(libc_a-strtoul.o)
                0x1000b5d8                _strtoul_r
 .text._fclose_r
                0x1000b5e0       0xd4 /Applications/ArmGNUToolchain/15.2.rel1/arm-none-eabi/bin/../lib/gcc/arm-none-eabi/15.2.1/../../../../arm-none-eabi/lib/thumb/v6-m/nofp/libg.a(libc_a-fclose.o)
                0x1000b5e0                _fclose_r
 .text.__sccl   0x1000b6b4       0x88 /Applications/ArmGNUToolchain/15.2.rel1/arm-none-eabi/bin/../lib/gcc/arm-none-eabi/15.2.1/../../../../arm-none-eabi/lib/thumb/v6-m/nofp/libg.a(libc_a-sccl.o)
                0x1000b6b4                __sccl
 .text.__submore
                0x1000b73c       0x78 /Applications/ArmGNUToolchain/15.2.rel1/arm-none-eabi/bin/../lib/gcc/arm-none-eabi/15.2.1/../../../../arm-none-eabi/lib/thumb/v6-m/nofp/libg.a(libc_a-ungetc.o)
                0x1000b73c                __submore
 .text.strncmp  0x1000b7b4       0x6c /Applications/ArmGNUToolchain/15.2.rel1/arm-none-eabi/bin/../lib/gcc/arm-none-eabi/15.2.1/../../../../arm-none-eabi/lib/thumb/v6-m/nofp/libg.a(libc_a-strncmp.o)
                0x1000b7b4                strncmp
 .text.stpncpy  0x1000b820       0x6c /Applications/ArmGNUToolchain/15.2.rel1/arm-none-eabi/bin/../lib/gcc/arm-none-eabi/15.2.1/../../../../arm-none-eabi/lib/thumb/v6-m/nofp/libg.a(libc_a-stpncpy.o)
                0x1000b820                stpncpy
 .text.__locale_mb_cur_max
                0x1000b88c       0x10 /Applications/ArmGNUToolchain/15.2.rel1/arm-none-eabi/bin/../lib/gcc/arm-none-eabi/15.2.1/../../../../arm-none-eabi/lib/thumb/v6-m/nofp/libg.a(libc_a-locale.o)
                0x1000b88c                __locale_mb_cur_max
 .text._localeconv_r
                0x1000b89c        0x8 /Applications/ArmGNUToolchain/15.2.rel1/arm-none-eabi/bin/../lib/gcc/arm-none-eabi/15.2.1/../../../../arm-none-eabi/lib/thumb/v6-m/nofp/libg.a(libc_a-localeconv.o)
                0x1000b89c                _localeconv_r
 .text._strtoll_l.isra.0
                0x1000b8a4      0x19c /Applications/ArmGNUToolchain/15.2.rel1/arm-none-eabi/bin/../lib/gcc/arm-none-eabi/15.2.1/../../../../arm-none-eabi/lib/thumb/v6-m/nofp/libg.a(libc_a-strtoll.o)
 .text._strtoll_r
                0x1000ba40        0x8 /Applications/ArmGNUToolchain/15.2.rel1/arm-none-eabi/bin/../lib/gcc/arm-none-eabi/15.2.1/../../../../arm-none-eabi/lib/thumb/v6-m/nofp/libg.a(libc_a-strtoll.o)
                0x1000ba40                _strtoll_r
 .text._strtoull_l.isra.0
                0x1000ba48      0x1c4 /Applications/ArmGNUToolchain/15.2.rel1/arm-none-eabi/bin/../lib/gcc/arm-none-eabi/15.2.1/../../../../arm-none-eabi/lib/thumb/v6-m/nofp/libg.a(libc_a-strtoull.o)
 .text._strtoull_r
                0x1000bc0c        0x8 /Applications/ArmGNUToolchain/15.2.rel1/arm-none-eabi/bin/../lib/gcc/arm-none-eabi/15.2.1/../../../../arm-none-eabi/lib/thumb/v6-m/nofp/libg.a(libc_a-strtoull.o)
                0x1000bc0c                _strtoull_r
 .text._mbrtowc_r
                0x1000bc14       0x64 /Applications/ArmGNUToolchain/15.2.rel1/arm-none-eabi/bin/../lib/gcc/arm-none-eabi/15.2.1/../../../../arm-none-eabi/lib/thumb/v6-m/nofp/libg.a(libc_a-mbrtowc.o)
                0x1000bc14                _mbrtowc_r
 .text.iswspace
                0x1000bc78        0xc /Applications/ArmGNUToolchain/15.2.rel1/arm-none-eabi/bin/../lib/gcc/arm-none-eabi/15.2.1/../../../../arm-none-eabi/lib/thumb/v6-m/nofp/libg.a(libc_a-iswspace.o)
                0x1000bc78                iswspace
 .text.iswspace_l
                0x1000bc84       0x28 /Applications/ArmGNUToolchain/15.2.rel1/arm-none-eabi/bin/../lib/gcc/arm-none-eabi/15.2.1/../../../../arm-none-eabi/lib/thumb/v6-m/nofp/libg.a(libc_a-iswspace_l.o)
                0x1000bc84                iswspace_l
 .text.nan      0x1000bcac        0xc /Applications/ArmGNUToolchain/15.2.rel1/arm-none-eabi/bin/../lib/gcc/arm-none-eabi/15.2.1/../../../../arm-none-eabi/lib/thumb/v6-m/nofp/libg.a(libm_a-s_nan.o)
                0x1000bcac                nan
 .text.nanf     0x1000bcb8        0x8 /Applications/ArmGNUToolchain/15.2.rel1/arm-none-eabi/bin/../lib/gcc/arm-none-eabi/15.2.1/../../../../arm-none-eabi/lib/thumb/v6-m/nofp/libg.a(libm_a-sf_nan.o)
                0x1000bcb8                nanf
 .text.__jp2uc  0x1000bcc0      0x154 /Applications/ArmGNUToolchain/15.2.rel1/arm-none-eabi/bin/../lib/gcc/arm-none-eabi/15.2.1/../../../../arm-none-eabi/lib/thumb/v6-m/nofp/libg.a(libc_a-jp2uc.o)
 .text._jp2uc_l
                0x1000be14       0x68 /Applications/ArmGNUToolchain/15.2.rel1/arm-none-eabi/bin/../lib/gcc/arm-none-eabi/15.2.1/../../../../arm-none-eabi/lib/thumb/v6-m/nofp/libg.a(libc_a-jp2uc.o)
                0x1000be14                _jp2uc_l
 .text.category
                0x1000be7c       0x58 /Applications/ArmGNUToolchain/15.2.rel1/arm-none-eabi/bin/../lib/gcc/arm-none-eabi/15.2.1/../../../../arm-none-eabi/lib/thumb/v6-m/nofp/libg.a(libc_a-categories.o)
                0x1000be7c                category
 .text.rshift   0x1000bed4       0xa8 /Applications/ArmGNUToolchain/15.2.rel1/arm-none-eabi/bin/../lib/gcc/arm-none-eabi/15.2.1/../../../../arm-none-eabi/lib/thumb/v6-m/nofp/libg.a(libc_a-gdtoa-gethex.o)
 .text.__gethex
                0x1000bf7c      0x5f8 /Applications/ArmGNUToolchain/15.2.rel1/arm-none-eabi/bin/../lib/gcc/arm-none-eabi/15.2.1/../../../../arm-none-eabi/lib/thumb/v6-m/nofp/libg.a(libc_a-gdtoa-gethex.o)
                0x1000bf7c                __gethex
 .text.__match  0x1000c574       0x30 /Applications/ArmGNUToolchain/15.2.rel1/arm-none-eabi/bin/../lib/gcc/arm-none-eabi/15.2.1/../../../../arm-none-eabi/lib/thumb/v6-m/nofp/libg.a(libc_a-gdtoa-hexnan.o)
                0x1000c574                __match
 .text.__hexnan
                0x1000c5a4      0x1e0 /Applications/ArmGNUToolchain/15.2.rel1/arm-none-eabi/bin/../lib/gcc/arm-none-eabi/15.2.1/../../../../arm-none-eabi/lib/thumb/v6-m/nofp/libg.a(libc_a-gdtoa-hexnan.o)
                0x1000c5a4                __hexnan
 .text.__ascii_mbtowc
                0x1000c784       0x2c /Applications/ArmGNUToolchain/15.2.rel1/arm-none-eabi/bin/../lib/gcc/arm-none-eabi/15.2.1/../../../../arm-none-eabi/lib/thumb/v6-m/nofp/libg.a(libc_a-mbtowc_r.o)
                0x1000c784                __ascii_mbtowc
 .text._Balloc  0x1000c7b0       0x58 /Applications/ArmGNUToolchain/15.2.rel1/arm-none-eabi/bin/../lib/gcc/arm-none-eabi/15.2.1/../../../../arm-none-eabi/lib/thumb/v6-m/nofp/libg.a(libc_a-mprec.o)
                0x1000c7b0                _Balloc
 .text._Bfree   0x1000c808       0x14 /Applications/ArmGNUToolchain/15.2.rel1/arm-none-eabi/bin/../lib/gcc/arm-none-eabi/15.2.1/../../../../arm-none-eabi/lib/thumb/v6-m/nofp/libg.a(libc_a-mprec.o)
                0x1000c808                _Bfree
 .text.__multadd
                0x1000c81c       0xa4 /Applications/ArmGNUToolchain/15.2.rel1/arm-none-eabi/bin/../lib/gcc/arm-none-eabi/15.2.1/../../../../arm-none-eabi/lib/thumb/v6-m/nofp/libg.a(libc_a-mprec.o)
                0x1000c81c                __multadd
 .text.__s2b    0x1000c8c0       0xb0 /Applications/ArmGNUToolchain/15.2.rel1/arm-none-eabi/bin/../lib/gcc/arm-none-eabi/15.2.1/../../../../arm-none-eabi/lib/thumb/v6-m/nofp/libg.a(libc_a-mprec.o)
                0x1000c8c0                __s2b
 .text.__hi0bits
                0x1000c970       0x60 /Applications/ArmGNUToolchain/15.2.rel1/arm-none-eabi/bin/../lib/gcc/arm-none-eabi/15.2.1/../../../../arm-none-eabi/lib/thumb/v6-m/nofp/libg.a(libc_a-mprec.o)
                0x1000c970                __hi0bits
 .text.__lo0bits
                0x1000c9d0       0x8c /Applications/ArmGNUToolchain/15.2.rel1/arm-none-eabi/bin/../lib/gcc/arm-none-eabi/15.2.1/../../../../arm-none-eabi/lib/thumb/v6-m/nofp/libg.a(libc_a-mprec.o)
                0x1000c9d0                __lo0bits
 .text.__i2b    0x1000ca5c       0x60 /Applications/ArmGNUToolchain/15.2.rel1/arm-none-eabi/bin/../lib/gcc/arm-none-eabi/15.2.1/../../../../arm-none-eabi/lib/thumb/v6-m/nofp/libg.a(libc_a-mprec.o)
                0x1000ca5c                __i2b
 .text.__multiply
                0x1000cabc      0x1b8 /Applications/ArmGNUToolchain/15.2.rel1/arm-none-eabi/bin/../lib/gcc/arm-none-eabi/15.2.1/../../../../arm-none-eabi/lib/thumb/v6-m/nofp/libg.a(libc_a-mprec.o)
                0x1000cabc                __multiply
 .text.__pow5mult
                0x1000cc74       0xd4 /Applications/ArmGNUToolchain/15.2.rel1/arm-none-eabi/bin/../lib/gcc/arm-none-eabi/15.2.1/../../../../arm-none-eabi/lib/thumb/v6-m/nofp/libg.a(libc_a-mprec.o)
                0x1000cc74                __pow5mult
 .text.__lshift
                0x1000cd48       0xf4 /Applications/ArmGNUToolchain/15.2.rel1/arm-none-eabi/bin/../lib/gcc/arm-none-eabi/15.2.1/../../../../arm-none-eabi/lib/thumb/v6-m/nofp/libg.a(libc_a-mprec.o)
                0x1000cd48                __lshift
 .text.__mcmp   0x1000ce3c       0x4c /Applications/ArmGNUToolchain/15.2.rel1/arm-none-eabi/bin/../lib/gcc/arm-none-eabi/15.2.1/../../../../arm-none-eabi/lib/thumb/v6-m/nofp/libg.a(libc_a-mprec.o)
                0x1000ce3c                __mcmp
 .text.__mdiff  0x1000ce88      0x1a0 /Applications/ArmGNUToolchain/15.2.rel1/arm-none-eabi/bin/../lib/gcc/arm-none-eabi/15.2.1/../../../../arm-none-eabi/lib/thumb/v6-m/nofp/libg.a(libc_a-mprec.o)
                0x1000ce88                __mdiff
 .text.__ulp    0x1000d028       0x40 /Applications/ArmGNUToolchain/15.2.rel1/arm-none-eabi/bin/../lib/gcc/arm-none-eabi/15.2.1/../../../../arm-none-eabi/lib/thumb/v6-m/nofp/libg.a(libc_a-mprec.o)
                0x1000d028                __ulp
 .text.__b2d    0x1000d068       0xc4 /Applications/ArmGNUToolchain/15.2.rel1/arm-none-eabi/bin/../lib/gcc/arm-none-eabi/15.2.1/../../../../arm-none-eabi/lib/thumb/v6-m/nofp/libg.a(libc_a-mprec.o)
                0x1000d068                __b2d
 .text.__d2b    0x1000d12c       0xd0 /Applications/ArmGNUToolchain/15.2.rel1/arm-none-eabi/bin/../lib/gcc/arm-none-eabi/15.2.1/../../../../arm-none-eabi/lib/thumb/v6-m/nofp/libg.a(libc_a-mprec.o)
                0x1000d12c                __d2b
 .text.__ratio  0x1000d1fc       0x5c /Applications/ArmGNUToolchain/15.2.rel1/arm-none-eabi/bin/../lib/gcc/arm-none-eabi/15.2.1/../../../../arm-none-eabi/lib/thumb/v6-m/nofp/libg.a(libc_a-mprec.o)
                0x1000d1fc                __ratio
 .text.__copybits
                0x1000d258       0x44 /Applications/ArmGNUToolchain/15.2.rel1/arm-none-eabi/bin/../lib/gcc/arm-none-eabi/15.2.1/../../../../arm-none-eabi/lib/thumb/v6-m/nofp/libg.a(libc_a-mprec.o)
                0x1000d258                __copybits
 .text.__any_on
                0x1000d29c       0x50 /Applications/ArmGNUToolchain/15.2.rel1/arm-none-eabi/bin/../lib/gcc/arm-none-eabi/15.2.1/../../../../arm-none-eabi/lib/thumb/v6-m/nofp/libg.a(libc_a-mprec.o)
                0x1000d29c                __any_on
 .text.__ascii_wctomb
                0x1000d2ec       0x1c /Applications/ArmGNUToolchain/15.2.rel1/arm-none-eabi/bin/../lib/gcc/arm-none-eabi/15.2.1/../../../../arm-none-eabi/lib/thumb/v6-m/nofp/libg.a(libc_a-wctomb_r.o)
                0x1000d2ec                __ascii_wctomb
 *(.fini)
 .fini          0x1000d308        0x4 /Applications/ArmGNUToolchain/15.2.rel1/arm-none-eabi/bin/../lib/gcc/arm-none-eabi/15.2.1/thumb/v6-m/nofp/crti.o
                0x1000d308                _fini
 *fill*         0x1000d30c        0x4 
 .fini.__stub   0x1000d310       0xc0 linker stubs
 *crtbegin.o(.ctors)
 *crtbegin?.o(.ctors)
 *(EXCLUDE_FILE(*crtend.o *crtend?.o) .ctors)
 *(SORT_BY_NAME(.ctors.*))
 *(.ctors)
 *crtbegin.o(.dtors)
 *crtbegin?.o(.dtors)
 *(EXCLUDE_FILE(*crtend.o *crtend?.o) .dtors)
 *(SORT_BY_NAME(.dtors.*))
 *(.dtors)
                0x1000d3d0                        . = ALIGN (0x4)
                0x1000d3d0                        PROVIDE (__preinit_array_start = .)
 *(SORT_BY_NAME(.preinit_array.*))
 .preinit_array.00100
                0x1000d3d0        0x4 CMakeFiles/02_control.dir/Users/milanatroanova/Repositories/pico/pico-sdk/src/rp2_common/pico_runtime_init/runtime_init.c.o
                0x1000d3d0                __pre_init_runtime_init_early_resets
 .preinit_array.00101
                0x1000d3d4        0x4 CMakeFiles/02_control.dir/Users/milanatroanova/Repositories/pico/pico-sdk/src/rp2_common/pico_runtime_init/runtime_init.c.o
                0x1000d3d4                __pre_init_runtime_init_usb_power_down
 .preinit_array.00275
                0x1000d3d8        0x4 CMakeFiles/02_control.dir/Users/milanatroanova/Repositories/pico/pico-sdk/src/rp2_common/pico_bit_ops/bit_ops_aeabi.S.o
 .preinit_array.00300
                0x1000d3dc        0x4 CMakeFiles/02_control.dir/Users/milanatroanova/Repositories/pico/pico-sdk/src/rp2_common/pico_mem_ops/mem_ops_aeabi.S.o
 .preinit_array.00350
                0x1000d3e0        0x4 CMakeFiles/02_control.dir/Users/milanatroanova/Repositories/pico/pico-sdk/src/rp2_common/pico_double/double_aeabi_rp2040.S.o
 .preinit_array.00350
                0x1000d3e4        0x4 CMakeFiles/02_control.dir/Users/milanatroanova/Repositories/pico/pico-sdk/src/rp2_common/pico_float/float_aeabi_rp2040.S.o
 .preinit_array.00500
                0x1000d3e8        0x4 CMakeFiles/02_control.dir/Users/milanatroanova/Repositories/pico/pico-sdk/src/rp2_common/pico_runtime_init/runtime_init.c.o
                0x1000d3e8                __pre_init_runtime_init_clocks
 .preinit_array.00600
                0x1000d3ec        0x4 CMakeFiles/02_control.dir/Users/milanatroanova/Repositories/pico/pico-sdk/src/rp2_common/pico_runtime_init/runtime_init.c.o
                0x1000d3ec                __pre_init_runtime_init_post_clock_resets
 .preinit_array.00700
                0x1000d3f0        0x4 CMakeFiles/02_control.dir/Users/milanatroanova/Repositories/pico/pico-sdk/src/rp2_common/pico_runtime_init/runtime_init.c.o
                0x1000d3f0                __pre_init_runtime_init_rp2040_gpio_ie_disable
 .preinit_array.01000
                0x1000d3f4        0x4 CMakeFiles/02_control.dir/Users/milanatroanova/Repositories/pico/pico-sdk/src/rp2_common/pico_runtime_init/runtime_init.c.o
                0x1000d3f4                __pre_init_runtime_init_spin_locks_reset
 .preinit_array.01100
                0x1000d3f8        0x4 CMakeFiles/02_control.dir/Users/milanatroanova/Repositories/pico/pico-sdk/src/common/pico_sync/mutex.c.o
                0x1000d3f8                __pre_init_runtime_init_mutex
 .preinit_array.10080
                0x1000d3fc        0x4 CMakeFiles/02_control.dir/Users/milanatroanova/Repositories/pico/pico-sdk/src/rp2_common/pico_runtime_init/runtime_init.c.o
                0x1000d3fc                __pre_init_runtime_init_install_ram_vector_table
 .preinit_array.11000
                0x1000d400        0x4 CMakeFiles/02_control.dir/Users/milanatroanova/Repositories/pico/pico-sdk/src/common/pico_time/time.c.o
                0x1000d400                __pre_init_runtime_init_default_alarm_pool
 .preinit_array.YYYYY
                0x1000d404        0x4 CMakeFiles/02_control.dir/Users/milanatroanova/Repositories/pico/pico-sdk/src/rp2_common/pico_runtime/runtime.c.o
                0x1000d404                __pre_init_first_per_core_initializer
 .preinit_array.ZZZZZ.01200
                0x1000d408        0x4 CMakeFiles/02_control.dir/Users/milanatroanova/Repositories/pico/pico-sdk/src/rp2_common/hardware_irq/irq.c.o
                0x1000d408                __pre_init_runtime_init_per_core_irq_priorities
 *(.preinit_array)
                0x1000d40c                        PROVIDE (__preinit_array_end = .)
                0x1000d40c                        . = ALIGN (0x4)
                0x1000d40c                        PROVIDE (__init_array_start = .)
 *(SORT_BY_NAME(.init_array.*))
 .init_array.01000
                0x1000d40c        0x4 CMakeFiles/02_control.dir/Users/milanatroanova/Repositories/pico/pico-sdk/src/rp2_common/pico_unique_id/unique_id.c.o
 *(.init_array)
 .init_array    0x1000d410        0x4 /Applications/ArmGNUToolchain/15.2.rel1/arm-none-eabi/bin/../lib/gcc/arm-none-eabi/15.2.1/thumb/v6-m/nofp/crtbegin.o
                0x1000d414                        PROVIDE (__init_array_end = .)
                0x1000d414                        . = ALIGN (0x4)
                [!provide]                        PROVIDE (__fini_array_start = .)
 *(SORT_BY_NAME(.fini_array.*))
 *(.fini_array)
                [!provide]                        PROVIDE (__fini_array_end = .)
 *(.eh_frame*)
 .eh_frame      0x1000d414        0x0 /Applications/ArmGNUToolchain/15.2.rel1/arm-none-eabi/bin/../lib/gcc/arm-none-eabi/15.2.1/thumb/v6-m/nofp/crtbegin.o