Archive member included to satisfy reference by file (symbol)

protocol/libprotocol.a(protocol-task.c.o)
                              CMakeFiles/04-bme.dir/main.c.o (protocol_task_init)
bme280_driver/libbme280_driver.a(bme280-driver.c.o)
                              CMakeFiles/04-bme.dir/main.c.o (bme280_init)
/Applications/ArmGNUToolchain/15.2.rel1/arm-none-eabi/bin/../lib/gcc/arm-none-eabi/15.2.1/thumb/v6-m/nofp/libgcc.a(_dvmd_tls.o)
                              CMakeFiles/04-bme.dir/Users/milanatroanova/Repositories/pico/pico-sdk/src/rp2_common/pico_divider/divider_hardware.S.o (__aeabi_idiv0)
/Applications/ArmGNUToolchain/15.2.rel1/arm-none-eabi/bin/../lib/gcc/arm-none-eabi/15.2.1/../../../../arm-none-eabi/lib/thumb/v6-m/nofp/libg.a(libc_a-calloc.o)
                              CMakeFiles/04-bme.dir/Users/milanatroanova/Repositories/pico/pico-sdk/src/rp2_common/pico_malloc/malloc.c.o (calloc)
/Applications/ArmGNUToolchain/15.2.rel1/arm-none-eabi/bin/../lib/gcc/arm-none-eabi/15.2.1/../../../../arm-none-eabi/lib/thumb/v6-m/nofp/libg.a(libc_a-callocr.o)
                              /Applications/ArmGNUToolchain/15.2.rel1/arm-none-eabi/bin/../lib/gcc/arm-none-eabi/15.2.1/../../../../arm-none-eabi/lib/thumb/v6-m/nofp/libg.a(libc_a-calloc.o) (_calloc_r)
/Applications/ArmGNUToolchain/15.2.rel1/arm-none-eabi/bin/../lib/gcc/arm-none-eabi/15.2.1/../../../../arm-none-eabi/lib/thumb/v6-m/nofp/libg.a(libc_a-malloc.o)
                              CMakeFiles/04-bme.dir/Users/milanatroanova/Repositories/pico/pico-sdk/src/rp2_common/pico_malloc/malloc.c.o (malloc)
/Applications/ArmGNUToolchain/15.2.rel1/arm-none-eabi/bin/../lib/gcc/arm-none-eabi/15.2.1/../../../../arm-none-eabi/lib/thumb/v6-m/nofp/libg.a(libc_a-mallocr.o)
                              /Applications/ArmGNUToolchain/15.2.rel1/arm-none-eabi/bin/../lib/gcc/arm-none-eabi/15.2.1/../../../../arm-none-eabi/lib/thumb/v6-m/nofp/libg.a(libc_a-callocr.o) (_malloc_r)
/Applications/ArmGNUToolchain/15.2.rel1/arm-none-eabi/bin/../lib/gcc/arm-none-eabi/15.2.1/../../../../arm-none-eabi/lib/thumb/v6-m/nofp/libg.a(libc_a-mlock.o)
                              /Applications/ArmGNUToolchain/15.2.rel1/arm-none-eabi/bin/../lib/gcc/arm-none-eabi/15.2.1/../../../../arm-none-eabi/lib/thumb/v6-m/nofp/libg.a(libc_a-mallocr.o) (__malloc_lock)
/Applications/ArmGNUToolchain/15.2.rel1/arm-none-eabi/bin/../lib/gcc/arm-none-eabi/15.2.1/../../../../arm-none-eabi/lib/thumb/v6-m/nofp/libg.a(libc_a-realloc.o)
                              CMakeFiles/04-bme.dir/Users/milanatroanova/Repositories/pico/pico-sdk/src/rp2_common/pico_malloc/malloc.c.o (realloc)
/Applications/ArmGNUToolchain/15.2.rel1/arm-none-eabi/bin/../lib/gcc/arm-none-eabi/15.2.1/../../../../arm-none-eabi/lib/thumb/v6-m/nofp/libg.a(libc_a-reallocr.o)
                              /Applications/ArmGNUToolchain/15.2.rel1/arm-none-eabi/bin/../lib/gcc/arm-none-eabi/15.2.1/../../../../arm-none-eabi/lib/thumb/v6-m/nofp/libg.a(libc_a-realloc.o) (_realloc_r)
/Applications/ArmGNUToolchain/15.2.rel1/arm-none-eabi/bin/../lib/gcc/arm-none-eabi/15.2.1/../../../../arm-none-eabi/lib/thumb/v6-m/nofp/libg.a(libc_a-sscanf.o)
                              CMakeFiles/04-bme.dir/main.c.o (sscanf)
/Applications/ArmGNUToolchain/15.2.rel1/arm-none-eabi/bin/../lib/gcc/arm-none-eabi/15.2.1/../../../../arm-none-eabi/lib/thumb/v6-m/nofp/libg.a(libc_a-stdio.o)
                              /Applications/ArmGNUToolchain/15.2.rel1/arm-none-eabi/bin/../lib/gcc/arm-none-eabi/15.2.1/../../../../arm-none-eabi/lib/thumb/v6-m/nofp/libg.a(libc_a-sscanf.o) (__seofread)
/Applications/ArmGNUToolchain/15.2.rel1/arm-none-eabi/bin/../lib/gcc/arm-none-eabi/15.2.1/../../../../arm-none-eabi/lib/thumb/v6-m/nofp/libg.a(libc_a-memcmp.o)
                              CMakeFiles/04-bme.dir/Users/milanatroanova/Repositories/pico/pico-sdk/src/rp2_common/pico_atomic/atomic.c.o (memcmp)
/Applications/ArmGNUToolchain/15.2.rel1/arm-none-eabi/bin/../lib/gcc/arm-none-eabi/15.2.1/../../../../arm-none-eabi/lib/thumb/v6-m/nofp/libg.a(libc_a-memmove.o)
                              /Applications/ArmGNUToolchain/15.2.rel1/arm-none-eabi/bin/../lib/gcc/arm-none-eabi/15.2.1/../../../../arm-none-eabi/lib/thumb/v6-m/nofp/libg.a(libc_a-reallocr.o) (memmove)
/Applications/ArmGNUToolchain/15.2.rel1/arm-none-eabi/bin/../lib/gcc/arm-none-eabi/15.2.1/../../../../arm-none-eabi/lib/thumb/v6-m/nofp/libg.a(libc_a-strchr.o)
                              protocol/libprotocol.a(protocol-task.c.o) (strchr)
/Applications/ArmGNUToolchain/15.2.rel1/arm-none-eabi/bin/../lib/gcc/arm-none-eabi/15.2.1/../../../../arm-none-eabi/lib/thumb/v6-m/nofp/libg.a(libc_a-lcltime_r.o)
                              CMakeFiles/04-bme.dir/Users/milanatroanova/Repositories/pico/pico-sdk/src/common/pico_util/datetime.c.o (localtime_r)
/Applications/ArmGNUToolchain/15.2.rel1/arm-none-eabi/bin/../lib/gcc/arm-none-eabi/15.2.1/../../../../arm-none-eabi/lib/thumb/v6-m/nofp/libg.a(libc_a-mktime.o)
[...]
Memory Configuration

Name             Origin             Length             Attributes
FLASH            0x10000000         0x00200000         xr
RAM              0x20000000         0x00040000         xrw
SCRATCH_X        0x20040000         0x00001000         xrw
SCRATCH_Y        0x20041000         0x00001000         xrw
*default*        0x00000000         0xffffffff

Linker script and memory map

LOAD /Applications/ArmGNUToolchain/15.2.rel1/arm-none-eabi/bin/../lib/gcc/arm-none-eabi/15.2.1/thumb/v6-m/nofp/crti.o
LOAD /Applications/ArmGNUToolchain/15.2.rel1/arm-none-eabi/bin/../lib/gcc/arm-none-eabi/15.2.1/thumb/v6-m/nofp/crtbegin.o
LOAD /Applications/ArmGNUToolchain/15.2.rel1/arm-none-eabi/bin/../lib/gcc/arm-none-eabi/15.2.1/../../../../arm-none-eabi/lib/thumb/v6-m/nofp/crt0.o

.flash_begin    0x10000000        0x0
                0x10000000                        __flash_binary_start = .

.boot2          0x10000000      0x100
                0x10000000                        __boot2_start__ = .
 *(.boot2)
 .boot2         0x10000000      0x100 pico-sdk/src/rp2040/boot_stage2/CMakeFiles/bs2_default_library.dir/bs2_default_padded_checksummed.S.o
                0x10000100                        __boot2_end__ = .
                0x00000001                        ASSERT (((__boot2_end__ - __boot2_start__) == 0x100), ERROR: Pico second stage bootloader must be 256 bytes in size)

.text           0x10000100     0xd67c
                0x10000100                        __logical_binary_start = .
 *(.vectors)
 .vectors       0x10000100       0xd4 CMakeFiles/04-bme.dir/Users/milanatroanova/Repositories/pico/pico-sdk/src/rp2_common/pico_crt0/crt0.S.o
                0x10000100                __VECTOR_TABLE
                0x10000100                __vectors
                0x100001c0                isr_irq13
                0x100001c0                isr_irq27
                0x100001c0                isr_irq31
                0x100001c0                isr_irq5
                0x100001c0                isr_irq11
                0x100001c0                isr_irq23
                0x100001c0                isr_irq18
                0x100001c0                isr_irq9
                0x100001c0                __unhandled_user_irq
                0x100001c0                isr_irq25
                0x100001c0                isr_irq4
                0x100001c0                isr_irq16
                0x100001c0                isr_irq29
                0x100001c0                isr_irq26
                0x100001c0                isr_irq3
                0x100001c0                isr_irq12
                0x100001c0                isr_irq30
                0x100001c0                isr_irq28
                0x100001c0                isr_irq19
                0x100001c0                isr_irq0
                0x100001c0                isr_irq6
                0x100001c0                isr_irq22
                0x100001c0                isr_irq17
                0x100001c0                isr_irq14
                0x100001c0                __vectors_end
                0x100001c0                __default_isrs_start
                0x100001c0                isr_irq2
                0x100001c0                isr_irq10
                0x100001c0                isr_irq8
                0x100001c0                isr_irq24
                0x100001c0                isr_irq1
                0x100001c0                isr_irq7
                0x100001c0                isr_irq21
                0x100001c0                isr_irq20
                0x100001c0                isr_irq15
                0x100001c6                unhandled_user_irq_num_in_r0
                0x100001c8                isr_invalid
                0x100001ca                isr_nmi
                0x100001cc                isr_hardfault
                0x100001ce                isr_svcall
                0x100001d0                isr_pendsv
                0x100001d2                isr_systick
                0x100001d4                __default_isrs_end
 *(.binary_info_header)
 .binary_info_header
                0x100001d4       0x14 CMakeFiles/04-bme.dir/Users/milanatroanova/Repositories/pico/pico-sdk/src/rp2_common/pico_crt0/crt0.S.o
                0x100001e8                        __binary_info_header_end = .
 *(.embedded_block)
                0x100001e8                        __embedded_block_end = .
 *(.reset)
 .reset         0x100001e8       0x9c CMakeFiles/04-bme.dir/Users/milanatroanova/Repositories/pico/pico-sdk/src/rp2_common/pico_crt0/crt0.S.o
                0x100001e8                _entry_point
 *(.init)
 .init          0x10000284        0x4 /Applications/ArmGNUToolchain/15.2.rel1/arm-none-eabi/bin/../lib/gcc/arm-none-eabi/15.2.1/thumb/v6-m/nofp/crti.o
                0x10000284                _init
 *(EXCLUDE_FILE(*libm.a: *libc.a:*lib_a-mem*.o *libgcc.a:) .text*)
 .text.register_tm_clones
                0x10000288       0x28 /Applications/ArmGNUToolchain/15.2.rel1/arm-none-eabi/bin/../lib/gcc/arm-none-eabi/15.2.1/thumb/v6-m/nofp/crtbegin.o
 .text.frame_dummy
                0x100002b0       0x24 /Applications/ArmGNUToolchain/15.2.rel1/arm-none-eabi/bin/../lib/gcc/arm-none-eabi/15.2.1/thumb/v6-m/nofp/crtbegin.o
 .text.version_callback
                0x100002d4       0x1c CMakeFiles/04-bme.dir/main.c.o
                0x100002d4                version_callback
 .text.led_on_callback
                0x100002f0       0x14 CMakeFiles/04-bme.dir/main.c.o
                0x100002f0                led_on_callback
 .text.led_off_callback
                0x10000304       0x14 CMakeFiles/04-bme.dir/main.c.o
                0x10000304                led_off_callback
 .text.led_blink_callback
                0x10000318       0x14 CMakeFiles/04-bme.dir/main.c.o
                0x10000318                led_blink_callback
 .text.read_reg_callback
                0x1000032c       0x9c CMakeFiles/04-bme.dir/main.c.o
                0x1000032c                read_reg_callback
 .text.write_reg_callback
                0x100003c8       0x54 CMakeFiles/04-bme.dir/main.c.o
                0x100003c8                write_reg_callback
 .text.temp_raw_callback
                0x1000041c       0x14 CMakeFiles/04-bme.dir/main.c.o
                0x1000041c                temp_raw_callback
 .text.pres_raw_callback
                0x10000430       0x14 CMakeFiles/04-bme.dir/main.c.o
                0x10000430                pres_raw_callback
 .text.hum_raw_callback
                0x10000444       0x14 CMakeFiles/04-bme.dir/main.c.o
                0x10000444                hum_raw_callback
 .text.temp_callback
                0x10000458       0x1c CMakeFiles/04-bme.dir/main.c.o
                0x10000458                temp_callback
 .text.pres_callback
                0x10000474       0x1c CMakeFiles/04-bme.dir/main.c.o
                0x10000474                pres_callback
 .text.hum_callback
                0x10000490       0x1c CMakeFiles/04-bme.dir/main.c.o
                0x10000490                hum_callback
 .text.rp2040_i2c_write
                0x100004ac       0x48 CMakeFiles/04-bme.dir/main.c.o
                0x100004ac                rp2040_i2c_write
 .text.rp2040_i2c_read
                0x100004f4       0x48 CMakeFiles/04-bme.dir/main.c.o
                0x100004f4                rp2040_i2c_read
 .text.check_i2c_devices
                0x1000053c       0x90 CMakeFiles/04-bme.dir/main.c.o
                0x1000053c                check_i2c_devices
 .text.startup.main
                0x100005cc       0x84 CMakeFiles/04-bme.dir/main.c.o
                0x100005cc                main
 .text.stdio_task_init
                0x10000650        0xc CMakeFiles/04-bme.dir/stdio-task/stdio-task.c.o
                0x10000650                stdio_task_init
 .text.stdio_task_handle
                0x1000065c       0x54 CMakeFiles/04-bme.dir/stdio-task/stdio-task.c.o
                0x1000065c                stdio_task_handle
 .text.led_task_init
                0x100006b0       0x2c CMakeFiles/04-bme.dir/led-task/led-task.c.o
                0x100006b0                led_task_init
 .text.led_task_handle
                0x100006dc       0x80 CMakeFiles/04-bme.dir/led-task/led-task.c.o
                0x100006dc                led_task_handle
 .text.led_task_state_set
                0x1000075c        0xc CMakeFiles/04-bme.dir/led-task/led-task.c.o
                0x1000075c                led_task_state_set
 .text.gpio_set_function
                0x10000768       0x30 CMakeFiles/04-bme.dir/Users/milanatroanova/Repositories/pico/pico-sdk/src/rp2_common/hardware_gpio/gpio.c.o
                0x10000768                gpio_set_function
 .text.gpio_set_pulls
                0x10000798       0x24 CMakeFiles/04-bme.dir/Users/milanatroanova/Repositories/pico/pico-sdk/src/rp2_common/hardware_gpio/gpio.c.o
                0x10000798                gpio_set_pulls
 .text.gpio_init
                0x100007bc       0x3c CMakeFiles/04-bme.dir/Users/milanatroanova/Repositories/pico/pico-sdk/src/rp2_common/hardware_gpio/gpio.c.o
                0x100007bc                gpio_init
 .text.rp2040_chip_version
                0x100007f8        0xc CMakeFiles/04-bme.dir/Users/milanatroanova/Repositories/pico/pico-sdk/src/rp2040/pico_platform/platform.c.o
                0x100007f8                rp2040_chip_version
 .text.panic    0x10000804       0x30 CMakeFiles/04-bme.dir/Users/milanatroanova/Repositories/pico/pico-sdk/src/rp2_common/pico_platform_panic/panic.c.o
                0x10000804                panic
 .text.hw_claim_or_assert
                0x10000834       0x50 CMakeFiles/04-bme.dir/Users/milanatroanova/Repositories/pico/pico-sdk/src/common/hardware_claim/claim.c.o
                0x10000834                hw_claim_or_assert
 .text.hw_claim_unused_from_range
                0x10000884       0x88 CMakeFiles/04-bme.dir/Users/milanatroanova/Repositories/pico/pico-sdk/src/common/hardware_claim/claim.c.o
                0x10000884                hw_claim_unused_from_range
 .text.next_striped_spin_lock_num
                0x1000090c       0x18 CMakeFiles/04-bme.dir/Users/milanatroanova/Repositories/pico/pico-sdk/src/rp2_common/hardware_sync/sync.c.o
                0x1000090c                next_striped_spin_lock_num
 .text.spin_lock_claim_unused
                0x10000924       0x20 CMakeFiles/04-bme.dir/Users/milanatroanova/Repositories/pico/pico-sdk/src/rp2_common/hardware_sync/sync.c.o
                0x10000924                spin_lock_claim_unused
 .text.spin_locks_reset
                0x10000944       0x1c CMakeFiles/04-bme.dir/Users/milanatroanova/Repositories/pico/pico-sdk/src/rp2_common/hardware_sync_spin_lock/sync_spin_lock.c.o
                0x10000944                spin_locks_reset
 .text.runtime_init_per_core_irq_priorities
                0x10000960       0x48 CMakeFiles/04-bme.dir/Users/milanatroanova/Repositories/pico/pico-sdk/src/rp2_common/hardware_irq/irq.c.o
                0x10000960                runtime_init_per_core_irq_priorities
 .text.irq_set_enabled
                0x100009a8       0x24 CMakeFiles/04-bme.dir/Users/milanatroanova/Repositories/pico/pico-sdk/src/rp2_common/hardware_irq/irq.c.o
                0x100009a8                irq_set_enabled
 .text.irq_is_enabled
                0x100009cc       0x18 CMakeFiles/04-bme.dir/Users/milanatroanova/Repositories/pico/pico-sdk/src/rp2_common/hardware_irq/irq.c.o
                0x100009cc                irq_is_enabled
 .text.irq_set_pending
                0x100009e4       0x10 CMakeFiles/04-bme.dir/Users/milanatroanova/Repositories/pico/pico-sdk/src/rp2_common/hardware_irq/irq.c.o
                0x100009e4                irq_set_pending
 .text.irq_has_shared_handler
                0x100009f4       0x20 CMakeFiles/04-bme.dir/Users/milanatroanova/Repositories/pico/pico-sdk/src/rp2_common/hardware_irq/irq.c.o
                0x100009f4                irq_has_shared_handler
 .text.irq_set_exclusive_handler
                0x10000a14       0x54 CMakeFiles/04-bme.dir/Users/milanatroanova/Repositories/pico/pico-sdk/src/rp2_common/hardware_irq/irq.c.o
                0x10000a14                irq_set_exclusive_handler
 .text.irq_add_shared_handler
                0x10000a68      0x1cc CMakeFiles/04-bme.dir/Users/milanatroanova/Repositories/pico/pico-sdk/src/rp2_common/hardware_irq/irq.c.o
                0x10000a68                irq_add_shared_handler
 .text.irq_add_tail_to_free_list
                0x10000c34       0xb4 CMakeFiles/04-bme.dir/Users/milanatroanova/Repositories/pico/pico-sdk/src/rp2_common/hardware_irq/irq.c.o
                0x10000c34                irq_add_tail_to_free_list
 .text.user_irq_claim_unused
                0x10000ce8       0x28 CMakeFiles/04-bme.dir/Users/milanatroanova/Repositories/pico/pico-sdk/src/rp2_common/hardware_irq/irq.c.o
                0x10000ce8                user_irq_claim_unused
 .text.lock_init
                0x10000d10       0x10 CMakeFiles/04-bme.dir/Users/milanatroanova/Repositories/pico/pico-sdk/src/common/pico_sync/lock_core.c.o
                0x10000d10                lock_init
 .text.runtime_init_mutex
                0x10000d20       0x50 CMakeFiles/04-bme.dir/Users/milanatroanova/Repositories/pico/pico-sdk/src/common/pico_sync/mutex.c.o
                0x10000d20                runtime_init_mutex
 .text.mutex_init
                0x10000d70       0x1c CMakeFiles/04-bme.dir/Users/milanatroanova/Repositories/pico/pico-sdk/src/common/pico_sync/mutex.c.o
                0x10000d70                mutex_init
 .text.critical_section_init
                0x10000d8c       0x1c CMakeFiles/04-bme.dir/Users/milanatroanova/Repositories/pico/pico-sdk/src/common/pico_sync/critical_section.c.o
                0x10000d8c                critical_section_init
 .text.critical_section_init_with_lock_num
                0x10000da8       0x14 CMakeFiles/04-bme.dir/Users/milanatroanova/Repositories/pico/pico-sdk/src/common/pico_sync/critical_section.c.o
                0x10000da8                critical_section_init_with_lock_num
 .text.sleep_until_callback
                0x10000dbc       0x30 CMakeFiles/04-bme.dir/Users/milanatroanova/Repositories/pico/pico-sdk/src/common/pico_time/time.c.o
 .text.alarm_pool_irq_handler
                0x10000dec      0x2f4 CMakeFiles/04-bme.dir/Users/milanatroanova/Repositories/pico/pico-sdk/src/common/pico_time/time.c.o
 .text.runtime_init_default_alarm_pool
                0x100010e0       0xd8 CMakeFiles/04-bme.dir/Users/milanatroanova/Repositories/pico/pico-sdk/src/common/pico_time/time.c.o
                0x100010e0                runtime_init_default_alarm_pool
 .text.alarm_pool_get_default
                0x100011b8        0x8 CMakeFiles/04-bme.dir/Users/milanatroanova/Repositories/pico/pico-sdk/src/common/pico_time/time.c.o
                0x100011b8                alarm_pool_get_default
 .text.alarm_pool_add_alarm_at
                0x100011c0       0xcc CMakeFiles/04-bme.dir/Users/milanatroanova/Repositories/pico/pico-sdk/src/common/pico_time/time.c.o
                0x100011c0                alarm_pool_add_alarm_at
 .text.alarm_pool_add_alarm_at_force_in_context
                0x1000128c       0xbc CMakeFiles/04-bme.dir/Users/milanatroanova/Repositories/pico/pico-sdk/src/common/pico_time/time.c.o
                0x1000128c                alarm_pool_add_alarm_at_force_in_context
 .text.alarm_pool_cancel_alarm
                0x10001348       0x74 CMakeFiles/04-bme.dir/Users/milanatroanova/Repositories/pico/pico-sdk/src/common/pico_time/time.c.o
                0x10001348                alarm_pool_cancel_alarm
 .text.alarm_pool_core_num
                0x100013bc        0x4 CMakeFiles/04-bme.dir/Users/milanatroanova/Repositories/pico/pico-sdk/src/common/pico_time/time.c.o
                0x100013bc                alarm_pool_core_num
 .text.sleep_ms
                0x100013c0       0xfc CMakeFiles/04-bme.dir/Users/milanatroanova/Repositories/pico/pico-sdk/src/common/pico_time/time.c.o
                0x100013c0                sleep_ms
 .text.best_effort_wfe_or_timeout
                0x100014bc      0x100 CMakeFiles/04-bme.dir/Users/milanatroanova/Repositories/pico/pico-sdk/src/common/pico_time/time.c.o
                0x100014bc                best_effort_wfe_or_timeout
 .text.check_single_timeout_us
                0x100015bc       0x28 CMakeFiles/04-bme.dir/Users/milanatroanova/Repositories/pico/pico-sdk/src/common/pico_time/timeout_helper.c.o
 .text.init_single_timeout_until
                0x100015e4        0xc CMakeFiles/04-bme.dir/Users/milanatroanova/Repositories/pico/pico-sdk/src/common/pico_time/timeout_helper.c.o
                0x100015e4                init_single_timeout_until
 .text.timer_hardware_alarm_claim
                0x100015f0       0x14 CMakeFiles/04-bme.dir/Users/milanatroanova/Repositories/pico/pico-sdk/src/rp2_common/hardware_timer/timer.c.o
                0x100015f0                timer_hardware_alarm_claim
 .text.timer_time_us_64
                0x10001604       0x10 CMakeFiles/04-bme.dir/Users/milanatroanova/Repositories/pico/pico-sdk/src/rp2_common/hardware_timer/timer.c.o
                0x10001604                timer_time_us_64
 .text.time_us_64
                0x10001614       0x14 CMakeFiles/04-bme.dir/Users/milanatroanova/Repositories/pico/pico-sdk/src/rp2_common/hardware_timer/timer.c.o
                0x10001614                time_us_64
 .text.busy_wait_us
                0x10001628       0x6c CMakeFiles/04-bme.dir/Users/milanatroanova/Repositories/pico/pico-sdk/src/rp2_common/hardware_timer/timer.c.o
                0x10001628                busy_wait_us
 .text.busy_wait_until
                0x10001694       0x20 CMakeFiles/04-bme.dir/Users/milanatroanova/Repositories/pico/pico-sdk/src/rp2_common/hardware_timer/timer.c.o
                0x10001694                busy_wait_until
 .text.clock_configure_int_divider
                0x100016b4       0xec CMakeFiles/04-bme.dir/Users/milanatroanova/Repositories/pico/pico-sdk/src/rp2_common/hardware_clocks/clocks.c.o
                0x100016b4                clock_configure_int_divider
 .text.clock_configure_undivided
                0x100017a0       0xe0 CMakeFiles/04-bme.dir/Users/milanatroanova/Repositories/pico/pico-sdk/src/rp2_common/hardware_clocks/clocks.c.o
                0x100017a0                clock_configure_undivided
 .text.clock_get_hz
                0x10001880        0xc CMakeFiles/04-bme.dir/Users/milanatroanova/Repositories/pico/pico-sdk/src/rp2_common/hardware_clocks/clocks.c.o
                0x10001880                clock_get_hz
 .text.pll_init
                0x1000188c       0xb0 CMakeFiles/04-bme.dir/Users/milanatroanova/Repositories/pico/pico-sdk/src/rp2_common/hardware_pll/pll.c.o
                0x1000188c                pll_init
 .text.watchdog_reboot
                0x1000193c       0x9c CMakeFiles/04-bme.dir/Users/milanatroanova/Repositories/pico/pico-sdk/src/rp2_common/hardware_watchdog/watchdog.c.o
                0x1000193c                watchdog_reboot
 .text.tick_start
                0x100019d8       0x10 CMakeFiles/04-bme.dir/Users/milanatroanova/Repositories/pico/pico-sdk/src/rp2_common/hardware_ticks/ticks.c.o
                0x100019d8                tick_start
 .text.rom_func_lookup
                0x100019e8       0x10 CMakeFiles/04-bme.dir/Users/milanatroanova/Repositories/pico/pico-sdk/src/rp2_common/pico_bootrom/bootrom.c.o
                0x100019e8                rom_func_lookup
 .text.rom_data_lookup
                0x100019f8       0x10 CMakeFiles/04-bme.dir/Users/milanatroanova/Repositories/pico/pico-sdk/src/rp2_common/pico_bootrom/bootrom.c.o
                0x100019f8                rom_data_lookup
 .text.rom_funcs_lookup
                0x10001a08       0x44 CMakeFiles/04-bme.dir/Users/milanatroanova/Repositories/pico/pico-sdk/src/rp2_common/pico_bootrom/bootrom.c.o
                0x10001a08                rom_funcs_lookup
 .text.rom_reset_usb_boot_extra
                0x10001a4c       0x24 CMakeFiles/04-bme.dir/Users/milanatroanova/Repositories/pico/pico-sdk/src/rp2_common/pico_bootrom/bootrom.c.o
                0x10001a4c                rom_reset_usb_boot_extra
 .text.xosc_init
                0x10001a70       0x28 CMakeFiles/04-bme.dir/Users/milanatroanova/Repositories/pico/pico-sdk/src/rp2_common/hardware_xosc/xosc.c.o
                0x10001a70                xosc_init
 .text.first_per_core_initializer
                0x10001a98        0x4 CMakeFiles/04-bme.dir/Users/milanatroanova/Repositories/pico/pico-sdk/src/rp2_common/pico_runtime/runtime.c.o
 .text.hard_assertion_failure
                0x10001a9c        0xc CMakeFiles/04-bme.dir/Users/milanatroanova/Repositories/pico/pico-sdk/src/rp2_common/pico_runtime/runtime.c.o
                0x10001a9c                hard_assertion_failure
 .text.runtime_run_initializers
                0x10001aa8       0x28 CMakeFiles/04-bme.dir/Users/milanatroanova/Repositories/pico/pico-sdk/src/rp2_common/pico_runtime/runtime.c.o
                0x10001aa8                runtime_run_initializers
 .text.runtime_init_early_resets
                0x10001ad0       0x2c CMakeFiles/04-bme.dir/Users/milanatroanova/Repositories/pico/pico-sdk/src/rp2_common/pico_runtime_init/runtime_init.c.o
                0x10001ad0                runtime_init_early_resets
 .text.runtime_init_usb_power_down
                0x10001afc       0x1c CMakeFiles/04-bme.dir/Users/milanatroanova/Repositories/pico/pico-sdk/src/rp2_common/pico_runtime_init/runtime_init.c.o
                0x10001afc                runtime_init_usb_power_down
 .text.runtime_init_post_clock_resets
                0x10001b18       0x20 CMakeFiles/04-bme.dir/Users/milanatroanova/Repositories/pico/pico-sdk/src/rp2_common/pico_runtime_init/runtime_init.c.o
                0x10001b18                runtime_init_post_clock_resets
 .text.runtime_init_rp2040_gpio_ie_disable
                0x10001b38       0x14 CMakeFiles/04-bme.dir/Users/milanatroanova/Repositories/pico/pico-sdk/src/rp2_common/pico_runtime_init/runtime_init.c.o
                0x10001b38                runtime_init_rp2040_gpio_ie_disable
 .text.runtime_init_spin_locks_reset
                0x10001b4c        0x8 CMakeFiles/04-bme.dir/Users/milanatroanova/Repositories/pico/pico-sdk/src/rp2_common/pico_runtime_init/runtime_init.c.o
                0x10001b4c                runtime_init_spin_locks_reset
 .text.runtime_init_install_ram_vector_table
                0x10001b54       0xb8 CMakeFiles/04-bme.dir/Users/milanatroanova/Repositories/pico/pico-sdk/src/rp2_common/pico_runtime_init/runtime_init.c.o
                0x10001b54                runtime_init_install_ram_vector_table
 .text.runtime_init_clocks
                0x10001c0c       0xd8 CMakeFiles/04-bme.dir/Users/milanatroanova/Repositories/pico/pico-sdk/src/rp2_common/pico_runtime_init/runtime_init_clocks.c.o
                0x10001c0c                runtime_init_clocks
 .text          0x10001ce4       0x10 CMakeFiles/04-bme.dir/Users/milanatroanova/Repositories/pico/pico-sdk/src/rp2_common/pico_bit_ops/bit_ops_aeabi.S.o
 .text.__wrap___aeabi_idiv
                0x10001cf4       0x50 CMakeFiles/04-bme.dir/Users/milanatroanova/Repositories/pico/pico-sdk/src/rp2_common/pico_divider/divider_hardware.S.o
                0x10001cf4                __wrap___aeabi_idivmod
                0x10001cf4                divmod_s32s32
                0x10001cf4                div_s32s32
                0x10001cf4                __wrap___aeabi_idiv
                0x10001cfc                divmod_s32s32_unsafe
                0x10001d28                divmod_s32s32_savestate
 .text.__wrap___aeabi_uidiv
                0x10001d44       0x4c CMakeFiles/04-bme.dir/Users/milanatroanova/Repositories/pico/pico-sdk/src/rp2_common/pico_divider/divider_hardware.S.o
                0x10001d44                __wrap___aeabi_uidiv
                0x10001d44                __wrap___aeabi_uidivmod
                0x10001d44                div_u32u32
                0x10001d44                divmod_u32u32
                0x10001d4c                divmod_u32u32_unsafe
                0x10001d74                divmod_u32u32_savestate
 .text.__wrap___aeabi_ldiv
                0x10001d90      0x424 CMakeFiles/04-bme.dir/Users/milanatroanova/Repositories/pico/pico-sdk/src/rp2_common/pico_divider/divider_hardware.S.o
                0x10001d90                __wrap___aeabi_ldivmod
                0x10001d90                div_s64s64
                0x10001d90                divmod_s64s64
                0x10001dc0                divmod_u64u64
                0x10001dc0                div_u64u64
                0x10001dc0                __wrap___aeabi_uldivmod
                0x10001dd0                divmod_u64u64_savestate
                0x10001df0                divmod_s64s64_unsafe
                0x10001e78                divmod_u64u64_unsafe
 .text.__wrap___aeabi_darithmetic
                0x100021b4       0x80 CMakeFiles/04-bme.dir/Users/milanatroanova/Repositories/pico/pico-sdk/src/rp2_common/pico_double/double_aeabi_rp2040.S.o
                0x100021b4                __wrap___aeabi_drsub
                0x100021ba                __wrap___aeabi_dsub
                0x100021cc                __wrap___aeabi_dadd
                0x100021de                __wrap___aeabi_ddiv
                0x1000221a                __wrap___aeabi_dmul
 .text.__wrap___aeabi_cdcmple
                0x10002234       0x6c CMakeFiles/04-bme.dir/Users/milanatroanova/Repositories/pico/pico-sdk/src/rp2_common/pico_double/double_aeabi_rp2040.S.o
                0x10002234                __wrap___aeabi_cdrcmple
                0x10002244                __wrap___aeabi_cdcmple
                0x10002244                __wrap___aeabi_cdcmpeq
 .text.__wrap___aeabi_dcmpeq
                0x100022a0       0x10 CMakeFiles/04-bme.dir/Users/milanatroanova/Repositories/pico/pico-sdk/src/rp2_common/pico_double/double_aeabi_rp2040.S.o
                0x100022a0                __wrap___aeabi_dcmpeq
 .text.__wrap___aeabi_dcmplt
                0x100022b0        0xc CMakeFiles/04-bme.dir/Users/milanatroanova/Repositories/pico/pico-sdk/src/rp2_common/pico_double/double_aeabi_rp2040.S.o
                0x100022b0                __wrap___aeabi_dcmplt
 .text.__wrap___aeabi_dcmple
                0x100022bc       0x10 CMakeFiles/04-bme.dir/Users/milanatroanova/Repositories/pico/pico-sdk/src/rp2_common/pico_double/double_aeabi_rp2040.S.o
                0x100022bc                __wrap___aeabi_dcmple
 .text.__wrap___aeabi_dcmpge
                0x100022cc       0x10 CMakeFiles/04-bme.dir/Users/milanatroanova/Repositories/pico/pico-sdk/src/rp2_common/pico_double/double_aeabi_rp2040.S.o
                0x100022cc                __wrap___aeabi_dcmpge
 .text.__wrap___aeabi_dcmpgt
                0x100022dc        0xa CMakeFiles/04-bme.dir/Users/milanatroanova/Repositories/pico/pico-sdk/src/rp2_common/pico_double/double_aeabi_rp2040.S.o
                0x100022dc                __wrap___aeabi_dcmpgt
 .text.__wrap___aeabi_dcmpun
                0x100022e6       0x18 CMakeFiles/04-bme.dir/Users/milanatroanova/Repositories/pico/pico-sdk/src/rp2_common/pico_double/double_aeabi_rp2040.S.o
                0x100022e6                __wrap___aeabi_dcmpun
 *fill*         0x100022fe        0x2 
 .text.__wrap___aeabi_i2d
                0x10002300       0x38 CMakeFiles/04-bme.dir/Users/milanatroanova/Repositories/pico/pico-sdk/src/rp2_common/pico_double/double_aeabi_rp2040.S.o
                0x10002300                __wrap___aeabi_ui2d
                0x10002300                uint2double
                0x10002308                __wrap___aeabi_i2d
                0x10002308                int2double
 .text.__wrap___aeabi_d2iz
                0x10002338       0x48 CMakeFiles/04-bme.dir/Users/milanatroanova/Repositories/pico/pico-sdk/src/rp2_common/pico_double/double_aeabi_rp2040.S.o
                0x10002338                __wrap___aeabi_d2iz
                0x10002338                double2int_z
 .text.__wrap___aeabi_d2uiz
                0x10002380       0x18 CMakeFiles/04-bme.dir/Users/milanatroanova/Repositories/pico/pico-sdk/src/rp2_common/pico_double/double_aeabi_rp2040.S.o
                0x10002380                double2uint_z
                0x10002380                double2uint
                0x10002380                __wrap___aeabi_d2uiz
 .text.__wrap___aeabi_l2d
                0x10002398       0x18 CMakeFiles/04-bme.dir/Users/milanatroanova/Repositories/pico/pico-sdk/src/rp2_common/pico_double/double_aeabi_rp2040.S.o
                0x10002398                __wrap___aeabi_l2d
                0x10002398                int642double
 .text.__wrap___aeabi_d2lz
                0x100023b0       0x26 CMakeFiles/04-bme.dir/Users/milanatroanova/Repositories/pico/pico-sdk/src/rp2_common/pico_double/double_aeabi_rp2040.S.o
                0x100023b0                __wrap___aeabi_d2lz
                0x100023b0                double2int64_z
 *fill*         0x100023d6        0x2 
 .text.double2int64
                0x100023d8       0x18 CMakeFiles/04-bme.dir/Users/milanatroanova/Repositories/pico/pico-sdk/src/rp2_common/pico_double/double_aeabi_rp2040.S.o
                0x100023d8                double2int64
 .text.double2ufix64
                0x100023f0       0x18 CMakeFiles/04-bme.dir/Users/milanatroanova/Repositories/pico/pico-sdk/src/rp2_common/pico_double/double_aeabi_rp2040.S.o
                0x100023f0                double2ufix64
                0x100023f0                double2ufix64_z
 .text.__wrap___aeabi_d2f
                0x10002408       0x18 CMakeFiles/04-bme.dir/Users/milanatroanova/Repositories/pico/pico-sdk/src/rp2_common/pico_double/double_aeabi_rp2040.S.o
                0x10002408                __wrap___aeabi_d2f
 .text.__aeabi_double_init
                0x10002420       0xa4 CMakeFiles/04-bme.dir/Users/milanatroanova/Repositories/pico/pico-sdk/src/rp2_common/pico_double/double_init_rom_rp2040.c.o
                0x10002420                __aeabi_double_init
 .text.double_table_shim_on_use_helper
                0x100024c4       0x2c CMakeFiles/04-bme.dir/Users/milanatroanova/Repositories/pico/pico-sdk/src/rp2_common/pico_double/double_v1_rom_shim_rp2040.S.o
                0x100024c4                double_table_shim_on_use_helper
 .text.__wrap___aeabi_dsub
                0x100024f0       0x10 CMakeFiles/04-bme.dir/Users/milanatroanova/Repositories/pico/pico-sdk/src/rp2_common/pico_double/double_v1_rom_shim_rp2040.S.o
                0x100024f0                drsub_shim
                0x100024f6                dsub_shim
 .text.dadd_shim
                0x10002500      0x15c CMakeFiles/04-bme.dir/Users/milanatroanova/Repositories/pico/pico-sdk/src/rp2_common/pico_double/double_v1_rom_shim_rp2040.S.o
                0x10002500                dadd_shim
 .text.dmul_shim
                0x1000265c      0x15c CMakeFiles/04-bme.dir/Users/milanatroanova/Repositories/pico/pico-sdk/src/rp2_common/pico_double/double_v1_rom_shim_rp2040.S.o
                0x1000265c                dmul_shim
 .text.ddiv_shim
                0x100027b8      0x1b0 CMakeFiles/04-bme.dir/Users/milanatroanova/Repositories/pico/pico-sdk/src/rp2_common/pico_double/double_v1_rom_shim_rp2040.S.o
                0x100027b8                ddiv_shim
 .text.double2uint_shim
                0x10002968        0xe CMakeFiles/04-bme.dir/Users/milanatroanova/Repositories/pico/pico-sdk/src/rp2_common/pico_double/double_v1_rom_shim_rp2040.S.o
                0x10002968                double2uint_shim
                0x1000296a                double2ufix_shim
 .text.double2int64_shim
                0x10002976       0x1a CMakeFiles/04-bme.dir/Users/milanatroanova/Repositories/pico/pico-sdk/src/rp2_common/pico_double/double_v1_rom_shim_rp2040.S.o
                0x10002976                double2int64_shim
                0x10002978                double2fix64_shim
 .text.double2uint64_shim
                0x10002990       0x70 CMakeFiles/04-bme.dir/Users/milanatroanova/Repositories/pico/pico-sdk/src/rp2_common/pico_double/double_v1_rom_shim_rp2040.S.o
                0x10002990                double2uint64_shim
                0x10002992                double2ufix64_shim
                0x100029b2                d2fix_a
 .text.double2float_shim
                0x10002a00       0x5c CMakeFiles/04-bme.dir/Users/milanatroanova/Repositories/pico/pico-sdk/src/rp2_common/pico_double/double_v1_rom_shim_rp2040.S.o
                0x10002a00                double2float_shim
 .text.x2double_shims
                0x10002a5c       0x90 CMakeFiles/04-bme.dir/Users/milanatroanova/Repositories/pico/pico-sdk/src/rp2_common/pico_double/double_v1_rom_shim_rp2040.S.o
                0x10002a5c                uint2double_shim
                0x10002a5e                ufix2double_shim
                0x10002a64                int2double_shim
                0x10002a66                fix2double_shim
                0x10002a6c                uint642double_shim
                0x10002a6e                ufix642double_shim
                0x10002a74                int642double_shim
                0x10002a76                fix642double_shim
 .text.dunpacks
                0x10002aec       0x3c CMakeFiles/04-bme.dir/Users/milanatroanova/Repositories/pico/pico-sdk/src/rp2_common/pico_double/double_v1_rom_shim_rp2040.S.o
                0x10002aec                dunpacks
 .text.__aeabi_lmul
                0x10002b28       0x32 CMakeFiles/04-bme.dir/Users/milanatroanova/Repositories/pico/pico-sdk/src/rp2_common/pico_int64_ops/pico_int64_ops_aeabi.S.o
                0x10002b28                __wrap___aeabi_lmul
 *fill*         0x10002b5a        0x2 
 .text.__wrap___aeabi_farithmetic
                0x10002b5c       0x48 CMakeFiles/04-bme.dir/Users/milanatroanova/Repositories/pico/pico-sdk/src/rp2_common/pico_float/float_aeabi_rp2040.S.o
                0x10002b5c                __wrap___aeabi_frsub
                0x10002b62                __wrap___aeabi_fsub
                0x10002b68                __wrap___aeabi_fadd
                0x10002b6e                __wrap___aeabi_fdiv
                0x10002b96                __wrap___aeabi_fmul
 .text.__wrap___aeabi_cfcmple
                0x10002ba4       0x50 CMakeFiles/04-bme.dir/Users/milanatroanova/Repositories/pico/pico-sdk/src/rp2_common/pico_float/float_aeabi_rp2040.S.o
                0x10002ba4                __wrap___aeabi_cfrcmple
                0x10002bb0                __wrap___aeabi_cfcmpeq
                0x10002bb0                __wrap___aeabi_cfcmple
 .text.__wrap___aeabi_fcmpgt
                0x10002bf4        0xa CMakeFiles/04-bme.dir/Users/milanatroanova/Repositories/pico/pico-sdk/src/rp2_common/pico_float/float_aeabi_rp2040.S.o
                0x10002bf4                __wrap___aeabi_fcmpgt
 *fill*         0x10002bfe        0x2 
 .text.__wrap___aeabi_i2f
                0x10002c00       0x44 CMakeFiles/04-bme.dir/Users/milanatroanova/Repositories/pico/pico-sdk/src/rp2_common/pico_float/float_aeabi_rp2040.S.o
                0x10002c00                int2float
                0x10002c00                __wrap___aeabi_i2f
 .text.__wrap___aeabi_l2f
                0x10002c44       0x20 CMakeFiles/04-bme.dir/Users/milanatroanova/Repositories/pico/pico-sdk/src/rp2_common/pico_float/float_aeabi_rp2040.S.o
                0x10002c48                int642float
                0x10002c48                __wrap___aeabi_l2f
 .text.__wrap___aeabi_f2d
                0x10002c64       0x14 CMakeFiles/04-bme.dir/Users/milanatroanova/Repositories/pico/pico-sdk/src/rp2_common/pico_float/float_aeabi_rp2040.S.o
                0x10002c64                __wrap___aeabi_f2d
 .text.__aeabi_float_init
                0x10002c78       0x68 CMakeFiles/04-bme.dir/Users/milanatroanova/Repositories/pico/pico-sdk/src/rp2_common/pico_float/float_init_rom_rp2040.c.o
                0x10002c78                __aeabi_float_init
 .text.float_table_shim_on_use_helper
                0x10002ce0       0x2c CMakeFiles/04-bme.dir/Users/milanatroanova/Repositories/pico/pico-sdk/src/rp2_common/pico_float/float_v1_rom_shim_rp2040.S.o
                0x10002ce0                float_table_shim_on_use_helper
 .text.642float_shims
                0x10002d0c       0x44 CMakeFiles/04-bme.dir/Users/milanatroanova/Repositories/pico/pico-sdk/src/rp2_common/pico_float/float_v1_rom_shim_rp2040.S.o
                0x10002d0c                uint642float_shim
                0x10002d0e                ufix642float_shim
                0x10002d1e                int642float_shim
                0x10002d20                fix642float_shim
 .text.float2double_shim
                0x10002d50       0x30 CMakeFiles/04-bme.dir/Users/milanatroanova/Repositories/pico/pico-sdk/src/rp2_common/pico_float/float_v1_rom_shim_rp2040.S.o
                0x10002d50                float2double_shim
 .text.__wrap_malloc
                0x10002d80       0x24 CMakeFiles/04-bme.dir/Users/milanatroanova/Repositories/pico/pico-sdk/src/rp2_common/pico_malloc/malloc.c.o
                0x10002d80                __wrap_malloc
 .text.__wrap_realloc
                0x10002da4       0x24 CMakeFiles/04-bme.dir/Users/milanatroanova/Repositories/pico/pico-sdk/src/rp2_common/pico_malloc/malloc.c.o
                0x10002da4                __wrap_realloc
 .text.__wrap_free
                0x10002dc8        0x8 CMakeFiles/04-bme.dir/Users/milanatroanova/Repositories/pico/pico-sdk/src/rp2_common/pico_malloc/malloc.c.o
                0x10002dc8                __wrap_free
 .text          0x10002dd0       0x10 CMakeFiles/04-bme.dir/Users/milanatroanova/Repositories/pico/pico-sdk/src/rp2_common/pico_mem_ops/mem_ops_aeabi.S.o
                0x10002dd0                __aeabi_mem_init
 .text.memset   0x10002de0        0xc CMakeFiles/04-bme.dir/Users/milanatroanova/Repositories/pico/pico-sdk/src/rp2_common/pico_mem_ops/mem_ops_aeabi.S.o
                0x10002de0                __wrap_memset
 .text.memcpy   0x10002dec        0xc CMakeFiles/04-bme.dir/Users/milanatroanova/Repositories/pico/pico-sdk/src/rp2_common/pico_mem_ops/mem_ops_aeabi.S.o
                0x10002dec                __wrap___aeabi_memcpy
                0x10002dec                __wrap_memcpy
 .text._out_buffer
                0x10002df8        0x8 CMakeFiles/04-bme.dir/Users/milanatroanova/Repositories/pico/pico-sdk/src/rp2_common/pico_printf/printf.c.o
 .text._out_null
                0x10002e00        0x4 CMakeFiles/04-bme.dir/Users/milanatroanova/Repositories/pico/pico-sdk/src/rp2_common/pico_printf/printf.c.o
 .text._out_rev
                0x10002e04       0xa8 CMakeFiles/04-bme.dir/Users/milanatroanova/Repositories/pico/pico-sdk/src/rp2_common/pico_printf/printf.c.o
 .text._ntoa_format
                0x10002eac      0x1d8 CMakeFiles/04-bme.dir/Users/milanatroanova/Repositories/pico/pico-sdk/src/rp2_common/pico_printf/printf.c.o
 .text._out_char
                0x10003084       0x10 CMakeFiles/04-bme.dir/Users/milanatroanova/Repositories/pico/pico-sdk/src/rp2_common/pico_printf/printf.c.o
 .text._out_fct
                0x10003094       0x10 CMakeFiles/04-bme.dir/Users/milanatroanova/Repositories/pico/pico-sdk/src/rp2_common/pico_printf/printf.c.o
 .text._ftoa    0x100030a4      0x474 CMakeFiles/04-bme.dir/Users/milanatroanova/Repositories/pico/pico-sdk/src/rp2_common/pico_printf/printf.c.o
 .text._etoa    0x10003518      0x560 CMakeFiles/04-bme.dir/Users/milanatroanova/Repositories/pico/pico-sdk/src/rp2_common/pico_printf/printf.c.o
 .text._vsnprintf
                0x10003a78      0xab8 CMakeFiles/04-bme.dir/Users/milanatroanova/Repositories/pico/pico-sdk/src/rp2_common/pico_printf/printf.c.o
 .text.__wrap_sprintf
                0x10004530       0x28 CMakeFiles/04-bme.dir/Users/milanatroanova/Repositories/pico/pico-sdk/src/rp2_common/pico_printf/printf.c.o
                0x10004530                __wrap_sprintf
 .text.vfctprintf
                0x10004558       0x20 CMakeFiles/04-bme.dir/Users/milanatroanova/Repositories/pico/pico-sdk/src/rp2_common/pico_printf/printf.c.o
                0x10004558                vfctprintf
 .text.weak_raw_printf
                0x10004578       0x40 CMakeFiles/04-bme.dir/Users/milanatroanova/Repositories/pico/pico-sdk/src/rp2_common/pico_printf/printf.c.o
                0x10004578                weak_raw_printf
 .text.weak_raw_vprintf
                0x100045b8       0x30 CMakeFiles/04-bme.dir/Users/milanatroanova/Repositories/pico/pico-sdk/src/rp2_common/pico_printf/printf.c.o
                0x100045b8                weak_raw_vprintf
 .text._exit    0x100045e8        0x4 CMakeFiles/04-bme.dir/Users/milanatroanova/Repositories/pico/pico-sdk/src/rp2_common/pico_clib_interface/newlib_interface.c.o
                0x100045e8                _exit
 .text._sbrk    0x100045ec       0x34 CMakeFiles/04-bme.dir/Users/milanatroanova/Repositories/pico/pico-sdk/src/rp2_common/pico_clib_interface/newlib_interface.c.o
                0x100045ec                _sbrk
 .text.exit     0x10004620        0x8 CMakeFiles/04-bme.dir/Users/milanatroanova/Repositories/pico/pico-sdk/src/rp2_common/pico_clib_interface/newlib_interface.c.o
                0x10004620                exit
 .text.__assert_func
                0x10004628       0x38 CMakeFiles/04-bme.dir/Users/milanatroanova/Repositories/pico/pico-sdk/src/rp2_common/pico_clib_interface/newlib_interface.c.o
                0x10004628                __assert_func
 .text.runtime_init
                0x10004660       0x2c CMakeFiles/04-bme.dir/Users/milanatroanova/Repositories/pico/pico-sdk/src/rp2_common/pico_clib_interface/newlib_interface.c.o
                0x10004660                runtime_init
 .text.stdio_out_chars_no_crlf
                0x1000468c       0x10 CMakeFiles/04-bme.dir/Users/milanatroanova/Repositories/pico/pico-sdk/src/rp2_common/pico_stdio/stdio.c.o
 .text.stdio_out_chars_crlf
                0x1000469c       0x90 CMakeFiles/04-bme.dir/Users/milanatroanova/Repositories/pico/pico-sdk/src/rp2_common/pico_stdio/stdio.c.o
 .text.stdio_buffered_printer
                0x1000472c       0x64 CMakeFiles/04-bme.dir/Users/milanatroanova/Repositories/pico/pico-sdk/src/rp2_common/pico_stdio/stdio.c.o
 .text.stdio_put_string
                0x10004790       0xf4 CMakeFiles/04-bme.dir/Users/milanatroanova/Repositories/pico/pico-sdk/src/rp2_common/pico_stdio/stdio.c.o
                0x10004790                stdio_put_string
 .text.stdio_set_driver_enabled
                0x10004884       0x30 CMakeFiles/04-bme.dir/Users/milanatroanova/Repositories/pico/pico-sdk/src/rp2_common/pico_stdio/stdio.c.o
                0x10004884                stdio_set_driver_enabled
 .text.stdio_init_all
                0x100048b4        0x8 CMakeFiles/04-bme.dir/Users/milanatroanova/Repositories/pico/pico-sdk/src/rp2_common/pico_stdio/stdio.c.o
                0x100048b4                stdio_init_all
 .text.stdio_getchar_timeout_us
                0x100048bc       0x98 CMakeFiles/04-bme.dir/Users/milanatroanova/Repositories/pico/pico-sdk/src/rp2_common/pico_stdio/stdio.c.o
                0x100048bc                stdio_getchar_timeout_us
 .text.__wrap_putchar
                0x10004954       0x94 CMakeFiles/04-bme.dir/Users/milanatroanova/Repositories/pico/pico-sdk/src/rp2_common/pico_stdio/stdio.c.o
                0x10004954                stdio_putchar
                0x10004954                __wrap_putchar
 .text.__wrap_puts
                0x100049e8       0x3c CMakeFiles/04-bme.dir/Users/milanatroanova/Repositories/pico/pico-sdk/src/rp2_common/pico_stdio/stdio.c.o
                0x100049e8                __wrap_puts
                0x100049e8                stdio_puts
 .text.__wrap_vprintf
                0x10004a24       0xc8 CMakeFiles/04-bme.dir/Users/milanatroanova/Repositories/pico/pico-sdk/src/rp2_common/pico_stdio/stdio.c.o
                0x10004a24                __wrap_vprintf
                0x10004a24                stdio_vprintf
 .text.__wrap_printf
                0x10004aec       0x18 CMakeFiles/04-bme.dir/Users/milanatroanova/Repositories/pico/pico-sdk/src/rp2_common/pico_stdio/stdio.c.o
                0x10004aec                stdio_printf
                0x10004aec                __wrap_printf
 .text.resetd_init
                0x10004b04        0x4 CMakeFiles/04-bme.dir/Users/milanatroanova/Repositories/pico/pico-sdk/src/rp2_common/pico_stdio_usb/reset_interface.c.o
 .text.resetd_reset
                0x10004b08        0xc CMakeFiles/04-bme.dir/Users/milanatroanova/Repositories/pico/pico-sdk/src/rp2_common/pico_stdio_usb/reset_interface.c.o
 .text.resetd_open
                0x10004b14       0x28 CMakeFiles/04-bme.dir/Users/milanatroanova/Repositories/pico/pico-sdk/src/rp2_common/pico_stdio_usb/reset_interface.c.o
 .text.resetd_xfer_cb
                0x10004b3c        0x4 CMakeFiles/04-bme.dir/Users/milanatroanova/Repositories/pico/pico-sdk/src/rp2_common/pico_stdio_usb/reset_interface.c.o
 .text.resetd_control_xfer_cb
                0x10004b40       0x54 CMakeFiles/04-bme.dir/Users/milanatroanova/Repositories/pico/pico-sdk/src/rp2_common/pico_stdio_usb/reset_interface.c.o
 .text.tud_descriptor_bos_cb
                0x10004b94        0x8 CMakeFiles/04-bme.dir/Users/milanatroanova/Repositories/pico/pico-sdk/src/rp2_common/pico_stdio_usb/reset_interface.c.o
                0x10004b94                tud_descriptor_bos_cb
 .text.tud_vendor_control_xfer_cb
                0x10004b9c       0x38 CMakeFiles/04-bme.dir/Users/milanatroanova/Repositories/pico/pico-sdk/src/rp2_common/pico_stdio_usb/reset_interface.c.o
                0x10004b9c                tud_vendor_control_xfer_cb
 .text.usbd_app_driver_get_cb
                0x10004bd4        0xc CMakeFiles/04-bme.dir/Users/milanatroanova/Repositories/pico/pico-sdk/src/rp2_common/pico_stdio_usb/reset_interface.c.o
                0x10004bd4                usbd_app_driver_get_cb
 .text.tud_cdc_line_coding_cb
                0x10004be0       0x2c CMakeFiles/04-bme.dir/Users/milanatroanova/Repositories/pico/pico-sdk/src/rp2_common/pico_stdio_usb/reset_interface.c.o
                0x10004be0                tud_cdc_line_coding_cb
 .text.stdio_usb_set_chars_available_callback
                0x10004c0c       0x14 CMakeFiles/04-bme.dir/Users/milanatroanova/Repositories/pico/pico-sdk/src/rp2_common/pico_stdio_usb/stdio_usb.c.o
                0x10004c0c                stdio_usb_set_chars_available_callback
 .text.usb_irq  0x10004c20       0x10 CMakeFiles/04-bme.dir/Users/milanatroanova/Repositories/pico/pico-sdk/src/rp2_common/pico_stdio_usb/stdio_usb.c.o
 .text.timer_task
                0x10004c30       0x64 CMakeFiles/04-bme.dir/Users/milanatroanova/Repositories/pico/pico-sdk/src/rp2_common/pico_stdio_usb/stdio_usb.c.o
 .text.stdio_usb_in_chars
                0x10004c94       0x8c CMakeFiles/04-bme.dir/Users/milanatroanova/Repositories/pico/pico-sdk/src/rp2_common/pico_stdio_usb/stdio_usb.c.o
                0x10004c94                stdio_usb_in_chars
 .text.stdio_usb_out_flush
                0x10004d20       0x4c CMakeFiles/04-bme.dir/Users/milanatroanova/Repositories/pico/pico-sdk/src/rp2_common/pico_stdio_usb/stdio_usb.c.o
 .text.stdio_usb_out_chars
                0x10004d6c       0xf8 CMakeFiles/04-bme.dir/Users/milanatroanova/Repositories/pico/pico-sdk/src/rp2_common/pico_stdio_usb/stdio_usb.c.o
 .text.low_priority_worker_irq
                0x10004e64       0xc4 CMakeFiles/04-bme.dir/Users/milanatroanova/Repositories/pico/pico-sdk/src/rp2_common/pico_stdio_usb/stdio_usb.c.o
 .text.stdio_usb_init
                0x10004f28       0xe4 CMakeFiles/04-bme.dir/Users/milanatroanova/Repositories/pico/pico-sdk/src/rp2_common/pico_stdio_usb/stdio_usb.c.o
                0x10004f28                stdio_usb_init
 .text.tud_descriptor_device_cb
                0x1000500c        0x8 CMakeFiles/04-bme.dir/Users/milanatroanova/Repositories/pico/pico-sdk/src/rp2_common/pico_stdio_usb/stdio_usb_descriptors.c.o
                0x1000500c                tud_descriptor_device_cb
 .text.tud_descriptor_configuration_cb
                0x10005014        0x8 CMakeFiles/04-bme.dir/Users/milanatroanova/Repositories/pico/pico-sdk/src/rp2_common/pico_stdio_usb/stdio_usb_descriptors.c.o
                0x10005014                tud_descriptor_configuration_cb
 .text.tud_descriptor_string_cb
                0x1000501c       0x70 CMakeFiles/04-bme.dir/Users/milanatroanova/Repositories/pico/pico-sdk/src/rp2_common/pico_stdio_usb/stdio_usb_descriptors.c.o
                0x1000501c                tud_descriptor_string_cb
 .text.startup._retrieve_unique_id_on_boot
                0x1000508c       0x10 CMakeFiles/04-bme.dir/Users/milanatroanova/Repositories/pico/pico-sdk/src/rp2_common/pico_unique_id/unique_id.c.o
 .text.pico_get_unique_board_id_string
                0x1000509c      0x1e0 CMakeFiles/04-bme.dir/Users/milanatroanova/Repositories/pico/pico-sdk/src/rp2_common/pico_unique_id/unique_id.c.o
                0x1000509c                pico_get_unique_board_id_string
 .text.flash_get_unique_id
                0x1000527c       0x3c CMakeFiles/04-bme.dir/Users/milanatroanova/Repositories/pico/pico-sdk/src/rp2_common/hardware_flash/flash.c.o
                0x1000527c                flash_get_unique_id
 .text.dcd_init
                0x100052b8       0x90 CMakeFiles/04-bme.dir/Users/milanatroanova/Repositories/pico/pico-sdk/lib/tinyusb/src/portable/raspberrypi/rp2040/dcd_rp2040.c.o
                0x100052b8                dcd_init
 .text.dcd_int_enable
                0x10005348        0xc CMakeFiles/04-bme.dir/Users/milanatroanova/Repositories/pico/pico-sdk/lib/tinyusb/src/portable/raspberrypi/rp2040/dcd_rp2040.c.o
                0x10005348                dcd_int_enable
 .text.dcd_set_address
                0x10005354       0x14 CMakeFiles/04-bme.dir/Users/milanatroanova/Repositories/pico/pico-sdk/lib/tinyusb/src/portable/raspberrypi/rp2040/dcd_rp2040.c.o
                0x10005354                dcd_set_address
 .text.dcd_sof_enable
                0x10005368       0x1c CMakeFiles/04-bme.dir/Users/milanatroanova/Repositories/pico/pico-sdk/lib/tinyusb/src/portable/raspberrypi/rp2040/dcd_rp2040.c.o
                0x10005368                dcd_sof_enable
 .text.dcd_edpt0_status_complete
                0x10005384       0x1c CMakeFiles/04-bme.dir/Users/milanatroanova/Repositories/pico/pico-sdk/lib/tinyusb/src/portable/raspberrypi/rp2040/dcd_rp2040.c.o
                0x10005384                dcd_edpt0_status_complete
 .text.dcd_edpt_open
                0x100053a0      0x114 CMakeFiles/04-bme.dir/Users/milanatroanova/Repositories/pico/pico-sdk/lib/tinyusb/src/portable/raspberrypi/rp2040/dcd_rp2040.c.o
                0x100053a0                dcd_edpt_open
 .text.dcd_edpt_close_all
                0x100054b4        0x8 CMakeFiles/04-bme.dir/Users/milanatroanova/Repositories/pico/pico-sdk/lib/tinyusb/src/portable/raspberrypi/rp2040/dcd_rp2040.c.o
                0x100054b4                dcd_edpt_close_all
 .text.dcd_edpt_xfer
                0x100054bc       0x24 CMakeFiles/04-bme.dir/Users/milanatroanova/Repositories/pico/pico-sdk/lib/tinyusb/src/portable/raspberrypi/rp2040/dcd_rp2040.c.o
                0x100054bc                dcd_edpt_xfer
 .text.dcd_edpt_stall
                0x100054e0       0x3c CMakeFiles/04-bme.dir/Users/milanatroanova/Repositories/pico/pico-sdk/lib/tinyusb/src/portable/raspberrypi/rp2040/dcd_rp2040.c.o
                0x100054e0                dcd_edpt_stall
 .text.dcd_edpt_clear_stall
                0x1000551c       0x30 CMakeFiles/04-bme.dir/Users/milanatroanova/Repositories/pico/pico-sdk/lib/tinyusb/src/portable/raspberrypi/rp2040/dcd_rp2040.c.o
                0x1000551c                dcd_edpt_clear_stall
 .text.rp2040_usb_init
                0x1000554c       0x40 CMakeFiles/04-bme.dir/Users/milanatroanova/Repositories/pico/pico-sdk/lib/tinyusb/src/portable/raspberrypi/rp2040/rp2040_usb.c.o
                0x1000554c                rp2040_usb_init
 .text.hw_endpoint_xfer_start
                0x1000558c       0x40 CMakeFiles/04-bme.dir/Users/milanatroanova/Repositories/pico/pico-sdk/lib/tinyusb/src/portable/raspberrypi/rp2040/rp2040_usb.c.o
                0x1000558c                hw_endpoint_xfer_start
 .text.tud_event_hook_cb
                0x100055cc        0x4 CMakeFiles/04-bme.dir/Users/milanatroanova/Repositories/pico/pico-sdk/lib/tinyusb/src/device/usbd.c.o
                0x100055cc                tud_event_hook_cb
 .text.tud_sof_cb
                0x100055d0        0x4 CMakeFiles/04-bme.dir/Users/milanatroanova/Repositories/pico/pico-sdk/lib/tinyusb/src/device/usbd.c.o
                0x100055d0                tud_sof_cb
 .text.tud_descriptor_device_qualifier_cb
                0x100055d4        0x4 CMakeFiles/04-bme.dir/Users/milanatroanova/Repositories/pico/pico-sdk/lib/tinyusb/src/device/usbd.c.o
                0x100055d4                tud_descriptor_device_qualifier_cb
 .text.tud_descriptor_other_speed_configuration_cb
                0x100055d8        0x4 CMakeFiles/04-bme.dir/Users/milanatroanova/Repositories/pico/pico-sdk/lib/tinyusb/src/device/usbd.c.o
                0x100055d8                tud_descriptor_other_speed_configuration_cb
 .text.tud_mount_cb
                0x100055dc        0x4 CMakeFiles/04-bme.dir/Users/milanatroanova/Repositories/pico/pico-sdk/lib/tinyusb/src/device/usbd.c.o
                0x100055dc                tud_mount_cb
 .text.tud_umount_cb
                0x100055e0        0x4 CMakeFiles/04-bme.dir/Users/milanatroanova/Repositories/pico/pico-sdk/lib/tinyusb/src/device/usbd.c.o
                0x100055e0                tud_umount_cb
 .text.tud_suspend_cb
                0x100055e4        0x4 CMakeFiles/04-bme.dir/Users/milanatroanova/Repositories/pico/pico-sdk/lib/tinyusb/src/device/usbd.c.o
                0x100055e4                tud_suspend_cb
 .text.tud_resume_cb
                0x100055e8        0x4 CMakeFiles/04-bme.dir/Users/milanatroanova/Repositories/pico/pico-sdk/lib/tinyusb/src/device/usbd.c.o
                0x100055e8                tud_resume_cb
 .text.tud_mounted
                0x100055ec       0x10 CMakeFiles/04-bme.dir/Users/milanatroanova/Repositories/pico/pico-sdk/lib/tinyusb/src/device/usbd.c.o
                0x100055ec                tud_mounted
 .text.tud_suspended
                0x100055fc       0x10 CMakeFiles/04-bme.dir/Users/milanatroanova/Repositories/pico/pico-sdk/lib/tinyusb/src/device/usbd.c.o
                0x100055fc                tud_suspended
 .text.tud_rhport_init
                0x1000560c       0xf0 CMakeFiles/04-bme.dir/Users/milanatroanova/Repositories/pico/pico-sdk/lib/tinyusb/src/device/usbd.c.o
                0x1000560c                tud_rhport_init
 .text.tud_task_ext
                0x100056fc      0x7fc CMakeFiles/04-bme.dir/Users/milanatroanova/Repositories/pico/pico-sdk/lib/tinyusb/src/device/usbd.c.o
                0x100056fc                tud_task_ext
 .text.usbd_open_edpt_pair
                0x10005ef8       0x98 CMakeFiles/04-bme.dir/Users/milanatroanova/Repositories/pico/pico-sdk/lib/tinyusb/src/device/usbd.c.o
                0x10005ef8                usbd_open_edpt_pair
 .text.usbd_edpt_open
                0x10005f90       0x34 CMakeFiles/04-bme.dir/Users/milanatroanova/Repositories/pico/pico-sdk/lib/tinyusb/src/device/usbd.c.o
                0x10005f90                usbd_edpt_open
 .text.usbd_edpt_claim
                0x10005fc4       0x28 CMakeFiles/04-bme.dir/Users/milanatroanova/Repositories/pico/pico-sdk/lib/tinyusb/src/device/usbd.c.o
                0x10005fc4                usbd_edpt_claim
 .text.usbd_edpt_release
                0x10005fec       0x28 CMakeFiles/04-bme.dir/Users/milanatroanova/Repositories/pico/pico-sdk/lib/tinyusb/src/device/usbd.c.o
                0x10005fec                usbd_edpt_release
 .text.usbd_edpt_xfer
                0x10006014       0x50 CMakeFiles/04-bme.dir/Users/milanatroanova/Repositories/pico/pico-sdk/lib/tinyusb/src/device/usbd.c.o
                0x10006014                usbd_edpt_xfer
 .text.tud_control_status
                0x10006064       0x2c CMakeFiles/04-bme.dir/Users/milanatroanova/Repositories/pico/pico-sdk/lib/tinyusb/src/device/usbd_control.c.o
                0x10006064                tud_control_status
 .text.tud_control_xfer
                0x10006090       0xa0 CMakeFiles/04-bme.dir/Users/milanatroanova/Repositories/pico/pico-sdk/lib/tinyusb/src/device/usbd_control.c.o
                0x10006090                tud_control_xfer
 .text.usbd_control_reset
                0x10006130       0x14 CMakeFiles/04-bme.dir/Users/milanatroanova/Repositories/pico/pico-sdk/lib/tinyusb/src/device/usbd_control.c.o
                0x10006130                usbd_control_reset
 .text.usbd_control_set_complete_callback
                0x10006144        0xc CMakeFiles/04-bme.dir/Users/milanatroanova/Repositories/pico/pico-sdk/lib/tinyusb/src/device/usbd_control.c.o
                0x10006144                usbd_control_set_complete_callback
 .text.usbd_control_set_request
                0x10006150       0x1c CMakeFiles/04-bme.dir/Users/milanatroanova/Repositories/pico/pico-sdk/lib/tinyusb/src/device/usbd_control.c.o
                0x10006150                usbd_control_set_request
 .text.usbd_control_xfer_cb
                0x1000616c       0xe8 CMakeFiles/04-bme.dir/Users/milanatroanova/Repositories/pico/pico-sdk/lib/tinyusb/src/device/usbd_control.c.o
                0x1000616c                usbd_control_xfer_cb
 .text._prep_out_transaction.isra.0
                0x10006254       0x6c CMakeFiles/04-bme.dir/Users/milanatroanova/Repositories/pico/pico-sdk/lib/tinyusb/src/class/cdc/cdc_device.c.o
 .text.tud_cdc_n_connected
                0x100062c0       0x2c CMakeFiles/04-bme.dir/Users/milanatroanova/Repositories/pico/pico-sdk/lib/tinyusb/src/class/cdc/cdc_device.c.o
                0x100062c0                tud_cdc_n_connected
 .text.tud_cdc_n_available
                0x100062ec       0x14 CMakeFiles/04-bme.dir/Users/milanatroanova/Repositories/pico/pico-sdk/lib/tinyusb/src/class/cdc/cdc_device.c.o
                0x100062ec                tud_cdc_n_available
 .text.tud_cdc_n_read
                0x10006300       0x88 CMakeFiles/04-bme.dir/Users/milanatroanova/Repositories/pico/pico-sdk/lib/tinyusb/src/class/cdc/cdc_device.c.o
                0x10006300                tud_cdc_n_read
 .text.tud_cdc_n_write_flush
                0x10006388       0x78 CMakeFiles/04-bme.dir/Users/milanatroanova/Repositories/pico/pico-sdk/lib/tinyusb/src/class/cdc/cdc_device.c.o
                0x10006388                tud_cdc_n_write_flush
 .text.tud_cdc_n_write
                0x10006400       0x40 CMakeFiles/04-bme.dir/Users/milanatroanova/Repositories/pico/pico-sdk/lib/tinyusb/src/class/cdc/cdc_device.c.o
                0x10006400                tud_cdc_n_write
 .text.tud_cdc_n_write_available
                0x10006440       0x14 CMakeFiles/04-bme.dir/Users/milanatroanova/Repositories/pico/pico-sdk/lib/tinyusb/src/class/cdc/cdc_device.c.o
                0x10006440                tud_cdc_n_write_available
 .text.cdcd_init
                0x10006454       0x70 CMakeFiles/04-bme.dir/Users/milanatroanova/Repositories/pico/pico-sdk/lib/tinyusb/src/class/cdc/cdc_device.c.o
                0x10006454                cdcd_init
 .text.cdcd_deinit
                0x100064c4       0x30 CMakeFiles/04-bme.dir/Users/milanatroanova/Repositories/pico/pico-sdk/lib/tinyusb/src/class/cdc/cdc_device.c.o
                0x100064c4                cdcd_deinit
 .text.cdcd_reset
                0x100064f4       0x48 CMakeFiles/04-bme.dir/Users/milanatroanova/Repositories/pico/pico-sdk/lib/tinyusb/src/class/cdc/cdc_device.c.o
                0x100064f4                cdcd_reset
 .text.cdcd_open
                0x1000653c       0xa8 CMakeFiles/04-bme.dir/Users/milanatroanova/Repositories/pico/pico-sdk/lib/tinyusb/src/class/cdc/cdc_device.c.o
                0x1000653c                cdcd_open
 .text.cdcd_control_xfer_cb
                0x100065e4       0xf0 CMakeFiles/04-bme.dir/Users/milanatroanova/Repositories/pico/pico-sdk/lib/tinyusb/src/class/cdc/cdc_device.c.o
                0x100065e4                cdcd_control_xfer_cb
 .text.cdcd_xfer_cb
                0x100066d4       0xf8 CMakeFiles/04-bme.dir/Users/milanatroanova/Repositories/pico/pico-sdk/lib/tinyusb/src/class/cdc/cdc_device.c.o
                0x100066d4                cdcd_xfer_cb
 .text.vendord_init
                0x100067cc       0x5c CMakeFiles/04-bme.dir/Users/milanatroanova/Repositories/pico/pico-sdk/lib/tinyusb/src/class/vendor/vendor_device.c.o
                0x100067cc                vendord_init
 .text.vendord_deinit
                0x10006828       0x1c CMakeFiles/04-bme.dir/Users/milanatroanova/Repositories/pico/pico-sdk/lib/tinyusb/src/class/vendor/vendor_device.c.o
                0x10006828                vendord_deinit
 .text.vendord_reset
                0x10006844       0x28 CMakeFiles/04-bme.dir/Users/milanatroanova/Repositories/pico/pico-sdk/lib/tinyusb/src/class/vendor/vendor_device.c.o
                0x10006844                vendord_reset
 .text.vendord_open
                0x1000686c      0x104 CMakeFiles/04-bme.dir/Users/milanatroanova/Repositories/pico/pico-sdk/lib/tinyusb/src/class/vendor/vendor_device.c.o
                0x1000686c                vendord_open
 .text.vendord_xfer_cb
                0x10006970       0xa0 CMakeFiles/04-bme.dir/Users/milanatroanova/Repositories/pico/pico-sdk/lib/tinyusb/src/class/vendor/vendor_device.c.o
                0x10006970                vendord_xfer_cb
 .text.tusb_rhport_init
                0x10006a10       0x4c CMakeFiles/04-bme.dir/Users/milanatroanova/Repositories/pico/pico-sdk/lib/tinyusb/src/tusb.c.o
                0x10006a10                tusb_rhport_init
 .text.tu_edpt_claim
                0x10006a5c       0x50 CMakeFiles/04-bme.dir/Users/milanatroanova/Repositories/pico/pico-sdk/lib/tinyusb/src/tusb.c.o
                0x10006a5c                tu_edpt_claim
 .text.tu_edpt_release
                0x10006aac       0x38 CMakeFiles/04-bme.dir/Users/milanatroanova/Repositories/pico/pico-sdk/lib/tinyusb/src/tusb.c.o
                0x10006aac                tu_edpt_release
 .text.tu_edpt_validate
                0x10006ae4       0x74 CMakeFiles/04-bme.dir/Users/milanatroanova/Repositories/pico/pico-sdk/lib/tinyusb/src/tusb.c.o
                0x10006ae4                tu_edpt_validate
 .text.tu_edpt_bind_driver
                0x10006b58       0x34 CMakeFiles/04-bme.dir/Users/milanatroanova/Repositories/pico/pico-sdk/lib/tinyusb/src/tusb.c.o
                0x10006b58                tu_edpt_bind_driver
 .text.tu_edpt_stream_init
                0x10006b8c       0x68 CMakeFiles/04-bme.dir/Users/milanatroanova/Repositories/pico/pico-sdk/lib/tinyusb/src/tusb.c.o
                0x10006b8c                tu_edpt_stream_init
 .text.tu_edpt_stream_deinit
                0x10006bf4        0x4 CMakeFiles/04-bme.dir/Users/milanatroanova/Repositories/pico/pico-sdk/lib/tinyusb/src/tusb.c.o
                0x10006bf4                tu_edpt_stream_deinit
 .text.tu_edpt_stream_write_zlp_if_needed
                0x10006bf8       0x64 CMakeFiles/04-bme.dir/Users/milanatroanova/Repositories/pico/pico-sdk/lib/tinyusb/src/tusb.c.o
                0x10006bf8                tu_edpt_stream_write_zlp_if_needed
 .text.tu_edpt_stream_write_xfer
                0x10006c5c       0x6c CMakeFiles/04-bme.dir/Users/milanatroanova/Repositories/pico/pico-sdk/lib/tinyusb/src/tusb.c.o
                0x10006c5c                tu_edpt_stream_write_xfer
 .text.tu_edpt_stream_read_xfer
                0x10006cc8       0xd8 CMakeFiles/04-bme.dir/Users/milanatroanova/Repositories/pico/pico-sdk/lib/tinyusb/src/tusb.c.o
                0x10006cc8                tu_edpt_stream_read_xfer
 .text.tu_fifo_config
                0x10006da0       0x6c CMakeFiles/04-bme.dir/Users/milanatroanova/Repositories/pico/pico-sdk/lib/tinyusb/src/common/tusb_fifo.c.o
                0x10006da0                tu_fifo_config
 .text.tu_fifo_count
                0x10006e0c       0x2c CMakeFiles/04-bme.dir/Users/milanatroanova/Repositories/pico/pico-sdk/lib/tinyusb/src/common/tusb_fifo.c.o
                0x10006e0c                tu_fifo_count
 .text.tu_fifo_empty
                0x10006e38       0x10 CMakeFiles/04-bme.dir/Users/milanatroanova/Repositories/pico/pico-sdk/lib/tinyusb/src/common/tusb_fifo.c.o
                0x10006e38                tu_fifo_empty
 .text.tu_fifo_remaining
                0x10006e48       0x2c CMakeFiles/04-bme.dir/Users/milanatroanova/Repositories/pico/pico-sdk/lib/tinyusb/src/common/tusb_fifo.c.o
                0x10006e48                tu_fifo_remaining
 .text.tu_fifo_read
                0x10006e74       0x9c CMakeFiles/04-bme.dir/Users/milanatroanova/Repositories/pico/pico-sdk/lib/tinyusb/src/common/tusb_fifo.c.o
                0x10006e74                tu_fifo_read
 .text.tu_fifo_read_n
                0x10006f10       0xec CMakeFiles/04-bme.dir/Users/milanatroanova/Repositories/pico/pico-sdk/lib/tinyusb/src/common/tusb_fifo.c.o
                0x10006f10                tu_fifo_read_n
 .text.tu_fifo_write
                0x10006ffc       0xa4 CMakeFiles/04-bme.dir/Users/milanatroanova/Repositories/pico/pico-sdk/lib/tinyusb/src/common/tusb_fifo.c.o
                0x10006ffc                tu_fifo_write
 .text.tu_fifo_write_n
                0x100070a0      0x168 CMakeFiles/04-bme.dir/Users/milanatroanova/Repositories/pico/pico-sdk/lib/tinyusb/src/common/tusb_fifo.c.o
                0x100070a0                tu_fifo_write_n
 .text.tu_fifo_clear
                0x10007208       0x40 CMakeFiles/04-bme.dir/Users/milanatroanova/Repositories/pico/pico-sdk/lib/tinyusb/src/common/tusb_fifo.c.o
                0x10007208                tu_fifo_clear
 .text.tu_fifo_set_overwritable
                0x10007248       0x48 CMakeFiles/04-bme.dir/Users/milanatroanova/Repositories/pico/pico-sdk/lib/tinyusb/src/common/tusb_fifo.c.o
                0x10007248                tu_fifo_set_overwritable
 .text.i2c_write_blocking_internal
                0x10007290      0x160 CMakeFiles/04-bme.dir/Users/milanatroanova/Repositories/pico/pico-sdk/src/rp2_common/hardware_i2c/i2c.c.o
 .text.i2c_read_blocking_internal
                0x100073f0      0x100 CMakeFiles/04-bme.dir/Users/milanatroanova/Repositories/pico/pico-sdk/src/rp2_common/hardware_i2c/i2c.c.o
 .text.i2c_set_baudrate
                0x100074f0       0xb4 CMakeFiles/04-bme.dir/Users/milanatroanova/Repositories/pico/pico-sdk/src/rp2_common/hardware_i2c/i2c.c.o
                0x100074f0                i2c_set_baudrate
 .text.i2c_init
                0x100075a4       0x50 CMakeFiles/04-bme.dir/Users/milanatroanova/Repositories/pico/pico-sdk/src/rp2_common/hardware_i2c/i2c.c.o
                0x100075a4                i2c_init
 .text.i2c_write_blocking_until
                0x100075f4       0x40 CMakeFiles/04-bme.dir/Users/milanatroanova/Repositories/pico/pico-sdk/src/rp2_common/hardware_i2c/i2c.c.o
                0x100075f4                i2c_write_blocking_until
 .text.i2c_read_blocking_until
                0x10007634       0x40 CMakeFiles/04-bme.dir/Users/milanatroanova/Repositories/pico/pico-sdk/src/rp2_common/hardware_i2c/i2c.c.o
                0x10007634                i2c_read_blocking_until
 .text          0x10007674       0xbc protocol/libprotocol.a(protocol-task.c.o)
                0x10007674                protocol_task_init
                0x100076a4                protocol_task_handle
 .text          0x10007730      0x540 bme280_driver/libbme280_driver.a(bme280-driver.c.o)
                0x10007730                bme280_init
                0x10007860                bme280_read_regs
                0x10007888                bme280_write_reg
                0x100078a4                bme280_read_temp_raw_20bit
                0x100078e4                bme280_read_temp_raw
                0x10007910                bme280_read_press_raw
                0x1000793c                bme280_read_hum_raw
                0x10007968                bme280_read_temp_celsius
                0x100079e4                bme280_read_press_pascal
                0x10007ba8                bme280_read_hum_percent
 .text._calloc_r
                0x10007c70       0xb8 /Applications/ArmGNUToolchain/15.2.rel1/arm-none-eabi/bin/../lib/gcc/arm-none-eabi/15.2.1/../../../../arm-none-eabi/lib/thumb/v6-m/nofp/libg.a(libc_a-callocr.o)
                0x10007c70                _calloc_r
 .text.malloc   0x10007d28       0x14 /Applications/ArmGNUToolchain/15.2.rel1/arm-none-eabi/bin/../lib/gcc/arm-none-eabi/15.2.1/../../../../arm-none-eabi/lib/thumb/v6-m/nofp/libg.a(libc_a-malloc.o)
                0x10007d28                malloc
 .text.free     0x10007d3c       0x14 /Applications/ArmGNUToolchain/15.2.rel1/arm-none-eabi/bin/../lib/gcc/arm-none-eabi/15.2.1/../../../../arm-none-eabi/lib/thumb/v6-m/nofp/libg.a(libc_a-malloc.o)
                0x10007d3c                free
 .text._malloc_r
                0x10007d50      0x564 /Applications/ArmGNUToolchain/15.2.rel1/arm-none-eabi/bin/../lib/gcc/arm-none-eabi/15.2.1/../../../../arm-none-eabi/lib/thumb/v6-m/nofp/libg.a(libc_a-mallocr.o)
                0x10007d50                _malloc_r
 .text.__malloc_lock
                0x100082b4       0x10 /Applications/ArmGNUToolchain/15.2.rel1/arm-none-eabi/bin/../lib/gcc/arm-none-eabi/15.2.1/../../../../arm-none-eabi/lib/thumb/v6-m/nofp/libg.a(libc_a-mlock.o)
                0x100082b4                __malloc_lock
 .text.__malloc_unlock
                0x100082c4       0x10 /Applications/ArmGNUToolchain/15.2.rel1/arm-none-eabi/bin/../lib/gcc/arm-none-eabi/15.2.1/../../../../arm-none-eabi/lib/thumb/v6-m/nofp/libg.a(libc_a-mlock.o)
                0x100082c4                __malloc_unlock
 .text.realloc  0x100082d4       0x14 /Applications/ArmGNUToolchain/15.2.rel1/arm-none-eabi/bin/../lib/gcc/arm-none-eabi/15.2.1/../../../../arm-none-eabi/lib/thumb/v6-m/nofp/libg.a(libc_a-realloc.o)
                0x100082d4                realloc
 .text._realloc_r
                0x100082e8      0x328 /Applications/ArmGNUToolchain/15.2.rel1/arm-none-eabi/bin/../lib/gcc/arm-none-eabi/15.2.1/../../../../arm-none-eabi/lib/thumb/v6-m/nofp/libg.a(libc_a-reallocr.o)
                0x100082e8                _realloc_r
 .text.sscanf   0x10008610       0x54 /Applications/ArmGNUToolchain/15.2.rel1/arm-none-eabi/bin/../lib/gcc/arm-none-eabi/15.2.1/../../../../arm-none-eabi/lib/thumb/v6-m/nofp/libg.a(libc_a-sscanf.o)
                0x10008610                sscanf
 .text.__seofread
                0x10008664        0x4 /Applications/ArmGNUToolchain/15.2.rel1/arm-none-eabi/bin/../lib/gcc/arm-none-eabi/15.2.1/../../../../arm-none-eabi/lib/thumb/v6-m/nofp/libg.a(libc_a-stdio.o)
                0x10008664                __seofread
 .text.memmove  0x10008668      0x104 /Applications/ArmGNUToolchain/15.2.rel1/arm-none-eabi/bin/../lib/gcc/arm-none-eabi/15.2.1/../../../../arm-none-eabi/lib/thumb/v6-m/nofp/libg.a(libc_a-memmove.o)
                0x10008668                memmove
 .text.strchr   0x1000876c       0xb4 /Applications/ArmGNUToolchain/15.2.rel1/arm-none-eabi/bin/../lib/gcc/arm-none-eabi/15.2.1/../../../../arm-none-eabi/lib/thumb/v6-m/nofp/libg.a(libc_a-strchr.o)
                0x1000876c                strchr
 .text._sbrk_r  0x10008820       0x24 /Applications/ArmGNUToolchain/15.2.rel1/arm-none-eabi/bin/../lib/gcc/arm-none-eabi/15.2.1/../../../../arm-none-eabi/lib/thumb/v6-m/nofp/libg.a(libc_a-sbrkr.o)
                0x10008820                _sbrk_r
 .text.__errno  0x10008844        0xc /Applications/ArmGNUToolchain/15.2.rel1/arm-none-eabi/bin/../lib/gcc/arm-none-eabi/15.2.1/../../../../arm-none-eabi/lib/thumb/v6-m/nofp/libg.a(libc_a-errno.o)
                0x10008844                __errno
 .text.sysconf  0x10008850       0x1c /Applications/ArmGNUToolchain/15.2.rel1/arm-none-eabi/bin/../lib/gcc/arm-none-eabi/15.2.1/../../../../arm-none-eabi/lib/thumb/v6-m/nofp/libg.a(libc_a-sysconf.o)
                0x10008850                sysconf
 .text          0x1000886c       0x88 /Applications/ArmGNUToolchain/15.2.rel1/arm-none-eabi/bin/../lib/gcc/arm-none-eabi/15.2.1/../../../../arm-none-eabi/lib/thumb/v6-m/nofp/libg.a(libc_a-strcmp.o)
                0x1000886c                strcmp
 .text.__retarget_lock_acquire_recursive
                0x100088f4        0x4 /Applications/ArmGNUToolchain/15.2.rel1/arm-none-eabi/bin/../lib/gcc/arm-none-eabi/15.2.1/../../../../arm-none-eabi/lib/thumb/v6-m/nofp/libg.a(libc_a-lock.o)
                0x100088f4                __retarget_lock_acquire_recursive
 .text.__retarget_lock_release_recursive
                0x100088f8        0x4 /Applications/ArmGNUToolchain/15.2.rel1/arm-none-eabi/bin/../lib/gcc/arm-none-eabi/15.2.1/../../../../arm-none-eabi/lib/thumb/v6-m/nofp/libg.a(libc_a-lock.o)
                0x100088f8                __retarget_lock_release_recursive
 .text.strlen   0x100088fc       0x60 /Applications/ArmGNUToolchain/15.2.rel1/arm-none-eabi/bin/../lib/gcc/arm-none-eabi/15.2.1/../../../../arm-none-eabi/lib/thumb/v6-m/nofp/libg.a(libc_a-strlen-stub.o)
                0x100088fc                strlen
 .text._malloc_trim_r
                0x1000895c       0xb0 /Applications/ArmGNUToolchain/15.2.rel1/arm-none-eabi/bin/../lib/gcc/arm-none-eabi/15.2.1/../../../../arm-none-eabi/lib/thumb/v6-m/nofp/libg.a(libc_a-freer.o)
                0x1000895c                _malloc_trim_r
 .text._free_r  0x10008a0c      0x1d4 /Applications/ArmGNUToolchain/15.2.rel1/arm-none-eabi/bin/../lib/gcc/arm-none-eabi/15.2.1/../../../../arm-none-eabi/lib/thumb/v6-m/nofp/libg.a(libc_a-freer.o)
                0x10008a0c                _free_r
 .text._sungetc_r
                0x10008be0       0x84 /Applications/ArmGNUToolchain/15.2.rel1/arm-none-eabi/bin/../lib/gcc/arm-none-eabi/15.2.1/../../../../arm-none-eabi/lib/thumb/v6-m/nofp/libg.a(libc_a-svfiscanf.o)
                0x10008be0                _sungetc_r
 .text.__ssrefill_r
                0x10008c64       0x40 /Applications/ArmGNUToolchain/15.2.rel1/arm-none-eabi/bin/../lib/gcc/arm-none-eabi/15.2.1/../../../../arm-none-eabi/lib/thumb/v6-m/nofp/libg.a(libc_a-svfiscanf.o)
                0x10008c64                __ssrefill_r
 .text._sfread_r
                0x10008ca4       0xb8 /Applications/ArmGNUToolchain/15.2.rel1/arm-none-eabi/bin/../lib/gcc/arm-none-eabi/15.2.1/../../../../arm-none-eabi/lib/thumb/v6-m/nofp/libg.a(libc_a-svfiscanf.o)
                0x10008ca4                _sfread_r
 .text.__ssvfscanf_r
                0x10008d5c     0x1a44 /Applications/ArmGNUToolchain/15.2.rel1/arm-none-eabi/bin/../lib/gcc/arm-none-eabi/15.2.1/../../../../arm-none-eabi/lib/thumb/v6-m/nofp/libg.a(libc_a-svfscanf.o)
                0x10008d5c                __ssvfscanf_r
 .text.sulp     0x1000a7a0       0x30 /Applications/ArmGNUToolchain/15.2.rel1/arm-none-eabi/bin/../lib/gcc/arm-none-eabi/15.2.1/../../../../arm-none-eabi/lib/thumb/v6-m/nofp/libg.a(libc_a-strtod.o)
 .text._strtod_l
                0x1000a7d0      0xf98 /Applications/ArmGNUToolchain/15.2.rel1/arm-none-eabi/bin/../lib/gcc/arm-none-eabi/15.2.1/../../../../arm-none-eabi/lib/thumb/v6-m/nofp/libg.a(libc_a-strtod.o)
                0x1000a7d0                _strtod_l
 .text._strtod_r
                0x1000b768       0x10 /Applications/ArmGNUToolchain/15.2.rel1/arm-none-eabi/bin/../lib/gcc/arm-none-eabi/15.2.1/../../../../arm-none-eabi/lib/thumb/v6-m/nofp/libg.a(libc_a-strtod.o)
                0x1000b768                _strtod_r
 .text._strtol_l.isra.0
                0x1000b778      0x154 /Applications/ArmGNUToolchain/15.2.rel1/arm-none-eabi/bin/../lib/gcc/arm-none-eabi/15.2.1/../../../../arm-none-eabi/lib/thumb/v6-m/nofp/libg.a(libc_a-strtol.o)
 .text._strtol_r
                0x1000b8cc        0x8 /Applications/ArmGNUToolchain/15.2.rel1/arm-none-eabi/bin/../lib/gcc/arm-none-eabi/15.2.1/../../../../arm-none-eabi/lib/thumb/v6-m/nofp/libg.a(libc_a-strtol.o)
                0x1000b8cc                _strtol_r
 .text._strtoul_l.isra.0
                0x1000b8d4      0x144 /Applications/ArmGNUToolchain/15.2.rel1/arm-none-eabi/bin/../lib/gcc/arm-none-eabi/15.2.1/../../../../arm-none-eabi/lib/thumb/v6-m/nofp/libg.a(libc_a-strtoul.o)
 .text._strtoul_r
                0x1000ba18        0x8 /Applications/ArmGNUToolchain/15.2.rel1/arm-none-eabi/bin/../lib/gcc/arm-none-eabi/15.2.1/../../../../arm-none-eabi/lib/thumb/v6-m/nofp/libg.a(libc_a-strtoul.o)
                0x1000ba18                _strtoul_r
 .text.__sccl   0x1000ba20       0x88 /Applications/ArmGNUToolchain/15.2.rel1/arm-none-eabi/bin/../lib/gcc/arm-none-eabi/15.2.1/../../../../arm-none-eabi/lib/thumb/v6-m/nofp/libg.a(libc_a-sccl.o)
                0x1000ba20                __sccl
 .text.__submore
                0x1000baa8       0x78 /Applications/ArmGNUToolchain/15.2.rel1/arm-none-eabi/bin/../lib/gcc/arm-none-eabi/15.2.1/../../../../arm-none-eabi/lib/thumb/v6-m/nofp/libg.a(libc_a-ungetc.o)
                0x1000baa8                __submore
 .text.strncmp  0x1000bb20       0x6c /Applications/ArmGNUToolchain/15.2.rel1/arm-none-eabi/bin/../lib/gcc/arm-none-eabi/15.2.1/../../../../arm-none-eabi/lib/thumb/v6-m/nofp/libg.a(libc_a-strncmp.o)
                0x1000bb20                strncmp
 .text.stpncpy  0x1000bb8c       0x6c /Applications/ArmGNUToolchain/15.2.rel1/arm-none-eabi/bin/../lib/gcc/arm-none-eabi/15.2.1/../../../../arm-none-eabi/lib/thumb/v6-m/nofp/libg.a(libc_a-stpncpy.o)
                0x1000bb8c                stpncpy
 .text.__locale_mb_cur_max
                0x1000bbf8       0x10 /Applications/ArmGNUToolchain/15.2.rel1/arm-none-eabi/bin/../lib/gcc/arm-none-eabi/15.2.1/../../../../arm-none-eabi/lib/thumb/v6-m/nofp/libg.a(libc_a-locale.o)
                0x1000bbf8                __locale_mb_cur_max
 .text._localeconv_r
                0x1000bc08        0x8 /Applications/ArmGNUToolchain/15.2.rel1/arm-none-eabi/bin/../lib/gcc/arm-none-eabi/15.2.1/../../../../arm-none-eabi/lib/thumb/v6-m/nofp/libg.a(libc_a-localeconv.o)
                0x1000bc08                _localeconv_r
 .text._strtoll_l.isra.0
                0x1000bc10      0x19c /Applications/ArmGNUToolchain/15.2.rel1/arm-none-eabi/bin/../lib/gcc/arm-none-eabi/15.2.1/../../../../arm-none-eabi/lib/thumb/v6-m/nofp/libg.a(libc_a-strtoll.o)
 .text._strtoll_r
                0x1000bdac        0x8 /Applications/ArmGNUToolchain/15.2.rel1/arm-none-eabi/bin/../lib/gcc/arm-none-eabi/15.2.1/../../../../arm-none-eabi/lib/thumb/v6-m/nofp/libg.a(libc_a-strtoll.o)
                0x1000bdac                _strtoll_r
 .text._strtoull_l.isra.0
                0x1000bdb4      0x1c4 /Applications/ArmGNUToolchain/15.2.rel1/arm-none-eabi/bin/../lib/gcc/arm-none-eabi/15.2.1/../../../../arm-none-eabi/lib/thumb/v6-m/nofp/libg.a(libc_a-strtoull.o)
 .text._strtoull_r
                0x1000bf78        0x8 /Applications/ArmGNUToolchain/15.2.rel1/arm-none-eabi/bin/../lib/gcc/arm-none-eabi/15.2.1/../../../../arm-none-eabi/lib/thumb/v6-m/nofp/libg.a(libc_a-strtoull.o)
                0x1000bf78                _strtoull_r
 .text._mbrtowc_r
                0x1000bf80       0x64 /Applications/ArmGNUToolchain/15.2.rel1/arm-none-eabi/bin/../lib/gcc/arm-none-eabi/15.2.1/../../../../arm-none-eabi/lib/thumb/v6-m/nofp/libg.a(libc_a-mbrtowc.o)
                0x1000bf80                _mbrtowc_r
 .text.iswspace
                0x1000bfe4        0xc /Applications/ArmGNUToolchain/15.2.rel1/arm-none-eabi/bin/../lib/gcc/arm-none-eabi/15.2.1/../../../../arm-none-eabi/lib/thumb/v6-m/nofp/libg.a(libc_a-iswspace.o)
                0x1000bfe4                iswspace
 .text.iswspace_l
                0x1000bff0       0x28 /Applications/ArmGNUToolchain/15.2.rel1/arm-none-eabi/bin/../lib/gcc/arm-none-eabi/15.2.1/../../../../arm-none-eabi/lib/thumb/v6-m/nofp/libg.a(libc_a-iswspace_l.o)
                0x1000bff0                iswspace_l
 .text.nan      0x1000c018        0xc /Applications/ArmGNUToolchain/15.2.rel1/arm-none-eabi/bin/../lib/gcc/arm-none-eabi/15.2.1/../../../../arm-none-eabi/lib/thumb/v6-m/nofp/libg.a(libm_a-s_nan.o)
                0x1000c018                nan
 .text.nanf     0x1000c024        0x8 /Applications/ArmGNUToolchain/15.2.rel1/arm-none-eabi/bin/../lib/gcc/arm-none-eabi/15.2.1/../../../../arm-none-eabi/lib/thumb/v6-m/nofp/libg.a(libm_a-sf_nan.o)
                0x1000c024                nanf
 .text.__jp2uc  0x1000c02c      0x154 /Applications/ArmGNUToolchain/15.2.rel1/arm-none-eabi/bin/../lib/gcc/arm-none-eabi/15.2.1/../../../../arm-none-eabi/lib/thumb/v6-m/nofp/libg.a(libc_a-jp2uc.o)
 .text._jp2uc_l
                0x1000c180       0x68 /Applications/ArmGNUToolchain/15.2.rel1/arm-none-eabi/bin/../lib/gcc/arm-none-eabi/15.2.1/../../../../arm-none-eabi/lib/thumb/v6-m/nofp/libg.a(libc_a-jp2uc.o)
                0x1000c180                _jp2uc_l
 .text.category
                0x1000c1e8       0x58 /Applications/ArmGNUToolchain/15.2.rel1/arm-none-eabi/bin/../lib/gcc/arm-none-eabi/15.2.1/../../../../arm-none-eabi/lib/thumb/v6-m/nofp/libg.a(libc_a-categories.o)
                0x1000c1e8                category
 .text.rshift   0x1000c240       0xa8 /Applications/ArmGNUToolchain/15.2.rel1/arm-none-eabi/bin/../lib/gcc/arm-none-eabi/15.2.1/../../../../arm-none-eabi/lib/thumb/v6-m/nofp/libg.a(libc_a-gdtoa-gethex.o)
 .text.__gethex
                0x1000c2e8      0x5f8 /Applications/ArmGNUToolchain/15.2.rel1/arm-none-eabi/bin/../lib/gcc/arm-none-eabi/15.2.1/../../../../arm-none-eabi/lib/thumb/v6-m/nofp/libg.a(libc_a-gdtoa-gethex.o)
                0x1000c2e8                __gethex
 .text.__match  0x1000c8e0       0x30 /Applications/ArmGNUToolchain/15.2.rel1/arm-none-eabi/bin/../lib/gcc/arm-none-eabi/15.2.1/../../../../arm-none-eabi/lib/thumb/v6-m/nofp/libg.a(libc_a-gdtoa-hexnan.o)
                0x1000c8e0                __match
 .text.__hexnan
                0x1000c910      0x1e0 /Applications/ArmGNUToolchain/15.2.rel1/arm-none-eabi/bin/../lib/gcc/arm-none-eabi/15.2.1/../../../../arm-none-eabi/lib/thumb/v6-m/nofp/libg.a(libc_a-gdtoa-hexnan.o)
                0x1000c910                __hexnan
 .text.__ascii_mbtowc
                0x1000caf0       0x2c /Applications/ArmGNUToolchain/15.2.rel1/arm-none-eabi/bin/../lib/gcc/arm-none-eabi/15.2.1/../../../../arm-none-eabi/lib/thumb/v6-m/nofp/libg.a(libc_a-mbtowc_r.o)
                0x1000caf0                __ascii_mbtowc
 .text._Balloc  0x1000cb1c       0x58 /Applications/ArmGNUToolchain/15.2.rel1/arm-none-eabi/bin/../lib/gcc/arm-none-eabi/15.2.1/../../../../arm-none-eabi/lib/thumb/v6-m/nofp/libg.a(libc_a-mprec.o)
                0x1000cb1c                _Balloc
 .text._Bfree   0x1000cb74       0x14 /Applications/ArmGNUToolchain/15.2.rel1/arm-none-eabi/bin/../lib/gcc/arm-none-eabi/15.2.1/../../../../arm-none-eabi/lib/thumb/v6-m/nofp/libg.a(libc_a-mprec.o)
                0x1000cb74                _Bfree
 .text.__multadd
                0x1000cb88       0xa4 /Applications/ArmGNUToolchain/15.2.rel1/arm-none-eabi/bin/../lib/gcc/arm-none-eabi/15.2.1/../../../../arm-none-eabi/lib/thumb/v6-m/nofp/libg.a(libc_a-mprec.o)
                0x1000cb88                __multadd
 .text.__s2b    0x1000cc2c       0xb0 /Applications/ArmGNUToolchain/15.2.rel1/arm-none-eabi/bin/../lib/gcc/arm-none-eabi/15.2.1/../../../../arm-none-eabi/lib/thumb/v6-m/nofp/libg.a(libc_a-mprec.o)
                0x1000cc2c                __s2b
 .text.__hi0bits
                0x1000ccdc       0x60 /Applications/ArmGNUToolchain/15.2.rel1/arm-none-eabi/bin/../lib/gcc/arm-none-eabi/15.2.1/../../../../arm-none-eabi/lib/thumb/v6-m/nofp/libg.a(libc_a-mprec.o)
                0x1000ccdc                __hi0bits
 .text.__lo0bits
                0x1000cd3c       0x8c /Applications/ArmGNUToolchain/15.2.rel1/arm-none-eabi/bin/../lib/gcc/arm-none-eabi/15.2.1/../../../../arm-none-eabi/lib/thumb/v6-m/nofp/libg.a(libc_a-mprec.o)
                0x1000cd3c                __lo0bits
 .text.__i2b    0x1000cdc8       0x60 /Applications/ArmGNUToolchain/15.2.rel1/arm-none-eabi/bin/../lib/gcc/arm-none-eabi/15.2.1/../../../../arm-none-eabi/lib/thumb/v6-m/nofp/libg.a(libc_a-mprec.o)
                0x1000cdc8                __i2b
 .text.__multiply
                0x1000ce28      0x1b8 /Applications/ArmGNUToolchain/15.2.rel1/arm-none-eabi/bin/../lib/gcc/arm-none-eabi/15.2.1/../../../../arm-none-eabi/lib/thumb/v6-m/nofp/libg.a(libc_a-mprec.o)
                0x1000ce28                __multiply
 .text.__pow5mult
                0x1000cfe0       0xd4 /Applications/ArmGNUToolchain/15.2.rel1/arm-none-eabi/bin/../lib/gcc/arm-none-eabi/15.2.1/../../../../arm-none-eabi/lib/thumb/v6-m/nofp/libg.a(libc_a-mprec.o)
                0x1000cfe0                __pow5mult
 .text.__lshift
                0x1000d0b4       0xf4 /Applications/ArmGNUToolchain/15.2.rel1/arm-none-eabi/bin/../lib/gcc/arm-none-eabi/15.2.1/../../../../arm-none-eabi/lib/thumb/v6-m/nofp/libg.a(libc_a-mprec.o)
                0x1000d0b4                __lshift
 .text.__mcmp   0x1000d1a8       0x4c /Applications/ArmGNUToolchain/15.2.rel1/arm-none-eabi/bin/../lib/gcc/arm-none-eabi/15.2.1/../../../../arm-none-eabi/lib/thumb/v6-m/nofp/libg.a(libc_a-mprec.o)
                0x1000d1a8                __mcmp
 .text.__mdiff  0x1000d1f4      0x1a0 /Applications/ArmGNUToolchain/15.2.rel1/arm-none-eabi/bin/../lib/gcc/arm-none-eabi/15.2.1/../../../../arm-none-eabi/lib/thumb/v6-m/nofp/libg.a(libc_a-mprec.o)
                0x1000d1f4                __mdiff
 .text.__ulp    0x1000d394       0x40 /Applications/ArmGNUToolchain/15.2.rel1/arm-none-eabi/bin/../lib/gcc/arm-none-eabi/15.2.1/../../../../arm-none-eabi/lib/thumb/v6-m/nofp/libg.a(libc_a-mprec.o)
                0x1000d394                __ulp
 .text.__b2d    0x1000d3d4       0xc4 /Applications/ArmGNUToolchain/15.2.rel1/arm-none-eabi/bin/../lib/gcc/arm-none-eabi/15.2.1/../../../../arm-none-eabi/lib/thumb/v6-m/nofp/libg.a(libc_a-mprec.o)
                0x1000d3d4                __b2d
 .text.__d2b    0x1000d498       0xd0 /Applications/ArmGNUToolchain/15.2.rel1/arm-none-eabi/bin/../lib/gcc/arm-none-eabi/15.2.1/../../../../arm-none-eabi/lib/thumb/v6-m/nofp/libg.a(libc_a-mprec.o)
                0x1000d498                __d2b
 .text.__ratio  0x1000d568       0x5c /Applications/ArmGNUToolchain/15.2.rel1/arm-none-eabi/bin/../lib/gcc/arm-none-eabi/15.2.1/../../../../arm-none-eabi/lib/thumb/v6-m/nofp/libg.a(libc_a-mprec.o)
                0x1000d568                __ratio
 .text.__copybits
                0x1000d5c4       0x44 /Applications/ArmGNUToolchain/15.2.rel1/arm-none-eabi/bin/../lib/gcc/arm-none-eabi/15.2.1/../../../../arm-none-eabi/lib/thumb/v6-m/nofp/libg.a(libc_a-mprec.o)
                0x1000d5c4                __copybits
 .text.__any_on
                0x1000d608       0x50 /Applications/ArmGNUToolchain/15.2.rel1/arm-none-eabi/bin/../lib/gcc/arm-none-eabi/15.2.1/../../../../arm-none-eabi/lib/thumb/v6-m/nofp/libg.a(libc_a-mprec.o)
                0x1000d608                __any_on
 .text.__ascii_wctomb
                0x1000d658       0x1c /Applications/ArmGNUToolchain/15.2.rel1/arm-none-eabi/bin/../lib/gcc/arm-none-eabi/15.2.1/../../../../arm-none-eabi/lib/thumb/v6-m/nofp/libg.a(libc_a-wctomb_r.o)
                0x1000d658                __ascii_wctomb
 *(.fini)
 .fini          0x1000d674        0x4 /Applications/ArmGNUToolchain/15.2.rel1/arm-none-eabi/bin/../lib/gcc/arm-none-eabi/15.2.1/thumb/v6-m/nofp/crti.o
                0x1000d674                _fini
 .fini.__stub   0x1000d678       0xc0 linker stubs
 *crtbegin.o(.ctors)
 *crtbegin?.o(.ctors)
 *(EXCLUDE_FILE(*crtend.o *crtend?.o) .ctors)
 *(SORT_BY_NAME(.ctors.*))
 *(.ctors)
 *crtbegin.o(.dtors)
 *crtbegin?.o(.dtors)
 *(EXCLUDE_FILE(*crtend.o *crtend?.o) .dtors)
 *(SORT_BY_NAME(.dtors.*))
 *(.dtors)
                0x1000d738                        . = ALIGN (0x4)
                0x1000d738                        PROVIDE (__preinit_array_start = .)
 *(SORT_BY_NAME(.preinit_array.*))
 .preinit_array.00100
                0x1000d738        0x4 CMakeFiles/04-bme.dir/Users/milanatroanova/Repositories/pico/pico-sdk/src/rp2_common/pico_runtime_init/runtime_init.c.o
                0x1000d738                __pre_init_runtime_init_early_resets
 .preinit_array.00101
                0x1000d73c        0x4 CMakeFiles/04-bme.dir/Users/milanatroanova/Repositories/pico/pico-sdk/src/rp2_common/pico_runtime_init/runtime_init.c.o
                0x1000d73c                __pre_init_runtime_init_usb_power_down
 .preinit_array.00275
                0x1000d740        0x4 CMakeFiles/04-bme.dir/Users/milanatroanova/Repositories/pico/pico-sdk/src/rp2_common/pico_bit_ops/bit_ops_aeabi.S.o
 .preinit_array.00300
                0x1000d744        0x4 CMakeFiles/04-bme.dir/Users/milanatroanova/Repositories/pico/pico-sdk/src/rp2_common/pico_mem_ops/mem_ops_aeabi.S.o
 .preinit_array.00350
                0x1000d748        0x4 CMakeFiles/04-bme.dir/Users/milanatroanova/Repositories/pico/pico-sdk/src/rp2_common/pico_double/double_aeabi_rp2040.S.o
 .preinit_array.00350
                0x1000d74c        0x4 CMakeFiles/04-bme.dir/Users/milanatroanova/Repositories/pico/pico-sdk/src/rp2_common/pico_float/float_aeabi_rp2040.S.o
 .preinit_array.00500
                0x1000d750        0x4 CMakeFiles/04-bme.dir/Users/milanatroanova/Repositories/pico/pico-sdk/src/rp2_common/pico_runtime_init/runtime_init.c.o
                0x1000d750                __pre_init_runtime_init_clocks
 .preinit_array.00600
                0x1000d754        0x4 CMakeFiles/04-bme.dir/Users/milanatroanova/Repositories/pico/pico-sdk/src/rp2_common/pico_runtime_init/runtime_init.c.o
                0x1000d754                __pre_init_runtime_init_post_clock_resets
 .preinit_array.00700
                0x1000d758        0x4 CMakeFiles/04-bme.dir/Users/milanatroanova/Repositories/pico/pico-sdk/src/rp2_common/pico_runtime_init/runtime_init.c.o
                0x1000d758                __pre_init_runtime_init_rp2040_gpio_ie_disable
 .preinit_array.01000
                0x1000d75c        0x4 CMakeFiles/04-bme.dir/Users/milanatroanova/Repositories/pico/pico-sdk/src/rp2_common/pico_runtime_init/runtime_init.c.o
                0x1000d75c                __pre_init_runtime_init_spin_locks_reset
 .preinit_array.01100
                0x1000d760        0x4 CMakeFiles/04-bme.dir/Users/milanatroanova/Repositories/pico/pico-sdk/src/common/pico_sync/mutex.c.o
                0x1000d760                __pre_init_runtime_init_mutex
 .preinit_array.10080
                0x1000d764        0x4 CMakeFiles/04-bme.dir/Users/milanatroanova/Repositories/pico/pico-sdk/src/rp2_common/pico_runtime_init/runtime_init.c.o
                0x1000d764                __pre_init_runtime_init_install_ram_vector_table
 .preinit_array.11000
                0x1000d768        0x4 CMakeFiles/04-bme.dir/Users/milanatroanova/Repositories/pico/pico-sdk/src/common/pico_time/time.c.o
                0x1000d768                __pre_init_runtime_init_default_alarm_pool
 .preinit_array.YYYYY
                0x1000d76c        0x4 CMakeFiles/04-bme.dir/Users/milanatroanova/Repositories/pico/pico-sdk/src/rp2_common/pico_runtime/runtime.c.o
                0x1000d76c                __pre_init_first_per_core_initializer
 .preinit_array.ZZZZZ.01200
                0x1000d770        0x4 CMakeFiles/04-bme.dir/Users/milanatroanova/Repositories/pico/pico-sdk/src/rp2_common/hardware_irq/irq.c.o
                0x1000d770                __pre_init_runtime_init_per_core_irq_priorities
 *(.preinit_array)
                0x1000d774                        PROVIDE (__preinit_array_end = .)
                0x1000d774                        . = ALIGN (0x4)
                0x1000d774                        PROVIDE (__init_array_start = .)
 *(SORT_BY_NAME(.init_array.*))
 .init_array.01000
                0x1000d774        0x4 CMakeFiles/04-bme.dir/Users/milanatroanova/Repositories/pico/pico-sdk/src/rp2_common/pico_unique_id/unique_id.c.o
 *(.init_array)
 .init_array    0x1000d778        0x4 /Applications/ArmGNUToolchain/15.2.rel1/arm-none-eabi/bin/../lib/gcc/arm-none-eabi/15.2.1/thumb/v6-m/nofp/crtbegin.o
                0x1000d77c                        PROVIDE (__init_array_end = .)
                0x1000d77c                        . = ALIGN (0x4)
                [!provide]                        PROVIDE (__fini_array_start = .)
 *(SORT_BY_NAME(.fini_array.*))
 *(.fini_array)
                [!provide]                        PROVIDE (__fini_array_end = .)
 *(.eh_frame*)
 .eh_frame      0x1000d77c        0x0 /Applications/ArmGNUToolchain/15.2.rel1/arm-none-eabi/bin/../lib/gcc/arm-none-eabi/15.2.1/thumb/v6-m/nofp/crtbegin.o
                0x1000d77c                        . = ALIGN (0x4)

.glue_7         0x1000d77c        0x0
 .glue_7        0x1000d77c        0x0 linker stubs

.glue_7t        0x1000d77c        0x0
 .glue_7t       0x1000d77c        0x0 linker stubs

.vfp11_veneer   0x1000d77c        0x0
 .vfp11_veneer  0x1000d77c        0x0 linker stubs

.v4_bx          0x1000d77c        0x0
 .v4_bx         0x1000d77c        0x0 linker stubs

.iplt           0x1000d77c        0x0
 .iplt          0x1000d77c        0x0 /Applications/ArmGNUToolchain/15.2.rel1/arm-none-eabi/bin/../lib/gcc/arm-none-eabi/15.2.1/thumb/v6-m/nofp/crtbegin.o

.rodata         0x1000d780     0x7fa0
 *(EXCLUDE_FILE(*libm.a: *libc.a:*lib_a-mem*.o *libgcc.a:) .rodata*)
 .rodata.version_callback.str1.4
                0x1000d780      0x816 CMakeFiles/04-bme.dir/main.c.o
                                 0x41 (size before relaxing)
 .rodata.led_on_callback.str1.4
                0x1000df96        0x0 CMakeFiles/04-bme.dir/main.c.o
                                  0x8 (size before relaxing)
 .rodata.led_off_callback.str1.4
                0x1000df96        0x0 CMakeFiles/04-bme.dir/main.c.o
                                  0x9 (size before relaxing)
 .rodata.led_blink_callback.str1.4
                0x1000df96        0x0 CMakeFiles/04-bme.dir/main.c.o
                                  0xb (size before relaxing)
 .rodata.read_reg_callback.str1.4
                0x1000df96        0x0 CMakeFiles/04-bme.dir/main.c.o
                                0x113 (size before relaxing)
 .rodata.write_reg_callback.str1.4
                0x1000df96        0x0 CMakeFiles/04-bme.dir/main.c.o
                                 0x78 (size before relaxing)
 .rodata.temp_raw_callback.str1.4
                0x1000df96        0x0 CMakeFiles/04-bme.dir/main.c.o
                                 0x11 (size before relaxing)
 .rodata.pres_raw_callback.str1.4