Archive member included to satisfy reference by file (symbol)

/Applications/ArmGNUToolchain/15.2.rel1/arm-none-eabi/bin/../lib/gcc/arm-none-eabi/15.2.1/thumb/v6-m/nofp/libgcc.a(_dvmd_tls.o)
                              CMakeFiles/02_echo.dir/Users/milanatroanova/Repositories/pico/pico-sdk/src/rp2_common/pico_divider/divider_hardware.S.o (__aeabi_idiv0)
/Applications/ArmGNUToolchain/15.2.rel1/arm-none-eabi/bin/../lib/gcc/arm-none-eabi/15.2.1/../../../../arm-none-eabi/lib/thumb/v6-m/nofp/libg.a(libc_a-calloc.o)
                              CMakeFiles/02_echo.dir/Users/milanatroanova/Repositories/pico/pico-sdk/src/rp2_common/pico_malloc/malloc.c.o (calloc)
/Applications/ArmGNUToolchain/15.2.rel1/arm-none-eabi/bin/../lib/gcc/arm-none-eabi/15.2.1/../../../../arm-none-eabi/lib/thumb/v6-m/nofp/libg.a(libc_a-callocr.o)
                              /Applications/ArmGNUToolchain/15.2.rel1/arm-none-eabi/bin/../lib/gcc/arm-none-eabi/15.2.1/../../../../arm-none-eabi/lib/thumb/v6-m/nofp/libg.a(libc_a-calloc.o) (_calloc_r)
/Applications/ArmGNUToolchain/15.2.rel1/arm-none-eabi/bin/../lib/gcc/arm-none-eabi/15.2.1/../../../../arm-none-eabi/lib/thumb/v6-m/nofp/libg.a(libc_a-malloc.o)
                              CMakeFiles/02_echo.dir/Users/milanatroanova/Repositories/pico/pico-sdk/src/rp2_common/pico_malloc/malloc.c.o (malloc)
/Applications/ArmGNUToolchain/15.2.rel1/arm-none-eabi/bin/../lib/gcc/arm-none-eabi/15.2.1/../../../../arm-none-eabi/lib/thumb/v6-m/nofp/libg.a(libc_a-mallocr.o)
                              /Applications/ArmGNUToolchain/15.2.rel1/arm-none-eabi/bin/../lib/gcc/arm-none-eabi/15.2.1/../../../../arm-none-eabi/lib/thumb/v6-m/nofp/libg.a(libc_a-callocr.o) (_malloc_r)
/Applications/ArmGNUToolchain/15.2.rel1/arm-none-eabi/bin/../lib/gcc/arm-none-eabi/15.2.1/../../../../arm-none-eabi/lib/thumb/v6-m/nofp/libg.a(libc_a-mlock.o)
                              /Applications/ArmGNUToolchain/15.2.rel1/arm-none-eabi/bin/../lib/gcc/arm-none-eabi/15.2.1/../../../../arm-none-eabi/lib/thumb/v6-m/nofp/libg.a(libc_a-mallocr.o) (__malloc_lock)
/Applications/ArmGNUToolchain/15.2.rel1/arm-none-eabi/bin/../lib/gcc/arm-none-eabi/15.2.1/../../../../arm-none-eabi/lib/thumb/v6-m/nofp/libg.a(libc_a-realloc.o)
                              CMakeFiles/02_echo.dir/Users/milanatroanova/Repositories/pico/pico-sdk/src/rp2_common/pico_malloc/malloc.c.o (realloc)
/Applications/ArmGNUToolchain/15.2.rel1/arm-none-eabi/bin/../lib/gcc/arm-none-eabi/15.2.1/../../../../arm-none-eabi/lib/thumb/v6-m/nofp/libg.a(libc_a-reallocr.o)
                              /Applications/ArmGNUToolchain/15.2.rel1/arm-none-eabi/bin/../lib/gcc/arm-none-eabi/15.2.1/../../../../arm-none-eabi/lib/thumb/v6-m/nofp/libg.a(libc_a-realloc.o) (_realloc_r)
/Applications/ArmGNUToolchain/15.2.rel1/arm-none-eabi/bin/../lib/gcc/arm-none-eabi/15.2.1/../../../../arm-none-eabi/lib/thumb/v6-m/nofp/libg.a(libc_a-memcmp.o)
                              CMakeFiles/02_echo.dir/Users/milanatroanova/Repositories/pico/pico-sdk/src/rp2_common/pico_atomic/atomic.c.o (memcmp)
/Applications/ArmGNUToolchain/15.2.rel1/arm-none-eabi/bin/../lib/gcc/arm-none-eabi/15.2.1/../../../../arm-none-eabi/lib/thumb/v6-m/nofp/libg.a(libc_a-memmove.o)
                              /Applications/ArmGNUToolchain/15.2.rel1/arm-none-eabi/bin/../lib/gcc/arm-none-eabi/15.2.1/../../../../arm-none-eabi/lib/thumb/v6-m/nofp/libg.a(libc_a-reallocr.o) (memmove)
/Applications/ArmGNUToolchain/15.2.rel1/arm-none-eabi/bin/../lib/gcc/arm-none-eabi/15.2.1/../../../../arm-none-eabi/lib/thumb/v6-m/nofp/libg.a(libc_a-lcltime_r.o)
                              CMakeFiles/02_echo.dir/Users/milanatroanova/Repositories/pico/pico-sdk/src/common/pico_util/datetime.c.o (localtime_r)
/Applications/ArmGNUToolchain/15.2.rel1/arm-none-eabi/bin/../lib/gcc/arm-none-eabi/15.2.1/../../../../arm-none-eabi/lib/thumb/v6-m/nofp/libg.a(libc_a-mktime.o)
                              CMakeFiles/02_echo.dir/Users/milanatroanova/Repositories/pico/pico-sdk/src/common/pico_util/datetime.c.o (mktime)
/Applications/ArmGNUToolchain/15.2.rel1/arm-none-eabi/bin/../lib/gcc/arm-none-eabi/15.2.1/../../../../arm-none-eabi/lib/thumb/v6-m/nofp/libg.a(libc_a-month_lengths.o)
                              /Applications/ArmGNUToolchain/15.2.rel1/arm-none-eabi/bin/../lib/gcc/arm-none-eabi/15.2.1/../../../../arm-none-eabi/lib/thumb/v6-m/nofp/libg.a(libc_a-lcltime_r.o) (__month_lengths)
/Applications/ArmGNUToolchain/15.2.rel1/arm-none-eabi/bin/../lib/gcc/arm-none-eabi/15.2.1/../../../../arm-none-eabi/lib/thumb/v6-m/nofp/libg.a(libc_a-tzcalc_limits.o)
                              /Applications/ArmGNUToolchain/15.2.rel1/arm-none-eabi/bin/../lib/gcc/arm-none-eabi/15.2.1/../../../../arm-none-eabi/lib/thumb/v6-m/nofp/libg.a(libc_a-lcltime_r.o) (__tzcalc_limits)
/Applications/ArmGNUToolchain/15.2.rel1/arm-none-eabi/bin/../lib/gcc/arm-none-eabi/15.2.1/../../../../arm-none-eabi/lib/thumb/v6-m/nofp/libg.a(libc_a-tzlock.o)
[...]
Memory Configuration

Name             Origin             Length             Attributes
FLASH            0x10000000         0x00200000         xr
RAM              0x20000000         0x00040000         xrw
SCRATCH_X        0x20040000         0x00001000         xrw
SCRATCH_Y        0x20041000         0x00001000         xrw
*default*        0x00000000         0xffffffff

Linker script and memory map

LOAD /Applications/ArmGNUToolchain/15.2.rel1/arm-none-eabi/bin/../lib/gcc/arm-none-eabi/15.2.1/thumb/v6-m/nofp/crti.o
LOAD /Applications/ArmGNUToolchain/15.2.rel1/arm-none-eabi/bin/../lib/gcc/arm-none-eabi/15.2.1/thumb/v6-m/nofp/crtbegin.o
LOAD /Applications/ArmGNUToolchain/15.2.rel1/arm-none-eabi/bin/../lib/gcc/arm-none-eabi/15.2.1/../../../../arm-none-eabi/lib/thumb/v6-m/nofp/crt0.o

.flash_begin    0x10000000        0x0
                0x10000000                        __flash_binary_start = .

.boot2          0x10000000      0x100
                0x10000000                        __boot2_start__ = .
 *(.boot2)
 .boot2         0x10000000      0x100 pico-sdk/src/rp2040/boot_stage2/CMakeFiles/bs2_default_library.dir/bs2_default_padded_checksummed.S.o
                0x10000100                        __boot2_end__ = .
                0x00000001                        ASSERT (((__boot2_end__ - __boot2_start__) == 0x100), ERROR: Pico second stage bootloader must be 256 bytes in size)

.text           0x10000100     0x6a0c
                0x10000100                        __logical_binary_start = .
 *(.vectors)
 .vectors       0x10000100       0xd4 CMakeFiles/02_echo.dir/Users/milanatroanova/Repositories/pico/pico-sdk/src/rp2_common/pico_crt0/crt0.S.o
                0x10000100                __VECTOR_TABLE
                0x10000100                __vectors
                0x100001c0                isr_irq13
                0x100001c0                isr_irq27
                0x100001c0                isr_irq31
                0x100001c0                isr_irq5
                0x100001c0                isr_irq11
                0x100001c0                isr_irq23
                0x100001c0                isr_irq18
                0x100001c0                isr_irq9
                0x100001c0                __unhandled_user_irq
                0x100001c0                isr_irq25
                0x100001c0                isr_irq4
                0x100001c0                isr_irq16
                0x100001c0                isr_irq29
                0x100001c0                isr_irq26
                0x100001c0                isr_irq3
                0x100001c0                isr_irq12
                0x100001c0                isr_irq30
                0x100001c0                isr_irq28
                0x100001c0                isr_irq19
                0x100001c0                isr_irq0
                0x100001c0                isr_irq6
                0x100001c0                isr_irq22
                0x100001c0                isr_irq17
                0x100001c0                isr_irq14
                0x100001c0                __vectors_end
                0x100001c0                __default_isrs_start
                0x100001c0                isr_irq2
                0x100001c0                isr_irq10
                0x100001c0                isr_irq8
                0x100001c0                isr_irq24
                0x100001c0                isr_irq1
                0x100001c0                isr_irq7
                0x100001c0                isr_irq21
                0x100001c0                isr_irq20
                0x100001c0                isr_irq15
                0x100001c6                unhandled_user_irq_num_in_r0
                0x100001c8                isr_invalid
                0x100001ca                isr_nmi
                0x100001cc                isr_hardfault
                0x100001ce                isr_svcall
                0x100001d0                isr_pendsv
                0x100001d2                isr_systick
                0x100001d4                __default_isrs_end
 *(.binary_info_header)
 .binary_info_header
                0x100001d4       0x14 CMakeFiles/02_echo.dir/Users/milanatroanova/Repositories/pico/pico-sdk/src/rp2_common/pico_crt0/crt0.S.o
                0x100001e8                        __binary_info_header_end = .
 *(.embedded_block)
                0x100001e8                        __embedded_block_end = .
 *(.reset)
 .reset         0x100001e8       0x9c CMakeFiles/02_echo.dir/Users/milanatroanova/Repositories/pico/pico-sdk/src/rp2_common/pico_crt0/crt0.S.o
                0x100001e8                _entry_point
 *(.init)
 .init          0x10000284        0x4 /Applications/ArmGNUToolchain/15.2.rel1/arm-none-eabi/bin/../lib/gcc/arm-none-eabi/15.2.1/thumb/v6-m/nofp/crti.o
                0x10000284                _init
 *(EXCLUDE_FILE(*libm.a: *libc.a:*lib_a-mem*.o *libgcc.a:) .text*)
 .text.register_tm_clones
                0x10000288       0x28 /Applications/ArmGNUToolchain/15.2.rel1/arm-none-eabi/bin/../lib/gcc/arm-none-eabi/15.2.1/thumb/v6-m/nofp/crtbegin.o
 .text.frame_dummy
                0x100002b0       0x24 /Applications/ArmGNUToolchain/15.2.rel1/arm-none-eabi/bin/../lib/gcc/arm-none-eabi/15.2.1/thumb/v6-m/nofp/crtbegin.o
 .text.startup.main
                0x100002d4       0xa0 CMakeFiles/02_echo.dir/main.c.o
                0x100002d4                main
 .text.gpio_init
                0x10000374       0x3c CMakeFiles/02_echo.dir/Users/milanatroanova/Repositories/pico/pico-sdk/src/rp2_common/hardware_gpio/gpio.c.o
                0x10000374                gpio_init
 .text.rp2040_chip_version
                0x100003b0        0xc CMakeFiles/02_echo.dir/Users/milanatroanova/Repositories/pico/pico-sdk/src/rp2040/pico_platform/platform.c.o
                0x100003b0                rp2040_chip_version
 .text.panic    0x100003bc       0x30 CMakeFiles/02_echo.dir/Users/milanatroanova/Repositories/pico/pico-sdk/src/rp2_common/pico_platform_panic/panic.c.o
                0x100003bc                panic
 .text.hw_claim_or_assert
                0x100003ec       0x50 CMakeFiles/02_echo.dir/Users/milanatroanova/Repositories/pico/pico-sdk/src/common/hardware_claim/claim.c.o
                0x100003ec                hw_claim_or_assert
 .text.hw_claim_unused_from_range
                0x1000043c       0x88 CMakeFiles/02_echo.dir/Users/milanatroanova/Repositories/pico/pico-sdk/src/common/hardware_claim/claim.c.o
                0x1000043c                hw_claim_unused_from_range
 .text.next_striped_spin_lock_num
                0x100004c4       0x18 CMakeFiles/02_echo.dir/Users/milanatroanova/Repositories/pico/pico-sdk/src/rp2_common/hardware_sync/sync.c.o
                0x100004c4                next_striped_spin_lock_num
 .text.spin_lock_claim_unused
                0x100004dc       0x20 CMakeFiles/02_echo.dir/Users/milanatroanova/Repositories/pico/pico-sdk/src/rp2_common/hardware_sync/sync.c.o
                0x100004dc                spin_lock_claim_unused
 .text.spin_locks_reset
                0x100004fc       0x1c CMakeFiles/02_echo.dir/Users/milanatroanova/Repositories/pico/pico-sdk/src/rp2_common/hardware_sync_spin_lock/sync_spin_lock.c.o
                0x100004fc                spin_locks_reset
 .text.runtime_init_per_core_irq_priorities
                0x10000518       0x48 CMakeFiles/02_echo.dir/Users/milanatroanova/Repositories/pico/pico-sdk/src/rp2_common/hardware_irq/irq.c.o
                0x10000518                runtime_init_per_core_irq_priorities
 .text.irq_set_enabled
                0x10000560       0x24 CMakeFiles/02_echo.dir/Users/milanatroanova/Repositories/pico/pico-sdk/src/rp2_common/hardware_irq/irq.c.o
                0x10000560                irq_set_enabled
 .text.irq_is_enabled
                0x10000584       0x18 CMakeFiles/02_echo.dir/Users/milanatroanova/Repositories/pico/pico-sdk/src/rp2_common/hardware_irq/irq.c.o
                0x10000584                irq_is_enabled
 .text.irq_set_pending
                0x1000059c       0x10 CMakeFiles/02_echo.dir/Users/milanatroanova/Repositories/pico/pico-sdk/src/rp2_common/hardware_irq/irq.c.o
                0x1000059c                irq_set_pending
 .text.irq_has_shared_handler
                0x100005ac       0x20 CMakeFiles/02_echo.dir/Users/milanatroanova/Repositories/pico/pico-sdk/src/rp2_common/hardware_irq/irq.c.o
                0x100005ac                irq_has_shared_handler
 .text.irq_set_exclusive_handler
                0x100005cc       0x54 CMakeFiles/02_echo.dir/Users/milanatroanova/Repositories/pico/pico-sdk/src/rp2_common/hardware_irq/irq.c.o
                0x100005cc                irq_set_exclusive_handler
 .text.irq_add_shared_handler
                0x10000620      0x1cc CMakeFiles/02_echo.dir/Users/milanatroanova/Repositories/pico/pico-sdk/src/rp2_common/hardware_irq/irq.c.o
                0x10000620                irq_add_shared_handler
 .text.irq_add_tail_to_free_list
                0x100007ec       0xb4 CMakeFiles/02_echo.dir/Users/milanatroanova/Repositories/pico/pico-sdk/src/rp2_common/hardware_irq/irq.c.o
                0x100007ec                irq_add_tail_to_free_list
 .text.user_irq_claim_unused
                0x100008a0       0x28 CMakeFiles/02_echo.dir/Users/milanatroanova/Repositories/pico/pico-sdk/src/rp2_common/hardware_irq/irq.c.o
                0x100008a0                user_irq_claim_unused
 .text.lock_init
                0x100008c8       0x10 CMakeFiles/02_echo.dir/Users/milanatroanova/Repositories/pico/pico-sdk/src/common/pico_sync/lock_core.c.o
                0x100008c8                lock_init
 .text.runtime_init_mutex
                0x100008d8       0x50 CMakeFiles/02_echo.dir/Users/milanatroanova/Repositories/pico/pico-sdk/src/common/pico_sync/mutex.c.o
                0x100008d8                runtime_init_mutex
 .text.mutex_init
                0x10000928       0x1c CMakeFiles/02_echo.dir/Users/milanatroanova/Repositories/pico/pico-sdk/src/common/pico_sync/mutex.c.o
                0x10000928                mutex_init
 .text.critical_section_init
                0x10000944       0x1c CMakeFiles/02_echo.dir/Users/milanatroanova/Repositories/pico/pico-sdk/src/common/pico_sync/critical_section.c.o
                0x10000944                critical_section_init
 .text.critical_section_init_with_lock_num
                0x10000960       0x14 CMakeFiles/02_echo.dir/Users/milanatroanova/Repositories/pico/pico-sdk/src/common/pico_sync/critical_section.c.o
                0x10000960                critical_section_init_with_lock_num
 .text.sleep_until_callback
                0x10000974       0x30 CMakeFiles/02_echo.dir/Users/milanatroanova/Repositories/pico/pico-sdk/src/common/pico_time/time.c.o
 .text.alarm_pool_irq_handler
                0x100009a4      0x2f4 CMakeFiles/02_echo.dir/Users/milanatroanova/Repositories/pico/pico-sdk/src/common/pico_time/time.c.o
 .text.runtime_init_default_alarm_pool
                0x10000c98       0xd8 CMakeFiles/02_echo.dir/Users/milanatroanova/Repositories/pico/pico-sdk/src/common/pico_time/time.c.o
                0x10000c98                runtime_init_default_alarm_pool
 .text.alarm_pool_get_default
                0x10000d70        0x8 CMakeFiles/02_echo.dir/Users/milanatroanova/Repositories/pico/pico-sdk/src/common/pico_time/time.c.o
                0x10000d70                alarm_pool_get_default
 .text.alarm_pool_add_alarm_at
                0x10000d78       0xcc CMakeFiles/02_echo.dir/Users/milanatroanova/Repositories/pico/pico-sdk/src/common/pico_time/time.c.o
                0x10000d78                alarm_pool_add_alarm_at
 .text.alarm_pool_add_alarm_at_force_in_context
                0x10000e44       0xbc CMakeFiles/02_echo.dir/Users/milanatroanova/Repositories/pico/pico-sdk/src/common/pico_time/time.c.o
                0x10000e44                alarm_pool_add_alarm_at_force_in_context
 .text.alarm_pool_cancel_alarm
                0x10000f00       0x74 CMakeFiles/02_echo.dir/Users/milanatroanova/Repositories/pico/pico-sdk/src/common/pico_time/time.c.o
                0x10000f00                alarm_pool_cancel_alarm
 .text.alarm_pool_core_num
                0x10000f74        0x4 CMakeFiles/02_echo.dir/Users/milanatroanova/Repositories/pico/pico-sdk/src/common/pico_time/time.c.o
                0x10000f74                alarm_pool_core_num
 .text.sleep_ms
                0x10000f78       0xfc CMakeFiles/02_echo.dir/Users/milanatroanova/Repositories/pico/pico-sdk/src/common/pico_time/time.c.o
                0x10000f78                sleep_ms
 .text.best_effort_wfe_or_timeout
                0x10001074      0x100 CMakeFiles/02_echo.dir/Users/milanatroanova/Repositories/pico/pico-sdk/src/common/pico_time/time.c.o
                0x10001074                best_effort_wfe_or_timeout
 .text.timer_hardware_alarm_claim
                0x10001174       0x14 CMakeFiles/02_echo.dir/Users/milanatroanova/Repositories/pico/pico-sdk/src/rp2_common/hardware_timer/timer.c.o
                0x10001174                timer_hardware_alarm_claim
 .text.timer_time_us_64
                0x10001188       0x10 CMakeFiles/02_echo.dir/Users/milanatroanova/Repositories/pico/pico-sdk/src/rp2_common/hardware_timer/timer.c.o
                0x10001188                timer_time_us_64
 .text.time_us_64
                0x10001198       0x14 CMakeFiles/02_echo.dir/Users/milanatroanova/Repositories/pico/pico-sdk/src/rp2_common/hardware_timer/timer.c.o
                0x10001198                time_us_64
 .text.busy_wait_us
                0x100011ac       0x6c CMakeFiles/02_echo.dir/Users/milanatroanova/Repositories/pico/pico-sdk/src/rp2_common/hardware_timer/timer.c.o
                0x100011ac                busy_wait_us
 .text.busy_wait_until
                0x10001218       0x20 CMakeFiles/02_echo.dir/Users/milanatroanova/Repositories/pico/pico-sdk/src/rp2_common/hardware_timer/timer.c.o
                0x10001218                busy_wait_until
 .text.clock_configure_int_divider
                0x10001238       0xec CMakeFiles/02_echo.dir/Users/milanatroanova/Repositories/pico/pico-sdk/src/rp2_common/hardware_clocks/clocks.c.o
                0x10001238                clock_configure_int_divider
 .text.clock_configure_undivided
                0x10001324       0xe0 CMakeFiles/02_echo.dir/Users/milanatroanova/Repositories/pico/pico-sdk/src/rp2_common/hardware_clocks/clocks.c.o
                0x10001324                clock_configure_undivided
 .text.clock_get_hz
                0x10001404        0xc CMakeFiles/02_echo.dir/Users/milanatroanova/Repositories/pico/pico-sdk/src/rp2_common/hardware_clocks/clocks.c.o
                0x10001404                clock_get_hz
 .text.pll_init
                0x10001410       0xb0 CMakeFiles/02_echo.dir/Users/milanatroanova/Repositories/pico/pico-sdk/src/rp2_common/hardware_pll/pll.c.o
                0x10001410                pll_init
 .text.watchdog_reboot
                0x100014c0       0x9c CMakeFiles/02_echo.dir/Users/milanatroanova/Repositories/pico/pico-sdk/src/rp2_common/hardware_watchdog/watchdog.c.o
                0x100014c0                watchdog_reboot
 .text.tick_start
                0x1000155c       0x10 CMakeFiles/02_echo.dir/Users/milanatroanova/Repositories/pico/pico-sdk/src/rp2_common/hardware_ticks/ticks.c.o
                0x1000155c                tick_start
 .text.rom_func_lookup
                0x1000156c       0x10 CMakeFiles/02_echo.dir/Users/milanatroanova/Repositories/pico/pico-sdk/src/rp2_common/pico_bootrom/bootrom.c.o
                0x1000156c                rom_func_lookup
 .text.rom_data_lookup
                0x1000157c       0x10 CMakeFiles/02_echo.dir/Users/milanatroanova/Repositories/pico/pico-sdk/src/rp2_common/pico_bootrom/bootrom.c.o
                0x1000157c                rom_data_lookup
 .text.rom_funcs_lookup
                0x1000158c       0x44 CMakeFiles/02_echo.dir/Users/milanatroanova/Repositories/pico/pico-sdk/src/rp2_common/pico_bootrom/bootrom.c.o
                0x1000158c                rom_funcs_lookup
 .text.rom_reset_usb_boot_extra
                0x100015d0       0x24 CMakeFiles/02_echo.dir/Users/milanatroanova/Repositories/pico/pico-sdk/src/rp2_common/pico_bootrom/bootrom.c.o
                0x100015d0                rom_reset_usb_boot_extra
 .text.xosc_init
                0x100015f4       0x28 CMakeFiles/02_echo.dir/Users/milanatroanova/Repositories/pico/pico-sdk/src/rp2_common/hardware_xosc/xosc.c.o
                0x100015f4                xosc_init
 .text.first_per_core_initializer
                0x1000161c        0x4 CMakeFiles/02_echo.dir/Users/milanatroanova/Repositories/pico/pico-sdk/src/rp2_common/pico_runtime/runtime.c.o
 .text.hard_assertion_failure
                0x10001620        0xc CMakeFiles/02_echo.dir/Users/milanatroanova/Repositories/pico/pico-sdk/src/rp2_common/pico_runtime/runtime.c.o
                0x10001620                hard_assertion_failure
 .text.runtime_run_initializers
                0x1000162c       0x28 CMakeFiles/02_echo.dir/Users/milanatroanova/Repositories/pico/pico-sdk/src/rp2_common/pico_runtime/runtime.c.o
                0x1000162c                runtime_run_initializers
 .text.runtime_init_early_resets
                0x10001654       0x2c CMakeFiles/02_echo.dir/Users/milanatroanova/Repositories/pico/pico-sdk/src/rp2_common/pico_runtime_init/runtime_init.c.o
                0x10001654                runtime_init_early_resets
 .text.runtime_init_usb_power_down
                0x10001680       0x1c CMakeFiles/02_echo.dir/Users/milanatroanova/Repositories/pico/pico-sdk/src/rp2_common/pico_runtime_init/runtime_init.c.o
                0x10001680                runtime_init_usb_power_down
 .text.runtime_init_post_clock_resets
                0x1000169c       0x20 CMakeFiles/02_echo.dir/Users/milanatroanova/Repositories/pico/pico-sdk/src/rp2_common/pico_runtime_init/runtime_init.c.o
                0x1000169c                runtime_init_post_clock_resets
 .text.runtime_init_rp2040_gpio_ie_disable
                0x100016bc       0x14 CMakeFiles/02_echo.dir/Users/milanatroanova/Repositories/pico/pico-sdk/src/rp2_common/pico_runtime_init/runtime_init.c.o
                0x100016bc                runtime_init_rp2040_gpio_ie_disable
 .text.runtime_init_spin_locks_reset
                0x100016d0        0x8 CMakeFiles/02_echo.dir/Users/milanatroanova/Repositories/pico/pico-sdk/src/rp2_common/pico_runtime_init/runtime_init.c.o
                0x100016d0                runtime_init_spin_locks_reset
 .text.runtime_init_install_ram_vector_table
                0x100016d8       0xb8 CMakeFiles/02_echo.dir/Users/milanatroanova/Repositories/pico/pico-sdk/src/rp2_common/pico_runtime_init/runtime_init.c.o
                0x100016d8                runtime_init_install_ram_vector_table
 .text.runtime_init_clocks
                0x10001790       0xd8 CMakeFiles/02_echo.dir/Users/milanatroanova/Repositories/pico/pico-sdk/src/rp2_common/pico_runtime_init/runtime_init_clocks.c.o
                0x10001790                runtime_init_clocks
 .text          0x10001868       0x10 CMakeFiles/02_echo.dir/Users/milanatroanova/Repositories/pico/pico-sdk/src/rp2_common/pico_bit_ops/bit_ops_aeabi.S.o
 .text.__wrap___aeabi_idiv
                0x10001878       0x50 CMakeFiles/02_echo.dir/Users/milanatroanova/Repositories/pico/pico-sdk/src/rp2_common/pico_divider/divider_hardware.S.o
                0x10001878                __wrap___aeabi_idivmod
                0x10001878                divmod_s32s32
                0x10001878                div_s32s32
                0x10001878                __wrap___aeabi_idiv
                0x10001880                divmod_s32s32_unsafe
                0x100018ac                divmod_s32s32_savestate
 .text.__wrap___aeabi_uidiv
                0x100018c8       0x4c CMakeFiles/02_echo.dir/Users/milanatroanova/Repositories/pico/pico-sdk/src/rp2_common/pico_divider/divider_hardware.S.o
                0x100018c8                __wrap___aeabi_uidiv
                0x100018c8                __wrap___aeabi_uidivmod
                0x100018c8                div_u32u32
                0x100018c8                divmod_u32u32
                0x100018d0                divmod_u32u32_unsafe
                0x100018f8                divmod_u32u32_savestate
 .text.__wrap___aeabi_ldiv
                0x10001914      0x424 CMakeFiles/02_echo.dir/Users/milanatroanova/Repositories/pico/pico-sdk/src/rp2_common/pico_divider/divider_hardware.S.o
                0x10001914                __wrap___aeabi_ldivmod
                0x10001914                div_s64s64
                0x10001914                divmod_s64s64
                0x10001944                divmod_u64u64
                0x10001944                div_u64u64
                0x10001944                __wrap___aeabi_uldivmod
                0x10001954                divmod_u64u64_savestate
                0x10001974                divmod_s64s64_unsafe
                0x100019fc                divmod_u64u64_unsafe
 .text.__wrap___aeabi_darithmetic
                0x10001d38       0x80 CMakeFiles/02_echo.dir/Users/milanatroanova/Repositories/pico/pico-sdk/src/rp2_common/pico_double/double_aeabi_rp2040.S.o
                0x10001d38                __wrap___aeabi_drsub
                0x10001d3e                __wrap___aeabi_dsub
                0x10001d50                __wrap___aeabi_dadd
                0x10001d62                __wrap___aeabi_ddiv
                0x10001d9e                __wrap___aeabi_dmul
 .text.__wrap___aeabi_cdcmple
                0x10001db8       0x6c CMakeFiles/02_echo.dir/Users/milanatroanova/Repositories/pico/pico-sdk/src/rp2_common/pico_double/double_aeabi_rp2040.S.o
                0x10001db8                __wrap___aeabi_cdrcmple
                0x10001dc8                __wrap___aeabi_cdcmple
                0x10001dc8                __wrap___aeabi_cdcmpeq
 .text.__wrap___aeabi_dcmplt
                0x10001e24        0xc CMakeFiles/02_echo.dir/Users/milanatroanova/Repositories/pico/pico-sdk/src/rp2_common/pico_double/double_aeabi_rp2040.S.o
                0x10001e24                __wrap___aeabi_dcmplt
 .text.__wrap___aeabi_dcmple
                0x10001e30       0x10 CMakeFiles/02_echo.dir/Users/milanatroanova/Repositories/pico/pico-sdk/src/rp2_common/pico_double/double_aeabi_rp2040.S.o
                0x10001e30                __wrap___aeabi_dcmple
 .text.__wrap___aeabi_dcmpge
                0x10001e40       0x10 CMakeFiles/02_echo.dir/Users/milanatroanova/Repositories/pico/pico-sdk/src/rp2_common/pico_double/double_aeabi_rp2040.S.o
                0x10001e40                __wrap___aeabi_dcmpge
 .text.__wrap___aeabi_dcmpgt
                0x10001e50        0xa CMakeFiles/02_echo.dir/Users/milanatroanova/Repositories/pico/pico-sdk/src/rp2_common/pico_double/double_aeabi_rp2040.S.o
                0x10001e50                __wrap___aeabi_dcmpgt
 .text.__wrap___aeabi_dcmpun
                0x10001e5a       0x18 CMakeFiles/02_echo.dir/Users/milanatroanova/Repositories/pico/pico-sdk/src/rp2_common/pico_double/double_aeabi_rp2040.S.o
                0x10001e5a                __wrap___aeabi_dcmpun
 *fill*         0x10001e72        0x2 
 .text.__wrap___aeabi_i2d
                0x10001e74       0x38 CMakeFiles/02_echo.dir/Users/milanatroanova/Repositories/pico/pico-sdk/src/rp2_common/pico_double/double_aeabi_rp2040.S.o
                0x10001e74                __wrap___aeabi_ui2d
                0x10001e74                uint2double
                0x10001e7c                __wrap___aeabi_i2d
                0x10001e7c                int2double
 .text.__wrap___aeabi_d2iz
                0x10001eac       0x48 CMakeFiles/02_echo.dir/Users/milanatroanova/Repositories/pico/pico-sdk/src/rp2_common/pico_double/double_aeabi_rp2040.S.o
                0x10001eac                __wrap___aeabi_d2iz
                0x10001eac                double2int_z
 .text.__wrap___aeabi_d2uiz
                0x10001ef4       0x18 CMakeFiles/02_echo.dir/Users/milanatroanova/Repositories/pico/pico-sdk/src/rp2_common/pico_double/double_aeabi_rp2040.S.o
                0x10001ef4                double2uint_z
                0x10001ef4                double2uint
                0x10001ef4                __wrap___aeabi_d2uiz
 .text.__aeabi_double_init
                0x10001f0c       0xa4 CMakeFiles/02_echo.dir/Users/milanatroanova/Repositories/pico/pico-sdk/src/rp2_common/pico_double/double_init_rom_rp2040.c.o
                0x10001f0c                __aeabi_double_init
 .text.double_table_shim_on_use_helper
                0x10001fb0       0x2c CMakeFiles/02_echo.dir/Users/milanatroanova/Repositories/pico/pico-sdk/src/rp2_common/pico_double/double_v1_rom_shim_rp2040.S.o
                0x10001fb0                double_table_shim_on_use_helper
 .text.__wrap___aeabi_dsub
                0x10001fdc       0x10 CMakeFiles/02_echo.dir/Users/milanatroanova/Repositories/pico/pico-sdk/src/rp2_common/pico_double/double_v1_rom_shim_rp2040.S.o
                0x10001fdc                drsub_shim
                0x10001fe2                dsub_shim
 .text.dadd_shim
                0x10001fec      0x15c CMakeFiles/02_echo.dir/Users/milanatroanova/Repositories/pico/pico-sdk/src/rp2_common/pico_double/double_v1_rom_shim_rp2040.S.o
                0x10001fec                dadd_shim
 .text.dmul_shim
                0x10002148      0x15c CMakeFiles/02_echo.dir/Users/milanatroanova/Repositories/pico/pico-sdk/src/rp2_common/pico_double/double_v1_rom_shim_rp2040.S.o
                0x10002148                dmul_shim
 .text.ddiv_shim
                0x100022a4      0x1b0 CMakeFiles/02_echo.dir/Users/milanatroanova/Repositories/pico/pico-sdk/src/rp2_common/pico_double/double_v1_rom_shim_rp2040.S.o
                0x100022a4                ddiv_shim
 .text.double2uint_shim
                0x10002454        0xe CMakeFiles/02_echo.dir/Users/milanatroanova/Repositories/pico/pico-sdk/src/rp2_common/pico_double/double_v1_rom_shim_rp2040.S.o
                0x10002454                double2uint_shim
                0x10002456                double2ufix_shim
 *fill*         0x10002462        0x2 
 .text.double2uint64_shim
                0x10002464       0x70 CMakeFiles/02_echo.dir/Users/milanatroanova/Repositories/pico/pico-sdk/src/rp2_common/pico_double/double_v1_rom_shim_rp2040.S.o
                0x10002464                double2uint64_shim
                0x10002466                double2ufix64_shim
                0x10002486                d2fix_a
 .text.dunpacks
                0x100024d4       0x3c CMakeFiles/02_echo.dir/Users/milanatroanova/Repositories/pico/pico-sdk/src/rp2_common/pico_double/double_v1_rom_shim_rp2040.S.o
                0x100024d4                dunpacks
 .text.__aeabi_lmul
                0x10002510       0x32 CMakeFiles/02_echo.dir/Users/milanatroanova/Repositories/pico/pico-sdk/src/rp2_common/pico_int64_ops/pico_int64_ops_aeabi.S.o
                0x10002510                __wrap___aeabi_lmul
 *fill*         0x10002542        0x2 
 .text.__aeabi_float_init
                0x10002544       0x68 CMakeFiles/02_echo.dir/Users/milanatroanova/Repositories/pico/pico-sdk/src/rp2_common/pico_float/float_init_rom_rp2040.c.o
                0x10002544                __aeabi_float_init
 .text.float_table_shim_on_use_helper
                0x100025ac       0x2c CMakeFiles/02_echo.dir/Users/milanatroanova/Repositories/pico/pico-sdk/src/rp2_common/pico_float/float_v1_rom_shim_rp2040.S.o
                0x100025ac                float_table_shim_on_use_helper
 .text          0x100025d8       0x10 CMakeFiles/02_echo.dir/Users/milanatroanova/Repositories/pico/pico-sdk/src/rp2_common/pico_mem_ops/mem_ops_aeabi.S.o
                0x100025d8                __aeabi_mem_init
 .text.memset   0x100025e8        0xc CMakeFiles/02_echo.dir/Users/milanatroanova/Repositories/pico/pico-sdk/src/rp2_common/pico_mem_ops/mem_ops_aeabi.S.o
                0x100025e8                __wrap_memset
 .text.memcpy   0x100025f4        0xc CMakeFiles/02_echo.dir/Users/milanatroanova/Repositories/pico/pico-sdk/src/rp2_common/pico_mem_ops/mem_ops_aeabi.S.o
                0x100025f4                __wrap___aeabi_memcpy
                0x100025f4                __wrap_memcpy
 .text._out_null
                0x10002600        0x4 CMakeFiles/02_echo.dir/Users/milanatroanova/Repositories/pico/pico-sdk/src/rp2_common/pico_printf/printf.c.o
 .text._out_rev
                0x10002604       0xa8 CMakeFiles/02_echo.dir/Users/milanatroanova/Repositories/pico/pico-sdk/src/rp2_common/pico_printf/printf.c.o
 .text._ntoa_format
                0x100026ac      0x1d8 CMakeFiles/02_echo.dir/Users/milanatroanova/Repositories/pico/pico-sdk/src/rp2_common/pico_printf/printf.c.o
 .text._out_char
                0x10002884       0x10 CMakeFiles/02_echo.dir/Users/milanatroanova/Repositories/pico/pico-sdk/src/rp2_common/pico_printf/printf.c.o
 .text._out_fct
                0x10002894       0x10 CMakeFiles/02_echo.dir/Users/milanatroanova/Repositories/pico/pico-sdk/src/rp2_common/pico_printf/printf.c.o
 .text._ftoa    0x100028a4      0x474 CMakeFiles/02_echo.dir/Users/milanatroanova/Repositories/pico/pico-sdk/src/rp2_common/pico_printf/printf.c.o
 .text._etoa    0x10002d18      0x560 CMakeFiles/02_echo.dir/Users/milanatroanova/Repositories/pico/pico-sdk/src/rp2_common/pico_printf/printf.c.o
 .text._vsnprintf
                0x10003278      0xab8 CMakeFiles/02_echo.dir/Users/milanatroanova/Repositories/pico/pico-sdk/src/rp2_common/pico_printf/printf.c.o
 .text.vfctprintf
                0x10003d30       0x20 CMakeFiles/02_echo.dir/Users/milanatroanova/Repositories/pico/pico-sdk/src/rp2_common/pico_printf/printf.c.o
                0x10003d30                vfctprintf
 .text.weak_raw_vprintf
                0x10003d50       0x30 CMakeFiles/02_echo.dir/Users/milanatroanova/Repositories/pico/pico-sdk/src/rp2_common/pico_printf/printf.c.o
                0x10003d50                weak_raw_vprintf
 .text._exit    0x10003d80        0x4 CMakeFiles/02_echo.dir/Users/milanatroanova/Repositories/pico/pico-sdk/src/rp2_common/pico_clib_interface/newlib_interface.c.o
                0x10003d80                _exit
 .text.exit     0x10003d84        0x8 CMakeFiles/02_echo.dir/Users/milanatroanova/Repositories/pico/pico-sdk/src/rp2_common/pico_clib_interface/newlib_interface.c.o
                0x10003d84                exit
 .text.runtime_init
                0x10003d8c       0x2c CMakeFiles/02_echo.dir/Users/milanatroanova/Repositories/pico/pico-sdk/src/rp2_common/pico_clib_interface/newlib_interface.c.o
                0x10003d8c                runtime_init
 .text.stdio_out_chars_no_crlf
                0x10003db8       0x10 CMakeFiles/02_echo.dir/Users/milanatroanova/Repositories/pico/pico-sdk/src/rp2_common/pico_stdio/stdio.c.o
 .text.stdio_out_chars_crlf
                0x10003dc8       0x90 CMakeFiles/02_echo.dir/Users/milanatroanova/Repositories/pico/pico-sdk/src/rp2_common/pico_stdio/stdio.c.o
 .text.stdio_buffered_printer
                0x10003e58       0x64 CMakeFiles/02_echo.dir/Users/milanatroanova/Repositories/pico/pico-sdk/src/rp2_common/pico_stdio/stdio.c.o
 .text.stdio_put_string
                0x10003ebc       0xf4 CMakeFiles/02_echo.dir/Users/milanatroanova/Repositories/pico/pico-sdk/src/rp2_common/pico_stdio/stdio.c.o
                0x10003ebc                stdio_put_string
 .text.stdio_set_driver_enabled
                0x10003fb0       0x30 CMakeFiles/02_echo.dir/Users/milanatroanova/Repositories/pico/pico-sdk/src/rp2_common/pico_stdio/stdio.c.o
                0x10003fb0                stdio_set_driver_enabled
 .text.stdio_init_all
                0x10003fe0        0x8 CMakeFiles/02_echo.dir/Users/milanatroanova/Repositories/pico/pico-sdk/src/rp2_common/pico_stdio/stdio.c.o
                0x10003fe0                stdio_init_all
 .text.__wrap_getchar
                0x10003fe8       0x80 CMakeFiles/02_echo.dir/Users/milanatroanova/Repositories/pico/pico-sdk/src/rp2_common/pico_stdio/stdio.c.o
                0x10003fe8                __wrap_getchar
                0x10003fe8                stdio_getchar
 .text.__wrap_putchar
                0x10004068       0x94 CMakeFiles/02_echo.dir/Users/milanatroanova/Repositories/pico/pico-sdk/src/rp2_common/pico_stdio/stdio.c.o
                0x10004068                stdio_putchar
                0x10004068                __wrap_putchar
 .text.__wrap_puts
                0x100040fc       0x3c CMakeFiles/02_echo.dir/Users/milanatroanova/Repositories/pico/pico-sdk/src/rp2_common/pico_stdio/stdio.c.o
                0x100040fc                __wrap_puts
                0x100040fc                stdio_puts
 .text.__wrap_vprintf
                0x10004138       0xc8 CMakeFiles/02_echo.dir/Users/milanatroanova/Repositories/pico/pico-sdk/src/rp2_common/pico_stdio/stdio.c.o
                0x10004138                __wrap_vprintf
                0x10004138                stdio_vprintf
 .text.__wrap_printf
                0x10004200       0x18 CMakeFiles/02_echo.dir/Users/milanatroanova/Repositories/pico/pico-sdk/src/rp2_common/pico_stdio/stdio.c.o
                0x10004200                stdio_printf
                0x10004200                __wrap_printf
 .text.resetd_init
                0x10004218        0x4 CMakeFiles/02_echo.dir/Users/milanatroanova/Repositories/pico/pico-sdk/src/rp2_common/pico_stdio_usb/reset_interface.c.o
 .text.resetd_reset
                0x1000421c        0xc CMakeFiles/02_echo.dir/Users/milanatroanova/Repositories/pico/pico-sdk/src/rp2_common/pico_stdio_usb/reset_interface.c.o
 .text.resetd_open
                0x10004228       0x28 CMakeFiles/02_echo.dir/Users/milanatroanova/Repositories/pico/pico-sdk/src/rp2_common/pico_stdio_usb/reset_interface.c.o
 .text.resetd_xfer_cb
                0x10004250        0x4 CMakeFiles/02_echo.dir/Users/milanatroanova/Repositories/pico/pico-sdk/src/rp2_common/pico_stdio_usb/reset_interface.c.o
 .text.resetd_control_xfer_cb
                0x10004254       0x54 CMakeFiles/02_echo.dir/Users/milanatroanova/Repositories/pico/pico-sdk/src/rp2_common/pico_stdio_usb/reset_interface.c.o
 .text.tud_descriptor_bos_cb
                0x100042a8        0x8 CMakeFiles/02_echo.dir/Users/milanatroanova/Repositories/pico/pico-sdk/src/rp2_common/pico_stdio_usb/reset_interface.c.o
                0x100042a8                tud_descriptor_bos_cb
 .text.tud_vendor_control_xfer_cb
                0x100042b0       0x38 CMakeFiles/02_echo.dir/Users/milanatroanova/Repositories/pico/pico-sdk/src/rp2_common/pico_stdio_usb/reset_interface.c.o
                0x100042b0                tud_vendor_control_xfer_cb
 .text.usbd_app_driver_get_cb
                0x100042e8        0xc CMakeFiles/02_echo.dir/Users/milanatroanova/Repositories/pico/pico-sdk/src/rp2_common/pico_stdio_usb/reset_interface.c.o
                0x100042e8                usbd_app_driver_get_cb
 .text.tud_cdc_line_coding_cb
                0x100042f4       0x2c CMakeFiles/02_echo.dir/Users/milanatroanova/Repositories/pico/pico-sdk/src/rp2_common/pico_stdio_usb/reset_interface.c.o
                0x100042f4                tud_cdc_line_coding_cb
 .text.stdio_usb_set_chars_available_callback
                0x10004320       0x14 CMakeFiles/02_echo.dir/Users/milanatroanova/Repositories/pico/pico-sdk/src/rp2_common/pico_stdio_usb/stdio_usb.c.o
                0x10004320                stdio_usb_set_chars_available_callback
 .text.usb_irq  0x10004334       0x10 CMakeFiles/02_echo.dir/Users/milanatroanova/Repositories/pico/pico-sdk/src/rp2_common/pico_stdio_usb/stdio_usb.c.o
 .text.timer_task
                0x10004344       0x64 CMakeFiles/02_echo.dir/Users/milanatroanova/Repositories/pico/pico-sdk/src/rp2_common/pico_stdio_usb/stdio_usb.c.o
 .text.stdio_usb_in_chars
                0x100043a8       0x8c CMakeFiles/02_echo.dir/Users/milanatroanova/Repositories/pico/pico-sdk/src/rp2_common/pico_stdio_usb/stdio_usb.c.o
                0x100043a8                stdio_usb_in_chars
 .text.stdio_usb_out_flush
                0x10004434       0x4c CMakeFiles/02_echo.dir/Users/milanatroanova/Repositories/pico/pico-sdk/src/rp2_common/pico_stdio_usb/stdio_usb.c.o
 .text.stdio_usb_out_chars
                0x10004480       0xf8 CMakeFiles/02_echo.dir/Users/milanatroanova/Repositories/pico/pico-sdk/src/rp2_common/pico_stdio_usb/stdio_usb.c.o
 .text.low_priority_worker_irq
                0x10004578       0xc4 CMakeFiles/02_echo.dir/Users/milanatroanova/Repositories/pico/pico-sdk/src/rp2_common/pico_stdio_usb/stdio_usb.c.o
 .text.stdio_usb_init
                0x1000463c       0xe4 CMakeFiles/02_echo.dir/Users/milanatroanova/Repositories/pico/pico-sdk/src/rp2_common/pico_stdio_usb/stdio_usb.c.o
                0x1000463c                stdio_usb_init
 .text.tud_descriptor_device_cb
                0x10004720        0x8 CMakeFiles/02_echo.dir/Users/milanatroanova/Repositories/pico/pico-sdk/src/rp2_common/pico_stdio_usb/stdio_usb_descriptors.c.o
                0x10004720                tud_descriptor_device_cb
 .text.tud_descriptor_configuration_cb
                0x10004728        0x8 CMakeFiles/02_echo.dir/Users/milanatroanova/Repositories/pico/pico-sdk/src/rp2_common/pico_stdio_usb/stdio_usb_descriptors.c.o
                0x10004728                tud_descriptor_configuration_cb
 .text.tud_descriptor_string_cb
                0x10004730       0x70 CMakeFiles/02_echo.dir/Users/milanatroanova/Repositories/pico/pico-sdk/src/rp2_common/pico_stdio_usb/stdio_usb_descriptors.c.o
                0x10004730                tud_descriptor_string_cb
 .text.startup._retrieve_unique_id_on_boot
                0x100047a0       0x10 CMakeFiles/02_echo.dir/Users/milanatroanova/Repositories/pico/pico-sdk/src/rp2_common/pico_unique_id/unique_id.c.o
 .text.pico_get_unique_board_id_string
                0x100047b0      0x1e0 CMakeFiles/02_echo.dir/Users/milanatroanova/Repositories/pico/pico-sdk/src/rp2_common/pico_unique_id/unique_id.c.o
                0x100047b0                pico_get_unique_board_id_string
 .text.flash_get_unique_id
                0x10004990       0x3c CMakeFiles/02_echo.dir/Users/milanatroanova/Repositories/pico/pico-sdk/src/rp2_common/hardware_flash/flash.c.o
                0x10004990                flash_get_unique_id
 .text.dcd_init
                0x100049cc       0x90 CMakeFiles/02_echo.dir/Users/milanatroanova/Repositories/pico/pico-sdk/lib/tinyusb/src/portable/raspberrypi/rp2040/dcd_rp2040.c.o
                0x100049cc                dcd_init
 .text.dcd_int_enable
                0x10004a5c        0xc CMakeFiles/02_echo.dir/Users/milanatroanova/Repositories/pico/pico-sdk/lib/tinyusb/src/portable/raspberrypi/rp2040/dcd_rp2040.c.o
                0x10004a5c                dcd_int_enable
 .text.dcd_set_address
                0x10004a68       0x14 CMakeFiles/02_echo.dir/Users/milanatroanova/Repositories/pico/pico-sdk/lib/tinyusb/src/portable/raspberrypi/rp2040/dcd_rp2040.c.o
                0x10004a68                dcd_set_address
 .text.dcd_sof_enable
                0x10004a7c       0x1c CMakeFiles/02_echo.dir/Users/milanatroanova/Repositories/pico/pico-sdk/lib/tinyusb/src/portable/raspberrypi/rp2040/dcd_rp2040.c.o
                0x10004a7c                dcd_sof_enable
 .text.dcd_edpt0_status_complete
                0x10004a98       0x1c CMakeFiles/02_echo.dir/Users/milanatroanova/Repositories/pico/pico-sdk/lib/tinyusb/src/portable/raspberrypi/rp2040/dcd_rp2040.c.o
                0x10004a98                dcd_edpt0_status_complete
 .text.dcd_edpt_open
                0x10004ab4      0x114 CMakeFiles/02_echo.dir/Users/milanatroanova/Repositories/pico/pico-sdk/lib/tinyusb/src/portable/raspberrypi/rp2040/dcd_rp2040.c.o
                0x10004ab4                dcd_edpt_open
 .text.dcd_edpt_close_all
                0x10004bc8        0x8 CMakeFiles/02_echo.dir/Users/milanatroanova/Repositories/pico/pico-sdk/lib/tinyusb/src/portable/raspberrypi/rp2040/dcd_rp2040.c.o
                0x10004bc8                dcd_edpt_close_all
 .text.dcd_edpt_xfer
                0x10004bd0       0x24 CMakeFiles/02_echo.dir/Users/milanatroanova/Repositories/pico/pico-sdk/lib/tinyusb/src/portable/raspberrypi/rp2040/dcd_rp2040.c.o
                0x10004bd0                dcd_edpt_xfer
 .text.dcd_edpt_stall
                0x10004bf4       0x3c CMakeFiles/02_echo.dir/Users/milanatroanova/Repositories/pico/pico-sdk/lib/tinyusb/src/portable/raspberrypi/rp2040/dcd_rp2040.c.o
                0x10004bf4                dcd_edpt_stall
 .text.dcd_edpt_clear_stall
                0x10004c30       0x30 CMakeFiles/02_echo.dir/Users/milanatroanova/Repositories/pico/pico-sdk/lib/tinyusb/src/portable/raspberrypi/rp2040/dcd_rp2040.c.o
                0x10004c30                dcd_edpt_clear_stall
 .text.rp2040_usb_init
                0x10004c60       0x40 CMakeFiles/02_echo.dir/Users/milanatroanova/Repositories/pico/pico-sdk/lib/tinyusb/src/portable/raspberrypi/rp2040/rp2040_usb.c.o
                0x10004c60                rp2040_usb_init
 .text.hw_endpoint_xfer_start
                0x10004ca0       0x40 CMakeFiles/02_echo.dir/Users/milanatroanova/Repositories/pico/pico-sdk/lib/tinyusb/src/portable/raspberrypi/rp2040/rp2040_usb.c.o
                0x10004ca0                hw_endpoint_xfer_start
 .text.tud_event_hook_cb
                0x10004ce0        0x4 CMakeFiles/02_echo.dir/Users/milanatroanova/Repositories/pico/pico-sdk/lib/tinyusb/src/device/usbd.c.o
                0x10004ce0                tud_event_hook_cb
 .text.tud_sof_cb
                0x10004ce4        0x4 CMakeFiles/02_echo.dir/Users/milanatroanova/Repositories/pico/pico-sdk/lib/tinyusb/src/device/usbd.c.o
                0x10004ce4                tud_sof_cb
 .text.tud_descriptor_device_qualifier_cb
                0x10004ce8        0x4 CMakeFiles/02_echo.dir/Users/milanatroanova/Repositories/pico/pico-sdk/lib/tinyusb/src/device/usbd.c.o
                0x10004ce8                tud_descriptor_device_qualifier_cb
 .text.tud_descriptor_other_speed_configuration_cb
                0x10004cec        0x4 CMakeFiles/02_echo.dir/Users/milanatroanova/Repositories/pico/pico-sdk/lib/tinyusb/src/device/usbd.c.o
                0x10004cec                tud_descriptor_other_speed_configuration_cb
 .text.tud_mount_cb
                0x10004cf0        0x4 CMakeFiles/02_echo.dir/Users/milanatroanova/Repositories/pico/pico-sdk/lib/tinyusb/src/device/usbd.c.o
                0x10004cf0                tud_mount_cb
 .text.tud_umount_cb
                0x10004cf4        0x4 CMakeFiles/02_echo.dir/Users/milanatroanova/Repositories/pico/pico-sdk/lib/tinyusb/src/device/usbd.c.o
                0x10004cf4                tud_umount_cb
 .text.tud_suspend_cb
                0x10004cf8        0x4 CMakeFiles/02_echo.dir/Users/milanatroanova/Repositories/pico/pico-sdk/lib/tinyusb/src/device/usbd.c.o
                0x10004cf8                tud_suspend_cb
 .text.tud_resume_cb
                0x10004cfc        0x4 CMakeFiles/02_echo.dir/Users/milanatroanova/Repositories/pico/pico-sdk/lib/tinyusb/src/device/usbd.c.o
                0x10004cfc                tud_resume_cb
 .text.tud_mounted
                0x10004d00       0x10 CMakeFiles/02_echo.dir/Users/milanatroanova/Repositories/pico/pico-sdk/lib/tinyusb/src/device/usbd.c.o
                0x10004d00                tud_mounted
 .text.tud_suspended
                0x10004d10       0x10 CMakeFiles/02_echo.dir/Users/milanatroanova/Repositories/pico/pico-sdk/lib/tinyusb/src/device/usbd.c.o
                0x10004d10                tud_suspended
 .text.tud_rhport_init
                0x10004d20       0xf0 CMakeFiles/02_echo.dir/Users/milanatroanova/Repositories/pico/pico-sdk/lib/tinyusb/src/device/usbd.c.o
                0x10004d20                tud_rhport_init
 .text.tud_task_ext
                0x10004e10      0x7fc CMakeFiles/02_echo.dir/Users/milanatroanova/Repositories/pico/pico-sdk/lib/tinyusb/src/device/usbd.c.o
                0x10004e10                tud_task_ext
 .text.usbd_open_edpt_pair
                0x1000560c       0x98 CMakeFiles/02_echo.dir/Users/milanatroanova/Repositories/pico/pico-sdk/lib/tinyusb/src/device/usbd.c.o
                0x1000560c                usbd_open_edpt_pair
 .text.usbd_edpt_open
                0x100056a4       0x34 CMakeFiles/02_echo.dir/Users/milanatroanova/Repositories/pico/pico-sdk/lib/tinyusb/src/device/usbd.c.o
                0x100056a4                usbd_edpt_open
 .text.usbd_edpt_claim
                0x100056d8       0x28 CMakeFiles/02_echo.dir/Users/milanatroanova/Repositories/pico/pico-sdk/lib/tinyusb/src/device/usbd.c.o
                0x100056d8                usbd_edpt_claim
 .text.usbd_edpt_release
                0x10005700       0x28 CMakeFiles/02_echo.dir/Users/milanatroanova/Repositories/pico/pico-sdk/lib/tinyusb/src/device/usbd.c.o
                0x10005700                usbd_edpt_release
 .text.usbd_edpt_xfer
                0x10005728       0x50 CMakeFiles/02_echo.dir/Users/milanatroanova/Repositories/pico/pico-sdk/lib/tinyusb/src/device/usbd.c.o
                0x10005728                usbd_edpt_xfer
 .text.tud_control_status
                0x10005778       0x2c CMakeFiles/02_echo.dir/Users/milanatroanova/Repositories/pico/pico-sdk/lib/tinyusb/src/device/usbd_control.c.o
                0x10005778                tud_control_status
 .text.tud_control_xfer
                0x100057a4       0xa0 CMakeFiles/02_echo.dir/Users/milanatroanova/Repositories/pico/pico-sdk/lib/tinyusb/src/device/usbd_control.c.o
                0x100057a4                tud_control_xfer
 .text.usbd_control_reset
                0x10005844       0x14 CMakeFiles/02_echo.dir/Users/milanatroanova/Repositories/pico/pico-sdk/lib/tinyusb/src/device/usbd_control.c.o
                0x10005844                usbd_control_reset
 .text.usbd_control_set_complete_callback
                0x10005858        0xc CMakeFiles/02_echo.dir/Users/milanatroanova/Repositories/pico/pico-sdk/lib/tinyusb/src/device/usbd_control.c.o
                0x10005858                usbd_control_set_complete_callback
 .text.usbd_control_set_request
                0x10005864       0x1c CMakeFiles/02_echo.dir/Users/milanatroanova/Repositories/pico/pico-sdk/lib/tinyusb/src/device/usbd_control.c.o
                0x10005864                usbd_control_set_request
 .text.usbd_control_xfer_cb
                0x10005880       0xe8 CMakeFiles/02_echo.dir/Users/milanatroanova/Repositories/pico/pico-sdk/lib/tinyusb/src/device/usbd_control.c.o
                0x10005880                usbd_control_xfer_cb
 .text._prep_out_transaction.isra.0
                0x10005968       0x6c CMakeFiles/02_echo.dir/Users/milanatroanova/Repositories/pico/pico-sdk/lib/tinyusb/src/class/cdc/cdc_device.c.o
 .text.tud_cdc_n_connected
                0x100059d4       0x2c CMakeFiles/02_echo.dir/Users/milanatroanova/Repositories/pico/pico-sdk/lib/tinyusb/src/class/cdc/cdc_device.c.o
                0x100059d4                tud_cdc_n_connected
 .text.tud_cdc_n_available
                0x10005a00       0x14 CMakeFiles/02_echo.dir/Users/milanatroanova/Repositories/pico/pico-sdk/lib/tinyusb/src/class/cdc/cdc_device.c.o
                0x10005a00                tud_cdc_n_available
 .text.tud_cdc_n_read
                0x10005a14       0x88 CMakeFiles/02_echo.dir/Users/milanatroanova/Repositories/pico/pico-sdk/lib/tinyusb/src/class/cdc/cdc_device.c.o
                0x10005a14                tud_cdc_n_read
 .text.tud_cdc_n_write_flush
                0x10005a9c       0x78 CMakeFiles/02_echo.dir/Users/milanatroanova/Repositories/pico/pico-sdk/lib/tinyusb/src/class/cdc/cdc_device.c.o
                0x10005a9c                tud_cdc_n_write_flush
 .text.tud_cdc_n_write
                0x10005b14       0x40 CMakeFiles/02_echo.dir/Users/milanatroanova/Repositories/pico/pico-sdk/lib/tinyusb/src/class/cdc/cdc_device.c.o
                0x10005b14                tud_cdc_n_write
 .text.tud_cdc_n_write_available
                0x10005b54       0x14 CMakeFiles/02_echo.dir/Users/milanatroanova/Repositories/pico/pico-sdk/lib/tinyusb/src/class/cdc/cdc_device.c.o
                0x10005b54                tud_cdc_n_write_available
 .text.cdcd_init
                0x10005b68       0x70 CMakeFiles/02_echo.dir/Users/milanatroanova/Repositories/pico/pico-sdk/lib/tinyusb/src/class/cdc/cdc_device.c.o
                0x10005b68                cdcd_init
 .text.cdcd_deinit
                0x10005bd8       0x30 CMakeFiles/02_echo.dir/Users/milanatroanova/Repositories/pico/pico-sdk/lib/tinyusb/src/class/cdc/cdc_device.c.o
                0x10005bd8                cdcd_deinit
 .text.cdcd_reset
                0x10005c08       0x48 CMakeFiles/02_echo.dir/Users/milanatroanova/Repositories/pico/pico-sdk/lib/tinyusb/src/class/cdc/cdc_device.c.o
                0x10005c08                cdcd_reset
 .text.cdcd_open
                0x10005c50       0xa8 CMakeFiles/02_echo.dir/Users/milanatroanova/Repositories/pico/pico-sdk/lib/tinyusb/src/class/cdc/cdc_device.c.o
                0x10005c50                cdcd_open
 .text.cdcd_control_xfer_cb
                0x10005cf8       0xf0 CMakeFiles/02_echo.dir/Users/milanatroanova/Repositories/pico/pico-sdk/lib/tinyusb/src/class/cdc/cdc_device.c.o
                0x10005cf8                cdcd_control_xfer_cb
 .text.cdcd_xfer_cb
                0x10005de8       0xf8 CMakeFiles/02_echo.dir/Users/milanatroanova/Repositories/pico/pico-sdk/lib/tinyusb/src/class/cdc/cdc_device.c.o
                0x10005de8                cdcd_xfer_cb
 .text.vendord_init
                0x10005ee0       0x5c CMakeFiles/02_echo.dir/Users/milanatroanova/Repositories/pico/pico-sdk/lib/tinyusb/src/class/vendor/vendor_device.c.o
                0x10005ee0                vendord_init
 .text.vendord_deinit
                0x10005f3c       0x1c CMakeFiles/02_echo.dir/Users/milanatroanova/Repositories/pico/pico-sdk/lib/tinyusb/src/class/vendor/vendor_device.c.o
                0x10005f3c                vendord_deinit
 .text.vendord_reset
                0x10005f58       0x28 CMakeFiles/02_echo.dir/Users/milanatroanova/Repositories/pico/pico-sdk/lib/tinyusb/src/class/vendor/vendor_device.c.o
                0x10005f58                vendord_reset
 .text.vendord_open
                0x10005f80      0x104 CMakeFiles/02_echo.dir/Users/milanatroanova/Repositories/pico/pico-sdk/lib/tinyusb/src/class/vendor/vendor_device.c.o
                0x10005f80                vendord_open
 .text.vendord_xfer_cb
                0x10006084       0xa0 CMakeFiles/02_echo.dir/Users/milanatroanova/Repositories/pico/pico-sdk/lib/tinyusb/src/class/vendor/vendor_device.c.o
                0x10006084                vendord_xfer_cb
 .text.tusb_rhport_init
                0x10006124       0x4c CMakeFiles/02_echo.dir/Users/milanatroanova/Repositories/pico/pico-sdk/lib/tinyusb/src/tusb.c.o
                0x10006124                tusb_rhport_init
 .text.tu_edpt_claim
                0x10006170       0x50 CMakeFiles/02_echo.dir/Users/milanatroanova/Repositories/pico/pico-sdk/lib/tinyusb/src/tusb.c.o
                0x10006170                tu_edpt_claim
 .text.tu_edpt_release
                0x100061c0       0x38 CMakeFiles/02_echo.dir/Users/milanatroanova/Repositories/pico/pico-sdk/lib/tinyusb/src/tusb.c.o
                0x100061c0                tu_edpt_release
 .text.tu_edpt_validate
                0x100061f8       0x74 CMakeFiles/02_echo.dir/Users/milanatroanova/Repositories/pico/pico-sdk/lib/tinyusb/src/tusb.c.o
                0x100061f8                tu_edpt_validate
 .text.tu_edpt_bind_driver
                0x1000626c       0x34 CMakeFiles/02_echo.dir/Users/milanatroanova/Repositories/pico/pico-sdk/lib/tinyusb/src/tusb.c.o
                0x1000626c                tu_edpt_bind_driver
 .text.tu_edpt_stream_init
                0x100062a0       0x68 CMakeFiles/02_echo.dir/Users/milanatroanova/Repositories/pico/pico-sdk/lib/tinyusb/src/tusb.c.o
                0x100062a0                tu_edpt_stream_init
 .text.tu_edpt_stream_deinit
                0x10006308        0x4 CMakeFiles/02_echo.dir/Users/milanatroanova/Repositories/pico/pico-sdk/lib/tinyusb/src/tusb.c.o
                0x10006308                tu_edpt_stream_deinit
 .text.tu_edpt_stream_write_zlp_if_needed
                0x1000630c       0x64 CMakeFiles/02_echo.dir/Users/milanatroanova/Repositories/pico/pico-sdk/lib/tinyusb/src/tusb.c.o
                0x1000630c                tu_edpt_stream_write_zlp_if_needed
 .text.tu_edpt_stream_write_xfer
                0x10006370       0x6c CMakeFiles/02_echo.dir/Users/milanatroanova/Repositories/pico/pico-sdk/lib/tinyusb/src/tusb.c.o
                0x10006370                tu_edpt_stream_write_xfer
 .text.tu_edpt_stream_read_xfer
                0x100063dc       0xd8 CMakeFiles/02_echo.dir/Users/milanatroanova/Repositories/pico/pico-sdk/lib/tinyusb/src/tusb.c.o
                0x100063dc                tu_edpt_stream_read_xfer
 .text.tu_fifo_config
                0x100064b4       0x6c CMakeFiles/02_echo.dir/Users/milanatroanova/Repositories/pico/pico-sdk/lib/tinyusb/src/common/tusb_fifo.c.o
                0x100064b4                tu_fifo_config
 .text.tu_fifo_count
                0x10006520       0x2c CMakeFiles/02_echo.dir/Users/milanatroanova/Repositories/pico/pico-sdk/lib/tinyusb/src/common/tusb_fifo.c.o
                0x10006520                tu_fifo_count
 .text.tu_fifo_empty
                0x1000654c       0x10 CMakeFiles/02_echo.dir/Users/milanatroanova/Repositories/pico/pico-sdk/lib/tinyusb/src/common/tusb_fifo.c.o
                0x1000654c                tu_fifo_empty
 .text.tu_fifo_remaining
                0x1000655c       0x2c CMakeFiles/02_echo.dir/Users/milanatroanova/Repositories/pico/pico-sdk/lib/tinyusb/src/common/tusb_fifo.c.o
                0x1000655c                tu_fifo_remaining
 .text.tu_fifo_read
                0x10006588       0x9c CMakeFiles/02_echo.dir/Users/milanatroanova/Repositories/pico/pico-sdk/lib/tinyusb/src/common/tusb_fifo.c.o
                0x10006588                tu_fifo_read
 .text.tu_fifo_read_n
                0x10006624       0xec CMakeFiles/02_echo.dir/Users/milanatroanova/Repositories/pico/pico-sdk/lib/tinyusb/src/common/tusb_fifo.c.o
                0x10006624                tu_fifo_read_n
 .text.tu_fifo_write
                0x10006710       0xa4 CMakeFiles/02_echo.dir/Users/milanatroanova/Repositories/pico/pico-sdk/lib/tinyusb/src/common/tusb_fifo.c.o
                0x10006710                tu_fifo_write
 .text.tu_fifo_write_n
                0x100067b4      0x168 CMakeFiles/02_echo.dir/Users/milanatroanova/Repositories/pico/pico-sdk/lib/tinyusb/src/common/tusb_fifo.c.o
                0x100067b4                tu_fifo_write_n
 .text.tu_fifo_clear
                0x1000691c       0x40 CMakeFiles/02_echo.dir/Users/milanatroanova/Repositories/pico/pico-sdk/lib/tinyusb/src/common/tusb_fifo.c.o
                0x1000691c                tu_fifo_clear
 .text.tu_fifo_set_overwritable
                0x1000695c       0x48 CMakeFiles/02_echo.dir/Users/milanatroanova/Repositories/pico/pico-sdk/lib/tinyusb/src/common/tusb_fifo.c.o
                0x1000695c                tu_fifo_set_overwritable
 .text.strlen   0x100069a4       0x60 /Applications/ArmGNUToolchain/15.2.rel1/arm-none-eabi/bin/../lib/gcc/arm-none-eabi/15.2.1/../../../../arm-none-eabi/lib/thumb/v6-m/nofp/libg.a(libc_a-strlen-stub.o)
                0x100069a4                strlen
 *(.fini)
 .fini          0x10006a04        0x4 /Applications/ArmGNUToolchain/15.2.rel1/arm-none-eabi/bin/../lib/gcc/arm-none-eabi/15.2.1/thumb/v6-m/nofp/crti.o
                0x10006a04                _fini
 .fini.__stub   0x10006a08       0xc0 linker stubs
 *crtbegin.o(.ctors)
 *crtbegin?.o(.ctors)
 *(EXCLUDE_FILE(*crtend.o *crtend?.o) .ctors)
 *(SORT_BY_NAME(.ctors.*))
 *(.ctors)
 *crtbegin.o(.dtors)
 *crtbegin?.o(.dtors)
 *(EXCLUDE_FILE(*crtend.o *crtend?.o) .dtors)
 *(SORT_BY_NAME(.dtors.*))
 *(.dtors)
                0x10006ac8                        . = ALIGN (0x4)
                0x10006ac8                        PROVIDE (__preinit_array_start = .)
 *(SORT_BY_NAME(.preinit_array.*))
 .preinit_array.00100
                0x10006ac8        0x4 CMakeFiles/02_echo.dir/Users/milanatroanova/Repositories/pico/pico-sdk/src/rp2_common/pico_runtime_init/runtime_init.c.o
                0x10006ac8                __pre_init_runtime_init_early_resets
 .preinit_array.00101
                0x10006acc        0x4 CMakeFiles/02_echo.dir/Users/milanatroanova/Repositories/pico/pico-sdk/src/rp2_common/pico_runtime_init/runtime_init.c.o
                0x10006acc                __pre_init_runtime_init_usb_power_down
 .preinit_array.00275
                0x10006ad0        0x4 CMakeFiles/02_echo.dir/Users/milanatroanova/Repositories/pico/pico-sdk/src/rp2_common/pico_bit_ops/bit_ops_aeabi.S.o
 .preinit_array.00300
                0x10006ad4        0x4 CMakeFiles/02_echo.dir/Users/milanatroanova/Repositories/pico/pico-sdk/src/rp2_common/pico_mem_ops/mem_ops_aeabi.S.o
 .preinit_array.00350
                0x10006ad8        0x4 CMakeFiles/02_echo.dir/Users/milanatroanova/Repositories/pico/pico-sdk/src/rp2_common/pico_double/double_aeabi_rp2040.S.o
 .preinit_array.00350
                0x10006adc        0x4 CMakeFiles/02_echo.dir/Users/milanatroanova/Repositories/pico/pico-sdk/src/rp2_common/pico_float/float_aeabi_rp2040.S.o
 .preinit_array.00500
                0x10006ae0        0x4 CMakeFiles/02_echo.dir/Users/milanatroanova/Repositories/pico/pico-sdk/src/rp2_common/pico_runtime_init/runtime_init.c.o
                0x10006ae0                __pre_init_runtime_init_clocks
 .preinit_array.00600
                0x10006ae4        0x4 CMakeFiles/02_echo.dir/Users/milanatroanova/Repositories/pico/pico-sdk/src/rp2_common/pico_runtime_init/runtime_init.c.o
                0x10006ae4                __pre_init_runtime_init_post_clock_resets
 .preinit_array.00700
                0x10006ae8        0x4 CMakeFiles/02_echo.dir/Users/milanatroanova/Repositories/pico/pico-sdk/src/rp2_common/pico_runtime_init/runtime_init.c.o
                0x10006ae8                __pre_init_runtime_init_rp2040_gpio_ie_disable
 .preinit_array.01000
                0x10006aec        0x4 CMakeFiles/02_echo.dir/Users/milanatroanova/Repositories/pico/pico-sdk/src/rp2_common/pico_runtime_init/runtime_init.c.o
                0x10006aec                __pre_init_runtime_init_spin_locks_reset
 .preinit_array.01100
                0x10006af0        0x4 CMakeFiles/02_echo.dir/Users/milanatroanova/Repositories/pico/pico-sdk/src/common/pico_sync/mutex.c.o
                0x10006af0                __pre_init_runtime_init_mutex
 .preinit_array.10080
                0x10006af4        0x4 CMakeFiles/02_echo.dir/Users/milanatroanova/Repositories/pico/pico-sdk/src/rp2_common/pico_runtime_init/runtime_init.c.o
                0x10006af4                __pre_init_runtime_init_install_ram_vector_table
 .preinit_array.11000
                0x10006af8        0x4 CMakeFiles/02_echo.dir/Users/milanatroanova/Repositories/pico/pico-sdk/src/common/pico_time/time.c.o
                0x10006af8                __pre_init_runtime_init_default_alarm_pool
 .preinit_array.YYYYY
                0x10006afc        0x4 CMakeFiles/02_echo.dir/Users/milanatroanova/Repositories/pico/pico-sdk/src/rp2_common/pico_runtime/runtime.c.o
                0x10006afc                __pre_init_first_per_core_initializer
 .preinit_array.ZZZZZ.01200
                0x10006b00        0x4 CMakeFiles/02_echo.dir/Users/milanatroanova/Repositories/pico/pico-sdk/src/rp2_common/hardware_irq/irq.c.o
                0x10006b00                __pre_init_runtime_init_per_core_irq_priorities
 *(.preinit_array)
                0x10006b04                        PROVIDE (__preinit_array_end = .)
                0x10006b04                        . = ALIGN (0x4)
                0x10006b04                        PROVIDE (__init_array_start = .)
 *(SORT_BY_NAME(.init_array.*))
 .init_array.01000
                0x10006b04        0x4 CMakeFiles/02_echo.dir/Users/milanatroanova/Repositories/pico/pico-sdk/src/rp2_common/pico_unique_id/unique_id.c.o
 *(.init_array)
 .init_array    0x10006b08        0x4 /Applications/ArmGNUToolchain/15.2.rel1/arm-none-eabi/bin/../lib/gcc/arm-none-eabi/15.2.1/thumb/v6-m/nofp/crtbegin.o
                0x10006b0c                        PROVIDE (__init_array_end = .)
                0x10006b0c                        . = ALIGN (0x4)
                [!provide]                        PROVIDE (__fini_array_start = .)
 *(SORT_BY_NAME(.fini_array.*))
 *(.fini_array)
                [!provide]                        PROVIDE (__fini_array_end = .)
 *(.eh_frame*)
 .eh_frame      0x10006b0c        0x0 /Applications/ArmGNUToolchain/15.2.rel1/arm-none-eabi/bin/../lib/gcc/arm-none-eabi/15.2.1/thumb/v6-m/nofp/crtbegin.o
                0x10006b0c                        . = ALIGN (0x4)

.glue_7         0x10006b0c        0x0
 .glue_7        0x10006b0c        0x0 linker stubs

.glue_7t        0x10006b0c        0x0
 .glue_7t       0x10006b0c        0x0 linker stubs

.vfp11_veneer   0x10006b0c        0x0
 .vfp11_veneer  0x10006b0c        0x0 linker stubs

.v4_bx          0x10006b0c        0x0
 .v4_bx         0x10006b0c        0x0 linker stubs

.iplt           0x10006b0c        0x0
 .iplt          0x10006b0c        0x0 /Applications/ArmGNUToolchain/15.2.rel1/arm-none-eabi/bin/../lib/gcc/arm-none-eabi/15.2.1/thumb/v6-m/nofp/crtbegin.o

.rodata         0x10006b10      0x6ac
 *(EXCLUDE_FILE(*libm.a: *libc.a:*lib_a-mem*.o *libgcc.a:) .rodata*)
 .rodata.main.str1.4
                0x10006b10      0x1fc CMakeFiles/02_echo.dir/main.c.o
                                 0x8d (size before relaxing)
 .rodata.panic.str1.4
                0x10006d0c        0x0 CMakeFiles/02_echo.dir/Users/milanatroanova/Repositories/pico/pico-sdk/src/rp2_common/pico_platform_panic/panic.c.o
                                 0x12 (size before relaxing)
 .rodata.spin_lock_claim_unused.str1.4
                0x10006d0c        0x0 CMakeFiles/02_echo.dir/Users/milanatroanova/Repositories/pico/pico-sdk/src/rp2_common/hardware_sync/sync.c.o
                                 0x1b (size before relaxing)
 .rodata.user_irq_claim_unused.str1.4
                0x10006d0c        0x0 CMakeFiles/02_echo.dir/Users/milanatroanova/Repositories/pico/pico-sdk/src/rp2_common/hardware_irq/irq.c.o
                                 0x1b (size before relaxing)
 *fill*         0x10006d0c        0x4 
 .rodata.at_the_end_of_time
                0x10006d10        0x8 CMakeFiles/02_echo.dir/Users/milanatroanova/Repositories/pico/pico-sdk/src/common/pico_time/time.c.o
                0x10006d10                at_the_end_of_time
 .rodata.timer_hardware_alarm_claim.str1.4
                0x10006d18        0x0 CMakeFiles/02_echo.dir/Users/milanatroanova/Repositories/pico/pico-sdk/src/rp2_common/hardware_timer/timer.c.o
                                 0x22 (size before relaxing)
 .rodata.hard_assertion_failure.str1.4
                0x10006d18        0x0 CMakeFiles/02_echo.dir/Users/milanatroanova/Repositories/pico/pico-sdk/src/rp2_common/pico_runtime/runtime.c.o
                                  0xc (size before relaxing)
 .rodata.str1.4
                0x10006d18        0x0 CMakeFiles/02_echo.dir/Users/milanatroanova/Repositories/pico/pico-sdk/src/rp2_common/pico_standard_binary_info/standard_binary_info.c.o
                                 0x3c (size before relaxing)
 .rodata.__bi_84
                0x10006d18        0xc CMakeFiles/02_echo.dir/Users/milanatroanova/Repositories/pico/pico-sdk/src/rp2_common/pico_standard_binary_info/standard_binary_info.c.o
 .rodata.__bi_78
                0x10006d24        0xc CMakeFiles/02_echo.dir/Users/milanatroanova/Repositories/pico/pico-sdk/src/rp2_common/pico_standard_binary_info/standard_binary_info.c.o
 .rodata.__bi_54
                0x10006d30        0xc CMakeFiles/02_echo.dir/Users/milanatroanova/Repositories/pico/pico-sdk/src/rp2_common/pico_standard_binary_info/standard_binary_info.c.o
 .rodata.__bi_48
                0x10006d3c        0xc CMakeFiles/02_echo.dir/Users/milanatroanova/Repositories/pico/pico-sdk/src/rp2_common/pico_standard_binary_info/standard_binary_info.c.o
 .rodata.__bi_42
                0x10006d48        0xc CMakeFiles/02_echo.dir/Users/milanatroanova/Repositories/pico/pico-sdk/src/rp2_common/pico_standard_binary_info/standard_binary_info.c.o
 .rodata.__bi_34
                0x10006d54        0xc CMakeFiles/02_echo.dir/Users/milanatroanova/Repositories/pico/pico-sdk/src/rp2_common/pico_standard_binary_info/standard_binary_info.c.o
 .rodata.__bi_26
                0x10006d60        0xc CMakeFiles/02_echo.dir/Users/milanatroanova/Repositories/pico/pico-sdk/src/rp2_common/pico_standard_binary_info/standard_binary_info.c.o
 .rodata._ftoa.str1.4
                0x10006d6c        0x0 CMakeFiles/02_echo.dir/Users/milanatroanova/Repositories/pico/pico-sdk/src/rp2_common/pico_printf/printf.c.o
                                 0x15 (size before relaxing)
 .rodata._vsnprintf
                0x10006d6c      0x19c CMakeFiles/02_echo.dir/Users/milanatroanova/Repositories/pico/pico-sdk/src/rp2_common/pico_printf/printf.c.o
 .rodata.pow10.0
                0x10006f08       0x50 CMakeFiles/02_echo.dir/Users/milanatroanova/Repositories/pico/pico-sdk/src/rp2_common/pico_printf/printf.c.o
 .rodata.crlf_str.0
                0x10006f58        0x2 CMakeFiles/02_echo.dir/Users/milanatroanova/Repositories/pico/pico-sdk/src/rp2_common/pico_stdio/stdio.c.o
 *fill*         0x10006f5a        0x2 
 .rodata._resetd_driver
                0x10006f5c       0x20 CMakeFiles/02_echo.dir/Users/milanatroanova/Repositories/pico/pico-sdk/src/rp2_common/pico_stdio_usb/reset_interface.c.o
 .rodata.desc_ms_os_20
                0x10006f7c       0xa6 CMakeFiles/02_echo.dir/Users/milanatroanova/Repositories/pico/pico-sdk/src/rp2_common/pico_stdio_usb/reset_interface.c.o
 *fill*         0x10007022        0x2 
 .rodata.desc_bos
                0x10007024       0x21 CMakeFiles/02_echo.dir/Users/milanatroanova/Repositories/pico/pico-sdk/src/rp2_common/pico_stdio_usb/reset_interface.c.o
                0x10007024                desc_bos
 .rodata.str1.4
                0x10007045        0x0 CMakeFiles/02_echo.dir/Users/milanatroanova/Repositories/pico/pico-sdk/src/rp2_common/pico_stdio_usb/stdio_usb.c.o
                                 0x13 (size before relaxing)
 *fill*         0x10007045        0x3 
 .rodata.__bi_202.0
                0x10007048        0xc CMakeFiles/02_echo.dir/Users/milanatroanova/Repositories/pico/pico-sdk/src/rp2_common/pico_stdio_usb/stdio_usb.c.o
 .rodata.str1.4
                0x10007054        0x0 CMakeFiles/02_echo.dir/Users/milanatroanova/Repositories/pico/pico-sdk/src/rp2_common/pico_stdio_usb/stdio_usb_descriptors.c.o
                                 0x2a (size before relaxing)
 .rodata.usbd_desc_str
                0x10007054       0x18 CMakeFiles/02_echo.dir/Users/milanatroanova/Repositories/pico/pico-sdk/src/rp2_common/pico_stdio_usb/stdio_usb_descriptors.c.o
 .rodata.usbd_desc_cfg
                0x1000706c       0x54 CMakeFiles/02_echo.dir/Users/milanatroanova/Repositories/pico/pico-sdk/src/rp2_common/pico_stdio_usb/stdio_usb_descriptors.c.o
 .rodata.usbd_desc_device
                0x100070c0       0x12 CMakeFiles/02_echo.dir/Users/milanatroanova/Repositories/pico/pico-sdk/src/rp2_common/pico_stdio_usb/stdio_usb_descriptors.c.o
 .rodata.str1.4
                0x100070d2        0x0 CMakeFiles/02_echo.dir/Users/milanatroanova/Repositories/pico/pico-sdk/lib/tinyusb/src/portable/raspberrypi/rp2040/dcd_rp2040.c.o
                                 0x14 (size before relaxing)
 .rodata.str1.4
                0x100070d2        0x0 CMakeFiles/02_echo.dir/Users/milanatroanova/Repositories/pico/pico-sdk/lib/tinyusb/src/portable/raspberrypi/rp2040/rp2040_usb.c.o
                                 0x48 (size before relaxing)
 *fill*         0x100070d2        0x2 
 .rodata.tud_task_ext
                0x100070d4       0x8c CMakeFiles/02_echo.dir/Users/milanatroanova/Repositories/pico/pico-sdk/lib/tinyusb/src/device/usbd.c.o
 .rodata        0x10007160       0x1c CMakeFiles/02_echo.dir/Users/milanatroanova/Repositories/pico/pico-sdk/lib/tinyusb/src/device/usbd.c.o
 .rodata._usbd_driver
                0x1000717c       0x40 CMakeFiles/02_echo.dir/Users/milanatroanova/Repositories/pico/pico-sdk/lib/tinyusb/src/device/usbd.c.o
                0x100071bc                        . = ALIGN (0x4)
 *(SORT_BY_ALIGNMENT(SORT_BY_NAME(.flashdata*)))
                0x100071bc                        . = ALIGN (0x4)

.ARM.extab
 *(.ARM.extab* .gnu.linkonce.armextab.*)
                0x100071bc                        __exidx_start = .

.ARM.exidx
 *(.ARM.exidx* .gnu.linkonce.armexidx.*)
                0x100071bc                        __exidx_end = .
                0x100071bc                        . = ALIGN (0x4)
                0x100071bc                        __binary_info_start = .

.binary_info    0x100071bc       0x20
 *(.binary_info.keep.*)
 .binary_info.keep.__bi_ptr84
                0x100071bc        0x4 CMakeFiles/02_echo.dir/Users/milanatroanova/Repositories/pico/pico-sdk/src/rp2_common/pico_standard_binary_info/standard_binary_info.c.o
 .binary_info.keep.__bi_ptr78
                0x100071c0        0x4 CMakeFiles/02_echo.dir/Users/milanatroanova/Repositories/pico/pico-sdk/src/rp2_common/pico_standard_binary_info/standard_binary_info.c.o
 .binary_info.keep.__bi_ptr54
                0x100071c4        0x4 CMakeFiles/02_echo.dir/Users/milanatroanova/Repositories/pico/pico-sdk/src/rp2_common/pico_standard_binary_info/standard_binary_info.c.o
 .binary_info.keep.__bi_ptr48
                0x100071c8        0x4 CMakeFiles/02_echo.dir/Users/milanatroanova/Repositories/pico/pico-sdk/src/rp2_common/pico_standard_binary_info/standard_binary_info.c.o
 .binary_info.keep.__bi_ptr42
                0x100071cc        0x4 CMakeFiles/02_echo.dir/Users/milanatroanova/Repositories/pico/pico-sdk/src/rp2_common/pico_standard_binary_info/standard_binary_info.c.o
 .binary_info.keep.__bi_ptr34
                0x100071d0        0x4 CMakeFiles/02_echo.dir/Users/milanatroanova/Repositories/pico/pico-sdk/src/rp2_common/pico_standard_binary_info/standard_binary_info.c.o
 .binary_info.keep.__bi_ptr26
                0x100071d4        0x4 CMakeFiles/02_echo.dir/Users/milanatroanova/Repositories/pico/pico-sdk/src/rp2_common/pico_standard_binary_info/standard_binary_info.c.o
 *(.binary_info.*)
 .binary_info.__bi_ptr202
                0x100071d8        0x4 CMakeFiles/02_echo.dir/Users/milanatroanova/Repositories/pico/pico-sdk/src/rp2_common/pico_stdio_usb/stdio_usb.c.o
                0x100071dc                        __binary_info_end = .
                0x100071dc                        . = ALIGN (0x4)

.ram_vector_table
                0x20000000       0xc0
 *(.ram_vector_table)
 .ram_vector_table
                0x20000000       0xc0 CMakeFiles/02_echo.dir/Users/milanatroanova/Repositories/pico/pico-sdk/src/rp2_common/pico_runtime_init/runtime_init.c.o
                0x20000000                ram_vector_table

.uninitialized_data
                0x200000c0        0x0
                0x200000c0                        . = ALIGN (0x4)
 *(.uninitialized_data*)

.data           0x200000c0      0xfa0 load address 0x100071dc
                0x200000c0                        __data_start__ = .
 *(vtable)
 *(.time_critical*)
 .time_critical.mutex_try_enter
                0x200000c0       0x40 CMakeFiles/02_echo.dir/Users/milanatroanova/Repositories/pico/pico-sdk/src/common/pico_sync/mutex.c.o
                0x200000c0                mutex_try_enter
 .time_critical.mutex_try_enter_block_until
                0x20000100       0x98 CMakeFiles/02_echo.dir/Users/milanatroanova/Repositories/pico/pico-sdk/src/common/pico_sync/mutex.c.o
                0x20000100                mutex_try_enter_block_until
 .time_critical.mutex_enter_timeout_ms
                0x20000198       0x8c CMakeFiles/02_echo.dir/Users/milanatroanova/Repositories/pico/pico-sdk/src/common/pico_sync/mutex.c.o
                0x20000198                mutex_enter_timeout_ms
 .time_critical.mutex_exit
                0x20000224       0x28 CMakeFiles/02_echo.dir/Users/milanatroanova/Repositories/pico/pico-sdk/src/common/pico_sync/mutex.c.o
                0x20000224                mutex_exit
 .time_critical.flash_init_boot2_copyout
                0x2000024c       0x30 CMakeFiles/02_echo.dir/Users/milanatroanova/Repositories/pico/pico-sdk/src/rp2_common/hardware_flash/flash.c.o
 .time_critical.flash_enable_xip_via_boot2
                0x2000027c        0xc CMakeFiles/02_echo.dir/Users/milanatroanova/Repositories/pico/pico-sdk/src/rp2_common/hardware_flash/flash.c.o
 .time_critical.flash_save_hardware_state
                0x20000288       0x20 CMakeFiles/02_echo.dir/Users/milanatroanova/Repositories/pico/pico-sdk/src/rp2_common/hardware_flash/flash.c.o
 .time_critical.flash_restore_hardware_state
                0x200002a8       0x20 CMakeFiles/02_echo.dir/Users/milanatroanova/Repositories/pico/pico-sdk/src/rp2_common/hardware_flash/flash.c.o
 .time_critical.flash_cs_force
                0x200002c8       0x38 CMakeFiles/02_echo.dir/Users/milanatroanova/Repositories/pico/pico-sdk/src/rp2_common/hardware_flash/flash.c.o
 .time_critical.flash_do_cmd
                0x20000300      0x124 CMakeFiles/02_echo.dir/Users/milanatroanova/Repositories/pico/pico-sdk/src/rp2_common/hardware_flash/flash.c.o
                0x20000300                flash_do_cmd
 .time_critical.reset_non_control_endpoints
                0x20000424       0x68 CMakeFiles/02_echo.dir/Users/milanatroanova/Repositories/pico/pico-sdk/lib/tinyusb/src/portable/raspberrypi/rp2040/dcd_rp2040.c.o
 .time_critical.hw_handle_buff_status
                0x2000048c       0x88 CMakeFiles/02_echo.dir/Users/milanatroanova/Repositories/pico/pico-sdk/lib/tinyusb/src/portable/raspberrypi/rp2040/dcd_rp2040.c.o
 .time_critical.dcd_rp2040_irq
                0x20000514      0x53c CMakeFiles/02_echo.dir/Users/milanatroanova/Repositories/pico/pico-sdk/lib/tinyusb/src/portable/raspberrypi/rp2040/dcd_rp2040.c.o
 .time_critical.prepare_ep_buffer
                0x20000a50       0xc4 CMakeFiles/02_echo.dir/Users/milanatroanova/Repositories/pico/pico-sdk/lib/tinyusb/src/portable/raspberrypi/rp2040/rp2040_usb.c.o
 .time_critical.sync_ep_buffer
                0x20000b14       0xa0 CMakeFiles/02_echo.dir/Users/milanatroanova/Repositories/pico/pico-sdk/lib/tinyusb/src/portable/raspberrypi/rp2040/rp2040_usb.c.o
 .time_critical._hw_endpoint_xfer_sync
                0x20000bb4       0x28 CMakeFiles/02_echo.dir/Users/milanatroanova/Repositories/pico/pico-sdk/lib/tinyusb/src/portable/raspberrypi/rp2040/rp2040_usb.c.o
 .time_critical.e15_is_bulkin_ep
                0x20000bdc       0x28 CMakeFiles/02_echo.dir/Users/milanatroanova/Repositories/pico/pico-sdk/lib/tinyusb/src/portable/raspberrypi/rp2040/rp2040_usb.c.o
 .time_critical.e15_is_critical_frame_period
                0x20000c04       0x30 CMakeFiles/02_echo.dir/Users/milanatroanova/Repositories/pico/pico-sdk/lib/tinyusb/src/portable/raspberrypi/rp2040/rp2040_usb.c.o
 .time_critical.hw_endpoint_reset_transfer
                0x20000c34        0xc CMakeFiles/02_echo.dir/Users/milanatroanova/Repositories/pico/pico-sdk/lib/tinyusb/src/portable/raspberrypi/rp2040/rp2040_usb.c.o
                0x20000c34                hw_endpoint_reset_transfer
 .time_critical._hw_endpoint_buffer_control_update32
                0x20000c40       0x50 CMakeFiles/02_echo.dir/Users/milanatroanova/Repositories/pico/pico-sdk/lib/tinyusb/src/portable/raspberrypi/rp2040/rp2040_usb.c.o
                0x20000c40                _hw_endpoint_buffer_control_update32
 .time_critical.hw_endpoint_start_next_buffer
                0x20000c90       0x68 CMakeFiles/02_echo.dir/Users/milanatroanova/Repositories/pico/pico-sdk/lib/tinyusb/src/portable/raspberrypi/rp2040/rp2040_usb.c.o
                0x20000c90                hw_endpoint_start_next_buffer
 .time_critical.hw_endpoint_xfer_continue
                0x20000cf8       0x40 CMakeFiles/02_echo.dir/Users/milanatroanova/Repositories/pico/pico-sdk/lib/tinyusb/src/portable/raspberrypi/rp2040/rp2040_usb.c.o
                0x20000cf8                hw_endpoint_xfer_continue
 .time_critical.tinyusb
                0x20000d38      0x1d8 CMakeFiles/02_echo.dir/Users/milanatroanova/Repositories/pico/pico-sdk/lib/tinyusb/src/device/usbd.c.o
                0x20000d38                dcd_event_handler
 *(.text*)
 .text          0x20000f10        0x4 /Applications/ArmGNUToolchain/15.2.rel1/arm-none-eabi/bin/../lib/gcc/arm-none-eabi/15.2.1/thumb/v6-m/nofp/libgcc.a(_dvmd_tls.o)
                0x20000f10                __aeabi_ldiv0
                0x20000f10                __aeabi_idiv0
 *fill*         0x20000f14        0x4 
 .text.__stub   0x20000f18       0x80 linker stubs
                0x20000f98                        . = ALIGN (0x4)
 *(.rodata*)
                0x20000f98                        . = ALIGN (0x4)
 *(.data*)
 .data.striped_spin_lock_num
                0x20000f98        0x1 CMakeFiles/02_echo.dir/Users/milanatroanova/Repositories/pico/pico-sdk/src/rp2_common/hardware_sync/sync.c.o
 *fill*         0x20000f99        0x3 
 .data          0x20000f9c       0x48 CMakeFiles/02_echo.dir/Users/milanatroanova/Repositories/pico/pico-sdk/src/rp2_common/hardware_irq/irq_handler_chain.S.o
                0x20000f9c                irq_handler_chain_slots
                0x20000fcc                irq_handler_chain_first_slot
                0x20000fd6                irq_handler_chain_remove_tail
 .data.default_alarm_pool
                0x20000fe4       0x18 CMakeFiles/02_echo.dir/Users/milanatroanova/Repositories/pico/pico-sdk/src/common/pico_time/time.c.o
 *fill*         0x20000ffc        0x4 
 .data.aeabi_bits_funcs
                0x20001000       0x10 CMakeFiles/02_echo.dir/Users/milanatroanova/Repositories/pico/pico-sdk/src/rp2_common/pico_bit_ops/bit_ops_aeabi.S.o
                0x20001000                aeabi_bits_funcs
                0x20001010                aeabi_bits_funcs_end
 .data.aeabi_mem_funcs
                0x20001010       0x10 CMakeFiles/02_echo.dir/Users/milanatroanova/Repositories/pico/pico-sdk/src/rp2_common/pico_mem_ops/mem_ops_aeabi.S.o
                0x20001010                aeabi_mem_funcs
                0x20001020                aeabi_mem_funcs_end
 .data.stdio_usb
                0x20001020       0x18 CMakeFiles/02_echo.dir/Users/milanatroanova/Repositories/pico/pico-sdk/src/rp2_common/pico_stdio_usb/stdio_usb.c.o
                0x20001020                stdio_usb
 .data._usbd_qdef
                0x20001038       0x1c CMakeFiles/02_echo.dir/Users/milanatroanova/Repositories/pico/pico-sdk/lib/tinyusb/src/device/usbd.c.o
                0x20001038                _usbd_qdef
 .data._usbd_rhport
                0x20001054        0x1 CMakeFiles/02_echo.dir/Users/milanatroanova/Repositories/pico/pico-sdk/lib/tinyusb/src/device/usbd.c.o
                0x20001058                        . = ALIGN (0x4)
 *fill*         0x20001055        0x3 
 *(.after_data.*)
                0x20001058                        . = ALIGN (0x4)
                0x20001058                        PROVIDE (__mutex_array_start = .)
 *(SORT_BY_NAME(.mutex_array.*))
 *(.mutex_array)
 .mutex_array   0x20001058        0x8 CMakeFiles/02_echo.dir/Users/milanatroanova/Repositories/pico/pico-sdk/src/rp2_common/pico_stdio/stdio.c.o
                0x20001060                        PROVIDE (__mutex_array_end = .)
                0x20001060                        . = ALIGN (0x4)
 *(.jcr)
                0x20001060                        . = ALIGN (0x4)

.tm_clone_table
                0x20001060        0x0 load address 0x1000817c
 .tm_clone_table
                0x20001060        0x0 /Applications/ArmGNUToolchain/15.2.rel1/arm-none-eabi/bin/../lib/gcc/arm-none-eabi/15.2.1/thumb/v6-m/nofp/crtbegin.o
 .tm_clone_table
                0x20001060        0x0 /Applications/ArmGNUToolchain/15.2.rel1/arm-none-eabi/bin/../lib/gcc/arm-none-eabi/15.2.1/thumb/v6-m/nofp/crtend.o

.igot.plt       0x20001060        0x0 load address 0x1000817c
 .igot.plt      0x20001060        0x0 /Applications/ArmGNUToolchain/15.2.rel1/arm-none-eabi/bin/../lib/gcc/arm-none-eabi/15.2.1/thumb/v6-m/nofp/crtbegin.o

.tdata          0x20001060        0x0 load address 0x1000817c
                0x20001060                        . = ALIGN (0x4)
 *(.tdata .tdata.* .gnu.linkonce.td.*)
                0x20001060                        __tdata_end = .
                0x20001060                        PROVIDE (__data_end__ = .)
                0x100071dc                        __etext = LOADADDR (.data)

.tbss           0x20001060        0x0 load address 0x1000817c
                0x20001060                        . = ALIGN (0x4)
                0x20001060                        __bss_start__ = .
                0x20001060                        __tls_base = .
 *(.tbss .tbss.* .gnu.linkonce.tb.*)
 *(.tcommon)
                0x20001060                        __tls_end = .

.bss            0x20001060      0xefc load address 0x1000817c
                0x20001060                        . = ALIGN (0x4)
                0x20001060                        __tbss_end = .
 *(SORT_BY_ALIGNMENT(SORT_BY_NAME(.bss*)))
 .bss._cdcd_itf
                0x20001060       0xc8 CMakeFiles/02_echo.dir/Users/milanatroanova/Repositories/pico/pico-sdk/lib/tinyusb/src/class/cdc/cdc_device.c.o
 .bss.default_alarm_pool_entries
                0x20001128      0x180 CMakeFiles/02_echo.dir/Users/milanatroanova/Repositories/pico/pico-sdk/src/common/pico_time/time.c.o
 .bss.last_avail_time.1
                0x200012a8        0x8 CMakeFiles/02_echo.dir/Users/milanatroanova/Repositories/pico/pico-sdk/src/rp2_common/pico_stdio_usb/stdio_usb.c.o
 .bss.sd_table  0x200012b0      0x100 CMakeFiles/02_echo.dir/Users/milanatroanova/Repositories/pico/pico-sdk/src/rp2_common/pico_double/double_init_rom_rp2040.c.o
                0x200012b0                sd_table
 .bss.sf_table  0x200013b0      0x100 CMakeFiles/02_echo.dir/Users/milanatroanova/Repositories/pico/pico-sdk/src/rp2_common/pico_float/float_init_rom_rp2040.c.o
                0x200013b0                sf_table
 .bss._app_driver
                0x200014b0        0x4 CMakeFiles/02_echo.dir/Users/milanatroanova/Repositories/pico/pico-sdk/lib/tinyusb/src/device/usbd.c.o
 .bss._cdcd_epbuf
                0x200014b4       0x80 CMakeFiles/02_echo.dir/Users/milanatroanova/Repositories/pico/pico-sdk/lib/tinyusb/src/class/cdc/cdc_device.c.o
 .bss._cdcd_fifo_cfg
                0x20001534        0x1 CMakeFiles/02_echo.dir/Users/milanatroanova/Repositories/pico/pico-sdk/lib/tinyusb/src/class/cdc/cdc_device.c.o
 *fill*         0x20001535        0x3 
 .bss._ctrl_epbuf
                0x20001538       0x40 CMakeFiles/02_echo.dir/Users/milanatroanova/Repositories/pico/pico-sdk/lib/tinyusb/src/device/usbd_control.c.o
 .bss._ctrl_xfer
                0x20001578       0x14 CMakeFiles/02_echo.dir/Users/milanatroanova/Repositories/pico/pico-sdk/lib/tinyusb/src/device/usbd_control.c.o
 .bss._tusb_rhport_role
                0x2000158c        0x2 CMakeFiles/02_echo.dir/Users/milanatroanova/Repositories/pico/pico-sdk/lib/tinyusb/src/tusb.c.o
                0x2000158c                _tusb_rhport_role
 *fill*         0x2000158e        0x2 
 .bss._ubsd_mutexdef
                0x20001590        0x8 CMakeFiles/02_echo.dir/Users/milanatroanova/Repositories/pico/pico-sdk/lib/tinyusb/src/device/usbd.c.o
 .bss._usbd_dev
                0x20001598       0x54 CMakeFiles/02_echo.dir/Users/milanatroanova/Repositories/pico/pico-sdk/lib/tinyusb/src/device/usbd.c.o
 .bss._usbd_mutex
                0x200015ec        0x4 CMakeFiles/02_echo.dir/Users/milanatroanova/Repositories/pico/pico-sdk/lib/tinyusb/src/device/usbd.c.o
 .bss._usbd_q   0x200015f0        0x4 CMakeFiles/02_echo.dir/Users/milanatroanova/Repositories/pico/pico-sdk/lib/tinyusb/src/device/usbd.c.o
 .bss._usbd_qdef_buf
                0x200015f4       0xc0 CMakeFiles/02_echo.dir/Users/milanatroanova/Repositories/pico/pico-sdk/lib/tinyusb/src/device/usbd.c.o
                0x200015f4                _usbd_qdef_buf
 .bss._vendord_epbuf
                0x200016b4       0x80 CMakeFiles/02_echo.dir/Users/milanatroanova/Repositories/pico/pico-sdk/lib/tinyusb/src/class/vendor/vendor_device.c.o
 .bss._vendord_itf
                0x20001734      0x24c CMakeFiles/02_echo.dir/Users/milanatroanova/Repositories/pico/pico-sdk/lib/tinyusb/src/class/vendor/vendor_device.c.o
 .bss.boot2_copyout
                0x20001980      0x100 CMakeFiles/02_echo.dir/Users/milanatroanova/Repositories/pico/pico-sdk/src/rp2_common/hardware_flash/flash.c.o
 .bss.chars_available_callback
                0x20001a80        0x4 CMakeFiles/02_echo.dir/Users/milanatroanova/Repositories/pico/pico-sdk/src/rp2_common/pico_stdio_usb/stdio_usb.c.o
 .bss.chars_available_param
                0x20001a84        0x4 CMakeFiles/02_echo.dir/Users/milanatroanova/Repositories/pico/pico-sdk/src/rp2_common/pico_stdio_usb/stdio_usb.c.o
 .bss.claimed   0x20001a88        0x4 CMakeFiles/02_echo.dir/Users/milanatroanova/Repositories/pico/pico-sdk/src/rp2_common/hardware_sync/sync.c.o
 .bss.claimed   0x20001a8c        0x1 CMakeFiles/02_echo.dir/Users/milanatroanova/Repositories/pico/pico-sdk/src/rp2_common/hardware_timer/timer.c.o
 *fill*         0x20001a8d        0x3 
 .bss.configured_freq
                0x20001a90       0x28 CMakeFiles/02_echo.dir/Users/milanatroanova/Repositories/pico/pico-sdk/src/rp2_common/hardware_clocks/clocks.c.o
 .bss.desc_str.0
                0x20001ab8       0x28 CMakeFiles/02_echo.dir/Users/milanatroanova/Repositories/pico/pico-sdk/src/rp2_common/pico_stdio_usb/stdio_usb_descriptors.c.o
 .bss.drivers   0x20001ae0        0x4 CMakeFiles/02_echo.dir/Users/milanatroanova/Repositories/pico/pico-sdk/src/rp2_common/pico_stdio/stdio.c.o
 .bss.e15_last_sof
                0x20001ae4        0x4 CMakeFiles/02_echo.dir/Users/milanatroanova/Repositories/pico/pico-sdk/lib/tinyusb/src/portable/raspberrypi/rp2040/rp2040_usb.c.o
                0x20001ae4                e15_last_sof
 .bss.filter    0x20001ae8        0x4 CMakeFiles/02_echo.dir/Users/milanatroanova/Repositories/pico/pico-sdk/src/rp2_common/pico_stdio/stdio.c.o
 .bss.hw_endpoints
                0x20001aec      0x400 CMakeFiles/02_echo.dir/Users/milanatroanova/Repositories/pico/pico-sdk/lib/tinyusb/src/portable/raspberrypi/rp2040/dcd_rp2040.c.o
 .bss.lazy_vsnprintf
                0x20001eec        0x4 CMakeFiles/02_echo.dir/Users/milanatroanova/Repositories/pico/pico-sdk/src/rp2_common/pico_printf/printf.c.o
 .bss.load_value
                0x20001ef0        0x4 CMakeFiles/02_echo.dir/Users/milanatroanova/Repositories/pico/pico-sdk/src/rp2_common/hardware_watchdog/watchdog.c.o
 .bss.next_buffer_ptr
                0x20001ef4        0x4 CMakeFiles/02_echo.dir/Users/milanatroanova/Repositories/pico/pico-sdk/lib/tinyusb/src/portable/raspberrypi/rp2040/dcd_rp2040.c.o
 .bss.object.0  0x20001ef8       0x18 /Applications/ArmGNUToolchain/15.2.rel1/arm-none-eabi/bin/../lib/gcc/arm-none-eabi/15.2.1/thumb/v6-m/nofp/crtbegin.o
 .bss.one_shot_timer_crit_sec
                0x20001f10        0x8 CMakeFiles/02_echo.dir/Users/milanatroanova/Repositories/pico/pico-sdk/src/rp2_common/pico_stdio_usb/stdio_usb.c.o
 .bss.pools     0x20001f18       0x10 CMakeFiles/02_echo.dir/Users/milanatroanova/Repositories/pico/pico-sdk/src/common/pico_time/time.c.o
 .bss.retrieved_id
                0x20001f28        0x8 CMakeFiles/02_echo.dir/Users/milanatroanova/Repositories/pico/pico-sdk/src/rp2_common/pico_unique_id/unique_id.c.o
 .bss.sf_clz_func
                0x20001f30        0x4 CMakeFiles/02_echo.dir/Users/milanatroanova/Repositories/pico/pico-sdk/src/rp2_common/pico_double/double_init_rom_rp2040.c.o
                0x20001f30                sf_clz_func
 .bss.sleep_notifier
                0x20001f34        0x4 CMakeFiles/02_echo.dir/Users/milanatroanova/Repositories/pico/pico-sdk/src/common/pico_time/time.c.o
 .bss.stdio_usb_mutex
                0x20001f38        0x8 CMakeFiles/02_echo.dir/Users/milanatroanova/Repositories/pico/pico-sdk/src/rp2_common/pico_stdio_usb/stdio_usb.c.o
 .bss.usbd_serial_str
                0x20001f40       0x11 CMakeFiles/02_echo.dir/Users/milanatroanova/Repositories/pico/pico-sdk/src/rp2_common/pico_stdio_usb/stdio_usb_descriptors.c.o
 .bss._app_driver_count
                0x20001f51        0x1 CMakeFiles/02_echo.dir/Users/milanatroanova/Repositories/pico/pico-sdk/lib/tinyusb/src/device/usbd.c.o
 .bss._sof_enable
                0x20001f52        0x1 CMakeFiles/02_echo.dir/Users/milanatroanova/Repositories/pico/pico-sdk/lib/tinyusb/src/portable/raspberrypi/rp2040/dcd_rp2040.c.o
 .bss._usbd_queued_setup
                0x20001f53        0x1 CMakeFiles/02_echo.dir/Users/milanatroanova/Repositories/pico/pico-sdk/lib/tinyusb/src/device/usbd.c.o
 .bss.boot2_copyout_valid
                0x20001f54        0x1 CMakeFiles/02_echo.dir/Users/milanatroanova/Repositories/pico/pico-sdk/src/rp2_common/hardware_flash/flash.c.o
 .bss.irq_handler_chain_free_slot_head
                0x20001f55        0x1 CMakeFiles/02_echo.dir/Users/milanatroanova/Repositories/pico/pico-sdk/src/rp2_common/hardware_irq/irq.c.o
 .bss.itf_num   0x20001f56        0x1 CMakeFiles/02_echo.dir/Users/milanatroanova/Repositories/pico/pico-sdk/src/rp2_common/pico_stdio_usb/reset_interface.c.o
 .bss.low_priority_irq_num
                0x20001f57        0x1 CMakeFiles/02_echo.dir/Users/milanatroanova/Repositories/pico/pico-sdk/src/rp2_common/pico_stdio_usb/stdio_usb.c.o
 .bss.one_shot_timer_pending
                0x20001f58        0x1 CMakeFiles/02_echo.dir/Users/milanatroanova/Repositories/pico/pico-sdk/src/rp2_common/pico_stdio_usb/stdio_usb.c.o
 .bss.user_irq_claimed
                0x20001f59        0x1 CMakeFiles/02_echo.dir/Users/milanatroanova/Repositories/pico/pico-sdk/src/rp2_common/hardware_irq/irq.c.o
 *(COMMON)
                0x20001f5c                        . = ALIGN (0x4)
 *fill*         0x20001f5a        0x2 
                0x20001f5c                        __bss_end__ = .

.heap           0x20001f5c      0x800 load address 0x1000817c
                0x20001f5c                        __end__ = .
                0x20001f5c                        end = __end__
 *(.heap*)
 .heap          0x20001f5c      0x800 CMakeFiles/02_echo.dir/Users/milanatroanova/Repositories/pico/pico-sdk/src/rp2_common/pico_crt0/crt0.S.o
                0x20040000                        __HeapLimit = (ORIGIN (RAM) + LENGTH (RAM))

.scratch_x      0x20040000        0x0 load address 0x1000817c
                0x20040000                        __scratch_x_start__ = .
 *(.scratch_x.*)
                0x20040000                        . = ALIGN (0x4)
                0x20040000                        __scratch_x_end__ = .
                0x1000817c                        __scratch_x_source__ = LOADADDR (.scratch_x)

.scratch_y      0x20041000        0x0 load address 0x1000817c
                0x20041000                        __scratch_y_start__ = .
 *(.scratch_y.*)
                0x20041000                        . = ALIGN (0x4)
                0x20041000                        __scratch_y_end__ = .
                0x1000817c                        __scratch_y_source__ = LOADADDR (.scratch_y)

.stack1_dummy
 *(.stack1*)

.stack_dummy    0x20041000      0x800
 *(.stack*)
 .stack         0x20041000      0x800 CMakeFiles/02_echo.dir/Users/milanatroanova/Repositories/pico/pico-sdk/src/rp2_common/pico_crt0/crt0.S.o

.rel.dyn        0x20041800        0x0
 .rel.iplt      0x20041800        0x0 /Applications/ArmGNUToolchain/15.2.rel1/arm-none-eabi/bin/../lib/gcc/arm-none-eabi/15.2.1/thumb/v6-m/nofp/crtbegin.o

.flash_end      0x1000817c        0x0
 *(.embedded_end_block*)
                0x1000817c                        PROVIDE (__flash_binary_end = .)
                0x20040000                        __StackLimit = (ORIGIN (RAM) + LENGTH (RAM))
                0x20041000                        __StackOneTop = (ORIGIN (SCRATCH_X) + LENGTH (SCRATCH_X))
                0x20042000                        __StackTop = (ORIGIN (SCRATCH_Y) + LENGTH (SCRATCH_Y))
                0x20041000                        __StackOneBottom = (__StackOneTop - SIZEOF (.stack1_dummy))
                0x20041800                        __StackBottom = (__StackTop - SIZEOF (.stack_dummy))
                0x20042000                        PROVIDE (__stack = __StackTop)
                [!provide]                        PROVIDE (__heap_start = __end__)
                [!provide]                        PROVIDE (__heap_end = __HeapLimit)
                [!provide]                        PROVIDE (__tls_align = MAX (ALIGNOF (.tdata), ALIGNOF (.tbss)))
                [!provide]                        PROVIDE (__tls_size_align = (((__tls_size + __tls_align) - 0x1) & ~ ((__tls_align - 0x1))))
                [!provide]                        PROVIDE (__arm32_tls_tcb_offset = MAX (0x8, __tls_align))
                [!provide]                        PROVIDE (_end = __end__)
                [!provide]                        PROVIDE (__llvm_libc_heap_limit = __HeapLimit)
                0x00000001                        ASSERT ((__StackLimit >= __HeapLimit), region RAM overflowed)
                0x00000001                        ASSERT (((__binary_info_header_end - __logical_binary_start) <= 0x100), Binary info must be in first 256 bytes of the binary)
LOAD CMakeFiles/02_echo.dir/main.c.o
LOAD CMakeFiles/02_echo.dir/Users/milanatroanova/Repositories/pico/pico-sdk/src/rp2_common/pico_stdlib/stdlib.c.o
LOAD CMakeFiles/02_echo.dir/Users/milanatroanova/Repositories/pico/pico-sdk/src/rp2_common/hardware_gpio/gpio.c.o
LOAD CMakeFiles/02_echo.dir/Users/milanatroanova/Repositories/pico/pico-sdk/src/rp2040/pico_platform/platform.c.o
LOAD CMakeFiles/02_echo.dir/Users/milanatroanova/Repositories/pico/pico-sdk/src/rp2_common/pico_platform_common/common.c.o
LOAD CMakeFiles/02_echo.dir/Users/milanatroanova/Repositories/pico/pico-sdk/src/rp2_common/pico_platform_panic/panic.c.o
LOAD CMakeFiles/02_echo.dir/Users/milanatroanova/Repositories/pico/pico-sdk/src/common/hardware_claim/claim.c.o
LOAD CMakeFiles/02_echo.dir/Users/milanatroanova/Repositories/pico/pico-sdk/src/rp2_common/hardware_sync/sync.c.o
LOAD CMakeFiles/02_echo.dir/Users/milanatroanova/Repositories/pico/pico-sdk/src/rp2_common/hardware_sync_spin_lock/sync_spin_lock.c.o